=== n=3 R=4 mode=sup; FINITE EVIDENCE, modes=61 order=64 ===
  metric=euclidean; A from 60-digit analytic block integrals; independent direct f*h quadrature
  P1: finite-sum vs finite-step FD errors
    t=0: Q=-4.757302036915e-04  direct integral f*h=-2.48463817212726485223111112536e-18
      h=1.0e-02 Q_FD=-4.757379355464e-04 abs_error=7.732e-09 rel_error=1.6252340542516955e-05
      h=1.0e-03 Q_FD=-4.757379371293e-04 abs_error=7.733e-09 rel_error=1.6255667720700376e-05
      h=1.0e-04 Q_FD=-4.757379371451e-04 abs_error=7.733e-09 rel_error=1.6255700992507167e-05
    t=1: Q=-4.153982374677e-03  direct integral f*h=3.18392679971235782395877679608e-17
      h=1.0e-02 Q_FD=-4.154023693498e-03 abs_error=4.132e-08 rel_error=9.946698344267512e-06
      h=1.0e-03 Q_FD=-4.154023744382e-03 abs_error=4.137e-08 rel_error=9.958947629330353e-06
      h=1.0e-04 Q_FD=-4.154023744891e-03 abs_error=4.137e-08 rel_error=9.959070122106386e-06
    t=2: Q=-8.104939534353e-03  direct integral f*h=1.04183157797652073802125477314e-17
      h=1.0e-02 Q_FD=-8.104991899790e-03 abs_error=5.237e-08 rel_error=6.460886985298373e-06
      h=1.0e-03 Q_FD=-8.104992115587e-03 abs_error=5.258e-08 rel_error=6.487512086097312e-06
      h=1.0e-04 Q_FD=-8.104992117745e-03 abs_error=5.258e-08 rel_error=6.487778337179473e-06
  P2: 8 sampled tangent directions (no definiteness claim)
    t=0: Q=-7.806914039373e+01  direct integral f*h=-1.14738867052628197850547344288e-15
    t=1: Q=-4.095123402255e+01  direct integral f*h=-2.7027597241436840296336863904e-15
    t=2: Q=-3.079449815729e+02  direct integral f*h=-4.98192521127334041993799281726e-15
    t=3: Q=-3.626248504915e+01  direct integral f*h=-5.16311137603298512118875984651e-15
    t=4: Q=-1.486467000341e+02  direct integral f*h=3.55596263189524662315976706946e-15
    t=5: Q=-3.254217142670e+01  direct integral f*h=4.26430509460786280633143358271e-16
    t=6: Q=-6.336951212177e+00  direct integral f*h=-2.03717930591802965627372460137e-15
    t=7: Q=-2.766520896620e+02  direct integral f*h=-2.23525902907129319007439384827e-15
    sampled signs: [-1. -1. -1. -1. -1. -1. -1. -1.] (finite samples only)
  P2b: integral-based trig projection, shared robustness changes only:
    t=0: Q=-1.114558530330e+03 direct integral f*h=1.95649786089574837507216666006e-13
    t=1: Q=-8.587623694785e+01 direct integral f*h=1.30129973512711011646536822943e-13
    t=2: Q=-8.857949006191e+02 direct integral f*h=2.99863422632506888067575028551e-13
    t=3: Q=-4.958454957142e+01 direct integral f*h=1.19647001669276608059672419435e-13
    t=4: Q=-2.628084397667e+02 direct integral f*h=1.45835953171348038508197051438e-13
    t=5: Q=-2.201988343529e+02 direct integral f*h=-2.29578993844480850313417216626e-13
  P3: fixed bump half-width 5.000e-04; no limiting or sign theorem:
    t=0 Q_edge=-1.30501172e+04 Q_linear_bump=6.72462507e+03 half_accel=-1.95567579e+04 finite_diff=-2.180e+02
    t=1 Q_edge=-3.97652559e+04 Q_linear_bump=-3.34698240e+03 half_accel=-3.59404357e+04 finite_diff=-4.778e+02
    t=2 Q_edge=-1.26779228e+04 Q_linear_bump=-1.52603449e+03 half_accel=-1.10091405e+04 finite_diff=-1.427e+02
