PASS B1 decreasing [0.655,1.0472]
PASS B1(0.85) >= 1/200
PASS B1(0.86) <= -1/50
PASS B2 < 0
PASS M < 0
PASS B4 > 0
PASS G5 > 0
PASS Qhi < 0
PASS TA_B2 >= 27/10 on [0.723,0.724]
PASS TC >= 19/10 on [0.82,0.83]
PASS Qlo increasing
PASS F increasing [1.0014,1.0472]
PASS TA_B2 inc [0.655,0.72]
PASS TA_B2 inc [0.72,0.723]
PASS TA_B2 dec [0.724,0.73]
PASS TA_B2 dec [0.73,0.85]
PASS TA_B2 dec [0.85,0.86]
PASS TA_M dec [0.85,0.86]
PASS TA_M dec [0.86,1.0472]
PASS TB decreasing
PASS TC inc [0.655,0.82]
PASS TC dec [0.83,1.0472]
PASS TA_B2(0.655) >= 11/5
PASS TA_B2(0.72) >= 13/5
PASS TA_B2(0.73) >= 13/5
PASS TA_B2(0.82) >= 2
PASS TA_B2(0.83) >= 2
PASS TA_B2(0.85) >= 19/10
PASS TA_B2(0.86) >= 47/25
PASS TA_M(0.86) >= 9/5
PASS TA_M(1.0014) >= 3/5
PASS TA_M(1.0472) >= 3/8
PASS TB(0.72) >= 3/10
PASS TB(0.73) >= 3/10
PASS TB(0.82) >= 3/20
PASS TB(0.83) >= 3/20
PASS TB(0.85) >= 1/10
PASS TB(0.86) >= 1/10
PASS TB(1.0014) >= 1/25
PASS TB(1.0472) >= 1/40
PASS TC(0.655) >= 57/50
PASS TC(0.72) >= 3/2
PASS TC(0.73) >= 3/2
PASS TC(0.85) >= 19/10
PASS TC(0.86) >= 19/10
PASS TC(1.0014) >= 4/3
PASS TC(1.0472) >= 11/10
PASS B4(1.0472) >= 9/25
PASS Qlo(1.0014) <= -1/10000
PASS Qlo(1.0472) <= 33/200
PASS F(1.0472) <= 63/100
PASS tau(1.0472) < 13/10
PASS h(gamma) >= m at 0.655
PASS h(13/10) >= m
PASS h(gamma) >= m
PASS h(tau) >= m
PASS h(t) >= m on [0.655,13/10]
{"status": "PASS", "ledger_sha256": "74fb3e161012cdbce2083b60efc9e3919fccd2304d9d9cd1001b96f415df96f1", "facts": 57, "started_unix": 1790513859.6808097, "elapsed_seconds": 173.83207488059998, "source_sha256": {"rigid1d.py": "3a34bdd9d839c542d004933fabbd15aca4908cef04cf54f076fe4a1b74f80be2", "e1_certgen.py": "db92fc5dbeaa0f2ec5f399320210d7d4246c08b7e146d86d8602ba1429bdb829", "e1_certificate_io.py": "65bab32c155fae9402b35a10d1c482c220cbf85648ae133e9a219cdd39c3a940"}}
