{
  "role": "mathematics-and-Lean-author",
  "final_source": "/mnt/f/tools/math-audit-round10-20260925/formal-author/project/AuditRound10.lean",
  "final_source_sha256": "821e19a77ed105f1642cd7dcc660a9992fa05fe0fa40e1021eaca24a178e8bc7",
  "root": "AuditRound10.root",
  "root_contract_sha256": "8d24a64383e51b5fd859c09c3a77febd4218092de5bd7daebdeee01ed0325d40",
  "machine_verification_passed": true,
  "exact_root_passed": true,
  "axioms": [
    "propext",
    "Classical.choice",
    "Quot.sound"
  ],
  "comparison_status": "matched",
  "loaded_module_count": 4162,
  "independent_readback": "pending coordinator dispatch",
  "independent_semantic_verification": "pending coordinator dispatch",
  "full_project_build": "not run",
  "core_source_contains_open_placeholders": false,
  "negative_controls": {
    "negative-flip-01": 1,
    "negative-reflection-01": 1,
    "negative-index-01": 1
  },
  "positive_counterexample_proofs": "positive-refutations-02",
  "durable_job": {
    "job_id": "exact-root-02-durable",
    "state": "SUCCEEDED"
  },
  "verifier_manifest": "/mnt/f/tools/math-audit-round10-20260925/formal-author/evidence/exact-root-02/run-manifest.json",
  "verifier_manifest_sha256": "b3f2c19e27411d3e474d3cd6449fc80eefcbf0c25dcc7d59aeb9495d063c9d96",
  "blind_packet": "formal-only/packet.json",
  "blind_packet_sha256": "cc89ffd236b06fd00cc67f88604909d36b75073fbf6648f85a2738414ccbfddc",
  "contract": "HUMAN-CONTRACT.md",
  "contract_sha256": "97c78fb10b8621b86efb6fff840f4dea2da5cc1b8c576fa60c33ec99a7d920de"
}
