CONFIRMED: 05 lower endpoint is strictly below a(3/8)
CONFIRMED: 05 genuine upper endpoint is above a(3/8)
CONFIRMED: cot_iv misses its exact point value
CONFIRMED: 19 f_cell raw v1 is not an enclosing lower bound
CONFIRMED: 19 grid ends strictly below mathematical pi
CONFIRMED: 16 Region B has an uncovered curved-boundary strip
CONFIRMED: 16 Region D starts above the needed curved boundary
CONFIRMED: 16 Region A explicitly starts at 1e-9, not zero
CONFIRMED: 16 stated analytic D-tail excludes a nonempty wcap<w<1/2 strip
CONFIRMED: theta2 is at most pi/20 for R=1600,u=1/1600
CONFIRMED: elementary three-region replacement for B(t)<=9
CONFIRMED: Cz<0.337 independently certified
CONFIRMED: main scalar ratio <0.8256 has exact rational replacement
CONFIRMED: T2 three symbolic sign-chain identities
CONFIRMED: T3 root of G bracketed by exact rational trigonometric bounds
CONFIRMED: Both displayed T3 enclosures are supported independently
CONFIRMED: T3 comparison with 25 and 3pi² survives
CONFIRMED: fixed-u 1/R coefficient from implicit phase derivatives
CONFIRMED: coefficient simplifies at the limiting stationary point
CONFIRMED: large-R phase numerics agree with 1/R coefficient
CONFIRMED: round7 exact n=2 Jacobian constant
CONFIRMED: round7 Wronskian identity n=1..4 regression
22 groups confirmed; output: /mnt/data/sl_audit_round8/results_optimized.json
