=== n=2 R=4.0 mode=sup; finite sampled evidence ===
  accepted pure seeds=136 rejected=0
  converged roots=110, distinct sampled roots=17
  [0] D=10.6190838256 asym=3.487e-01 band=False res=2.67e-12
  [1] D=10.6190838256 asym=3.487e-01 band=False res=1.61e-08
  [2] D=12.3370055014 asym=1.000e+00 band=False res=7.79e-11
  [3] D=12.3370055014 asym=1.000e+00 band=False res=3.93e-09
  [4] D=12.3370055014 asym=1.000e+00 band=False res=3.87e-08
  [5] D=12.3370055014 asym=9.999e-01 band=False res=4.58e-08
  [6] D=12.3370055014 asym=1.000e+00 band=False res=7.62e-08
  [7] D=12.3370055014 asym=9.999e-01 band=False res=7.61e-08
  [8] D=15.5128363351 asym=5.215e-01 band=False res=3.40e-12
  [9] D=18.3279062835 asym=4.934e-01 band=False res=1.50e-11
  [10] D=22.0960647780 asym=1.000e+00 band=False res=3.75e-11
  [11] D=38.1637958746 asym=1.000e+00 band=False res=1.35e-08
  [12] D=42.2877589549 asym=3.553e-01 band=False res=4.26e-12
  [13] D=49.3480220054 asym=2.041e-05 band=False res=6.72e-08
  [14] D=49.3480220054 asym=9.225e-06 band=False res=1.94e-08
  [15] D=49.3480220054 asym=1.110e-16 band=False res=5.70e-12
  [16] D=63.0931988343 asym=1.448e-13 band=True res=7.31e-13
=== n=2 R=4.0 mode=inf; finite sampled evidence ===
  accepted pure seeds=136 rejected=0
  converged roots=113, distinct sampled roots=11
  [0] D=9.0230378653 asym=1.513e-12 band=True res=1.42e-12
  [1] D=10.6190838256 asym=7.780e-01 band=False res=1.93e-12
  [2] D=12.3370055014 asym=1.000e+00 band=False res=6.35e-08
  [3] D=38.1637958746 asym=7.639e-01 band=False res=4.39e-11
  [4] D=42.2877589549 asym=2.436e-01 band=False res=3.49e-12
  [5] D=49.3480220054 asym=1.000e+00 band=False res=5.07e-08
  [6] D=49.3480220054 asym=1.000e+00 band=False res=4.92e-08
  [7] D=49.3480220054 asym=1.000e+00 band=False res=4.50e-09
  [8] D=49.3480220054 asym=1.000e+00 band=False res=9.19e-10
  [9] D=49.3480220054 asym=1.000e+00 band=False res=1.13e-10
  [10] D=49.3480220054 asym=1.000e+00 band=False res=1.29e-11
total wall time 62.26s
