test_batch_rechecks_have_common_source_list_and_bound_input_epoch (test_lean_develop.DevelopControls) ... ok
test_bound_prose_and_target_list_changes_invalidate (test_lean_develop.DevelopControls) ... ok
test_completed_job_or_written_report_not_inferred_as_root (test_lean_develop.DevelopControls) ... ok
test_destination_cannot_escape_project_or_use_package_tree (test_lean_develop.DevelopControls) ... ok
test_empty_candidate_rejected_and_native_gbk_json_output (test_lean_develop.DevelopControls) ... ok
test_empty_missing_duplicate_or_uncompared_targets_rejected (test_lean_develop.DevelopControls) ... ok
test_import_protocol_failure_retains_incomplete_candidate_receipt (test_lean_develop.DevelopControls) ... ok
test_job_status_cannot_accept_inputs_changed_during_terminal_rechecks (test_lean_develop.DevelopControls) ... ok
test_job_status_final_snapshot_follows_slow_binding_reads (test_lean_develop.DevelopControls) ... ok
test_loaded_python_identity_rejects_real_source_change_until_new_process (test_lean_develop.DevelopControls) ... ok
test_lsp_stale_errors_and_unavailable_are_incomplete (test_lean_develop.DevelopControls) ... ok
test_namespace_locations_and_cross_project_mathlib_search (test_lean_develop.DevelopControls) ... ok
test_overlapping_outputs_rejected_before_trial_save_verify_start_or_status (test_lean_develop.DevelopControls) ... ok
test_save_rechecks_source_and_destination_after_import_query (test_lean_develop.DevelopControls) ... ok
test_save_rejects_stale_buffer_destination_source_and_candidate (test_lean_develop.DevelopControls) ... ok
test_target_list_hash_binds_the_bytes_actually_parsed (test_lean_develop.DevelopControls) ... ok
test_tool_epoch_covers_every_strict_verifier_tool (test_lean_develop.DevelopControls) ... ok
test_truncated_or_absent_readable_type_cannot_be_derived (test_lean_develop.DevelopControls) ... ok
test_warm_server_keeps_failed_requests_incomplete_and_continues (test_lean_develop.DevelopControls) ... ok
test_windows_background_flags_and_actual_child_has_no_console (test_lean_develop.DevelopControls) ... ok
test_workflow_adapter_reuses_actual_local_job_interface (test_lean_develop.DevelopControls) ... ok

----------------------------------------------------------------------
Ran 21 tests in 6.700s

OK
