C2,iCC 0 0
C2,iSS 0 0
C2,iCS 0 0
CS,iCC 0 0
CS,iSS 0 0
CS,iCS 0 0
S2,iCC 0 0
S2,iSS 0 0
S2,iCS 0 0
pi_rational_enclosure CONFIRMED
repaired_cross_blocks_nonzero CONFIRMED
repaired_cross_determinant CONFIRMED
constant_R1_Jacobian_determinant CONFIRMED
commuting_Hessian_not_accepted_as_J CONFIRMED
repaired_narrow_J_accuracy CONFIRMED
repaired_narrow_J_actual_endpoint_check CONFIRMED
cofinite_even_right_inverse_determinant CONFIRMED
cofinite_odd_right_inverse_determinant CONFIRMED
cofinite_low_trace_matrix CONFIRMED
cofinite_K_functional_coordinate_minimum CONFIRMED
Green_primitive_C2,iCC CONFIRMED
Green_primitive_C2,iSS CONFIRMED
Green_primitive_C2,iCS CONFIRMED
Green_primitive_CS,iCC CONFIRMED
Green_primitive_CS,iSS CONFIRMED
Green_primitive_CS,iCS CONFIRMED
Green_primitive_S2,iCC CONFIRMED
Green_primitive_S2,iSS CONFIRMED
Green_primitive_S2,iCS CONFIRMED
half_D_small_N_matches_exact CONFIRMED
half_D_N80_loses_first_two CONFIRMED
half_D_non_nested_N160 CONFIRMED
half_D_first_cell_contains_exactly_two_roots CONFIRMED
half_N_small_N_matches_exact CONFIRMED
half_N_N80_N160_change_low_index CONFIRMED
wrong_pole_identity_in_nested_calls CONFIRMED
wrong_pole_produces_infinity CONFIRMED
Kprime_odd_equals_conjugated_K_even CONFIRMED
Kprime_odd_is_not_raw_K_odd_identity CONFIRMED
R4_mode_identity_from_physical_zero_count CONFIRMED
R4_stationary_transfer_and_K_symmetry CONFIRMED
R4_Green_formula_targets_Kprime_odd CONFIRMED
R4_corrected_raw_odd_Green_formula CONFIRMED
TOTAL 34 CONFIRMED
