test_illegal_projector_inputs (__main__.ReflectionTests.test_illegal_projector_inputs) ... ok
test_normalized_and_extreme_finite_directions (__main__.ReflectionTests.test_normalized_and_extreme_finite_directions) ... ok
test_odd_dimension_and_middle_interface (__main__.ReflectionTests.test_odd_dimension_and_middle_interface) ... ok
test_vector_1234_projectors_and_complementarity (__main__.ReflectionTests.test_vector_1234_projectors_and_complementarity) ... ok
test_zero_projection_is_never_a_direction (__main__.ReflectionTests.test_zero_projection_is_never_a_direction) ... ok
test_actual_recon_softmax_roundtrip_has_the_requested_sector (__main__.SeedTests.test_actual_recon_softmax_roundtrip_has_the_requested_sector) ... ok
test_asymmetric_base_is_rejected_even_if_it_is_ordered (__main__.SeedTests.test_asymmetric_base_is_rejected_even_if_it_is_ordered) ... ok
test_callback_mutation_cannot_corrupt_stored_inputs (__main__.SeedTests.test_callback_mutation_cannot_corrupt_stored_inputs) ... ok
test_clipped_same_sector_is_not_accepted_with_wrong_step (__main__.SeedTests.test_clipped_same_sector_is_not_accepted_with_wrong_step) ... ok
test_converter_introducing_wrong_sector_is_rejected (__main__.SeedTests.test_converter_introducing_wrong_sector_is_rejected) ... ok
test_converter_returning_base_is_rejected (__main__.SeedTests.test_converter_returning_base_is_rejected) ... ok
test_finite_seeded_sweep_and_reproducibility (__main__.SeedTests.test_finite_seeded_sweep_and_reproducibility) ... ok
test_geometry_without_callbacks_and_public_checker (__main__.SeedTests.test_geometry_without_callbacks_and_public_checker) ... ok
test_invalid_base_step_and_options (__main__.SeedTests.test_invalid_base_step_and_options) ... ok
test_invalid_callback_geometry_is_rejected (__main__.SeedTests.test_invalid_callback_geometry_is_rejected) ... ok
test_large_invalid_step_is_halved_without_sorting_or_clipping (__main__.SeedTests.test_large_invalid_step_is_halved_without_sorting_or_clipping) ... ok
test_public_checker_rejects_wrong_sector_and_zero_actual_move (__main__.SeedTests.test_public_checker_rejects_wrong_sector_and_zero_actual_move) ... ok
test_recon_clipping_is_detected_and_smaller_safe_step_used (__main__.SeedTests.test_recon_clipping_is_detected_and_smaller_safe_step_used) ... ok
test_tiny_nonzero_requested_step_cannot_become_fake_seed (__main__.SeedTests.test_tiny_nonzero_requested_step_cannot_become_fake_seed) ... ok
test_tolerance_symmetrization_is_explicit_and_recorded (__main__.SeedTests.test_tolerance_symmetrization_is_explicit_and_recorded) ... ok
test_zero_rng_projection_resamples_and_is_bounded (__main__.SeedTests.test_zero_rng_projection_resamples_and_is_bounded) ... ok

----------------------------------------------------------------------
Ran 21 tests in 0.312s

OK
