=== n=2 R=4 mode=inf: lam_2=17.51612249 lam_3=26.53916036 ===
    half blocks: [(np.float64(0.20288242), 4.0), (np.float64(0.20115581), 1.0), (np.float64(0.09596177), 4.0)]
C0 constant-density self-test: muD err=0.000e+00 muN err=0.000e+00
C1 muD[:4] = [ 17.51612249  63.59181473 131.18067298 246.75031819]
   muN[:4] = [  4.02056427  26.53916036 110.13482604 190.55560857]
   |lam_2 - mu_1^D| = 0.000e+00, |lam_3 - mu_2^N| = 0.000e+00
   interleaving mu_1^N < mu_1^D < mu_2^N < mu_2^D: True
C2 closed-form vs Richardson spectral (regularized at own pole):
   Gt_D: max err = 7.666e-06
   Gt_N: max err = 5.802e-06
C2 full Green at cross eigenvalue:
   G_D(mu_2^N): max err = 7.682e-06
   G_N(mu_1^D): max err = 5.801e-06
C3 cross-parity assemblies = Kp_odd = E Ke E; raw Ko is separate:
   R-205 vs collapsed assembly err = 1.776e-15
   Ko_ref (raw-K odd sector, different object) = [[-8.361762  2.438591]
 [ 2.438591 -1.404181]]
   Kp_odd_R205 = [[-8.35301   2.438387]
 [ 2.438387 -1.402384]]
   Kp_odd = [[-8.35301   2.438387]
 [ 2.438387 -1.402384]]
   Ko_closed (reduced kernels + rank-one term) = [[-1.473239 -0.766087]
 [-0.766087 -2.506851]]
   Ko_closed vs raw spectral Ko_ref err = 6.889e+00
   eig(Ko_ref) = [-9.131349 -0.634594]
   Kp_odd vs Po Kp_full Po^T err = 7.113e-04
   eig(Kp_odd) = [-9.12311  -0.632284]
   FD odd sector Ko_fd = [[-1.473239 -0.766087]
 [-0.766087 -2.506851]]
   Ko_closed vs raw Ko_fd err = 4.376e-10
   FD even sector Ke_fd = [[-8.35301  -2.438387]
 [-2.438387 -1.402384]]
   Kp_odd vs diag(1,-1) Ke_ref diag(1,-1) err = 6.871e+00
   Kp_odd vs diag(1,-1) Ke_fd diag(1,-1) err = 4.483e-10
