F:\tools\math-audit-round11-20260926\formal-author\project\AuditRound11.lean:29:28: error: expected token
F:\tools\math-audit-round11-20260926\formal-author\project\AuditRound11.lean:43:57: warning: This simp argument is unused:
  Matrix.one_mul

Hint: Omit it from the simp argument list.
  simp only [parity_basis, Matrix.fromBlocks_multiply, M̵a̵t̵r̵i̵x̵.̵o̵n̵e̵_̵m̵u̵l̵,̵Matrix.mul_one, Matrix.neg_mul,
  ̲  ̲ ̲ ̲ ̲ ̲Matrix.mul_neg, neg_neg]

Note: This linter can be disabled with `set_option linter.unusedSimpArgs false`
F:\tools\math-audit-round11-20260926\formal-author\project\AuditRound11.lean:44:22: warning: This simp argument is unused:
  Matrix.neg_mul

Hint: Omit it from the simp argument list.
  simp only [parity_basis, Matrix.fromBlocks_multiply, Matrix.one_mul, Matrix.mul_one,
  ̲  ̲ ̲ ̲ ̲ ̲M̵a̵t̵r̵i̵x̵.̵n̵e̵g̵_̵m̵u̵l̵,̵ ̵Matrix.mul_neg, neg_neg]

Note: This linter can be disabled with `set_option linter.unusedSimpArgs false`
F:\tools\math-audit-round11-20260926\formal-author\project\AuditRound11.lean:45:71: warning: This simp argument is unused:
  Pi.smul_apply

Hint: Omit it from the simp argument list.
  simp [Matrix.one_apply, Matrix.fromBlocks,̵ ̵P̵i̵.̵s̵m̵u̵l̵_̵a̵p̵p̵l̵y̵]

Note: This linter can be disabled with `set_option linter.unusedSimpArgs false`
F:\tools\math-audit-round11-20260926\formal-author\project\AuditRound11.lean:141:42: error: unsolved goals
n : ℕ
J : PairedMatrix n
h : J * reversal n = -(reversal n * J)
hz : Matrix.toBlocks₁₁ (parity_matrix J) = 0 ∧ Matrix.toBlocks₂₂ (parity_matrix J) = 0
⊢ (-1) ^ n * (Matrix.toBlocks₁₂ (parity_matrix J)).det * (Matrix.toBlocks₂₁ (parity_matrix J)).det =
    (-1) ^ n *
        (Matrix.fromBlocks 0 (Matrix.toBlocks₁₂ (parity_matrix J)) (Matrix.toBlocks₂₁ (parity_matrix J))
              0).toBlocks₁₂.det *
      (Matrix.fromBlocks 0 (Matrix.toBlocks₁₂ (parity_matrix J)) (Matrix.toBlocks₂₁ (parity_matrix J)) 0).toBlocks₂₁.det
F:\tools\math-audit-round11-20260926\formal-author\project\AuditRound11.lean:147:72: error: expected token
F:\tools\math-audit-round11-20260926\formal-author\project\AuditRound11.lean:153:18: error: expected token
