{
	"manifest": "/mnt/f/tools/math-audit-round11-20260926/formal-reviewer/stateless-a8e81148d09f/evidence/closure-positive-01/run-manifest.json",
	"files_scanned": 1,
	"hits": [
		{
			"file": "/mnt/f/tools/math-audit-round11-20260926/formal-reviewer/stateless-a8e81148d09f/closure-control-project/ClosureControl.lean",
			"line": 2,
			"kind": "axiom"
		}
	],
	"build_exit_code": 0,
	"machine_verification_passed": true,
	"exact_root_passed": true,
	"root_closure": {
		"status": "closed",
		"exact_root_passed": true,
		"declaration_closed": true,
		"scope": "expected Lean type in the recorded environment; semantic review is separate"
	},
	"semantic": {
		"status": "not_reviewed",
		"reused": false,
		"semantic_sha256": "7b41b73f9b34525830259eeb6770e5ea9c61f304b97b8069f4547570c1927360"
	}
}
