=== n=2 R=4 mode=sup; FINITE EVIDENCE, modes=61 order=64 ===
  metric=euclidean; A from 60-digit analytic block integrals; independent direct f*h quadrature
  P1: finite-sum vs finite-step FD errors
    t=0: Q=-1.997652450657e-04  direct integral f*h=-6.871702013939893688000988832e-18
      h=1.0e-02 Q_FD=-1.997674745941e-04 abs_error=2.230e-09 rel_error=1.1160617623147768e-05
      h=1.0e-03 Q_FD=-1.997674751783e-04 abs_error=2.230e-09 rel_error=1.1163542152114678e-05
      h=1.0e-04 Q_FD=-1.997674751842e-04 abs_error=2.230e-09 rel_error=1.1163571397449035e-05
    t=1: Q=-2.075335429475e-03  direct integral f*h=2.79839149026435713814749168231e-17
      h=1.0e-02 Q_FD=-2.075344146794e-03 abs_error=8.717e-09 rel_error=4.20042074760909e-06
      h=1.0e-03 Q_FD=-2.075344162467e-03 abs_error=8.733e-09 rel_error=4.2079730181706885e-06
      h=1.0e-04 Q_FD=-2.075344162624e-03 abs_error=8.733e-09 rel_error=4.208048541038723e-06
    t=2: Q=-8.349943982208e-05  direct integral f*h=-8.59900000653203179175433078127e-18
      h=1.0e-02 Q_FD=-8.350072242846e-05 abs_error=1.283e-09 rel_error=1.536042256576786e-05
      h=1.0e-03 Q_FD=-8.350072243831e-05 abs_error=1.283e-09 rel_error=1.5360540483231665e-05
      h=1.0e-04 Q_FD=-8.350072243841e-05 abs_error=1.283e-09 rel_error=1.5360541662516668e-05
  P2: 8 sampled tangent directions (no definiteness claim)
    t=0: Q=-1.269205233713e+01  direct integral f*h=-4.31872703951194142454014336581e-16
    t=1: Q=-2.979239180933e+01  direct integral f*h=-1.80190332224682230761758388192e-15
    t=2: Q=-1.580493759741e+01  direct integral f*h=-3.18092077184986898917890186813e-16
    t=3: Q=-5.849298970337e+01  direct integral f*h=-2.03040203906916202539849751207e-15
    t=4: Q=-1.919578744852e+02  direct integral f*h=-5.14521852992649558770160942441e-15
    t=5: Q=-2.973468605528e+01  direct integral f*h=1.81008723646724801088932575875e-16
    t=6: Q=-1.055917054888e+02  direct integral f*h=7.50046240611153149363807649739e-15
    t=7: Q=-1.355033923558e+02  direct integral f*h=3.0042969544559502646359654148e-15
    sampled signs: [-1. -1. -1. -1. -1. -1. -1. -1.] (finite samples only)
  P2b: integral-based trig projection, shared robustness changes only:
    t=0: Q=-4.065515491706e+01 direct integral f*h=6.30863491764527916058694831527e-15
    t=1: Q=-4.703080682808e+01 direct integral f*h=-5.21255254759298999128838082612e-14
    t=2: Q=-6.541423244097e+02 direct integral f*h=-6.58037856731106576207302661678e-14
    t=3: Q=-2.765670826860e+01 direct integral f*h=-3.84762111112469713990921645421e-14
    t=4: Q=-7.361520727832e+01 direct integral f*h=1.03288922832377108515528637036e-13
    t=5: Q=-7.253082324599e+02 direct integral f*h=2.91563232080180626638678329866e-14
  P3: fixed bump half-width 5.000e-04; no limiting or sign theorem:
    t=0 Q_edge=-9.58016220e+02 Q_linear_bump=2.26999965e+02 half_accel=-1.17179718e+03 finite_diff=-1.322e+01
    t=1 Q_edge=-1.97228493e+03 Q_linear_bump=3.81598149e+02 half_accel=-2.33228190e+03 finite_diff=-2.160e+01
    t=2 Q_edge=-8.08692833e+03 Q_linear_bump=-5.35659152e+02 half_accel=-7.46669747e+03 finite_diff=-8.457e+01
