{
	"manifest": "/mnt/f/tools/math-audit-round11-20260926/formal-author/evidence/closure-wrong-type-01/run-manifest.json",
	"files_scanned": 1,
	"hits": [
		{
			"file": "/mnt/f/tools/math-audit-round11-20260926/formal-author/closure-control-project/ClosureControl.lean",
			"line": 2,
			"kind": "axiom"
		}
	],
	"build_exit_code": 0,
	"machine_verification_passed": true,
	"exact_root_passed": false,
	"root_closure": {
		"status": "target_mismatch",
		"exact_root_passed": false,
		"reason": "the expected type or frozen definition/environment identity does not match"
	},
	"semantic": {
		"status": "not_reviewed",
		"reused": false,
		"semantic_sha256": "e1f090ff5b399b18540b329c360acf37638b06bd505c6ebbbecb5a7bcb0eff48"
	}
}
