Traceback (most recent call last):
  File "/mnt/f/tools/math-audit-round10-20260925/software-reviewer/stateless-8b23fae8-e2gp58jk/scripts/_gapn2_symmetry_recon.py", line 286, in <module>
    sys.exit(main())
             ~~~~^^
  File "/mnt/f/tools/math-audit-round10-20260925/software-reviewer/stateless-8b23fae8-e2gp58jk/scripts/_gapn2_symmetry_recon.py", line 242, in main
    with mp.Pool(processes=Args.workers) as Pool:
         ~~~~~~~^^^^^^^^^^^^^^^^^^^^^^^^
  File "/usr/lib/python3.14/multiprocessing/context.py", line 119, in Pool
    return Pool(processes, initializer, initargs, maxtasksperchild,
                context=self.get_context())
  File "/usr/lib/python3.14/multiprocessing/pool.py", line 215, in __init__
    self._repopulate_pool()
    ~~~~~~~~~~~~~~~~~~~~~^^
  File "/usr/lib/python3.14/multiprocessing/pool.py", line 306, in _repopulate_pool
    return self._repopulate_pool_static(self._ctx, self.Process,
           ~~~~~~~~~~~~~~~~~~~~~~~~~~~~^^^^^^^^^^^^^^^^^^^^^^^^^
                                        self._processes,
                                        ^^^^^^^^^^^^^^^^
    ...<3 lines>...
                                        self._maxtasksperchild,
                                        ^^^^^^^^^^^^^^^^^^^^^^^
                                        self._wrap_exception)
                                        ^^^^^^^^^^^^^^^^^^^^^
  File "/usr/lib/python3.14/multiprocessing/pool.py", line 329, in _repopulate_pool_static
    w.start()
    ~~~~~~~^^
  File "/usr/lib/python3.14/multiprocessing/process.py", line 121, in start
    self._popen = self._Popen(self)
                  ~~~~~~~~~~~^^^^^^
  File "/usr/lib/python3.14/multiprocessing/context.py", line 306, in _Popen
    return Popen(process_obj)
  File "/usr/lib/python3.14/multiprocessing/popen_forkserver.py", line 35, in __init__
    super().__init__(process_obj)
    ~~~~~~~~~~~~~~~~^^^^^^^^^^^^^
  File "/usr/lib/python3.14/multiprocessing/popen_fork.py", line 20, in __init__
    self._launch(process_obj)
    ~~~~~~~~~~~~^^^^^^^^^^^^^
  File "/usr/lib/python3.14/multiprocessing/popen_forkserver.py", line 51, in _launch
    self.sentinel, w = forkserver.connect_to_new_process(self._fds)
                       ~~~~~~~~~~~~~~~~~~~~~~~~~~~~~~~~~^^^^^^^^^^^
  File "/usr/lib/python3.14/multiprocessing/forkserver.py", line 89, in connect_to_new_process
    self.ensure_running()
    ~~~~~~~~~~~~~~~~~~~^^
  File "/usr/lib/python3.14/multiprocessing/forkserver.py", line 167, in ensure_running
    listener.bind(address)
    ~~~~~~~~~~~~~^^^^^^^^^
OSError: [Errno 95] Operation not supported
