=== n=2 R=1 mode=sup; FINITE EVIDENCE, modes=61 order=64 ===
  metric=euclidean; A from 60-digit analytic block integrals; independent direct f*h quadrature
  P1: finite-sum vs finite-step FD errors
    t=0: Q=-2.212013284878e-04  direct integral f*h=-6.07837863938064534404332590596e-18
      h=1.0e-02 Q_FD=-2.212208121575e-04 abs_error=1.948e-08 rel_error=8.807340258871662e-05
      h=1.0e-03 Q_FD=-2.212208131578e-04 abs_error=1.948e-08 rel_error=8.807792395915669e-05
      h=1.0e-04 Q_FD=-2.212208131678e-04 abs_error=1.948e-08 rel_error=8.807796917298217e-05
    t=1: Q=1.072838915936e-03  direct integral f*h=1.02905344475477261344924454577e-17
      h=1.0e-02 Q_FD=1.072828792132e-03 abs_error=1.012e-08 rel_error=9.436551448874925e-06
      h=1.0e-03 Q_FD=1.072828770968e-03 abs_error=1.014e-08 rel_error=9.45627850226243e-06
      h=1.0e-04 Q_FD=1.072828770757e-03 abs_error=1.015e-08 rel_error=9.456475772697153e-06
    t=2: Q=-3.552118277994e-04  direct integral f*h=-1.1374672985330957777600326406e-17
      h=1.0e-02 Q_FD=-3.552283850383e-04 abs_error=1.656e-08 rel_error=4.6610123401033996e-05
      h=1.0e-03 Q_FD=-3.552283859164e-04 abs_error=1.656e-08 rel_error=4.661259535979276e-05
      h=1.0e-04 Q_FD=-3.552283859252e-04 abs_error=1.656e-08 rel_error=4.6612620079343666e-05
  P2: 8 sampled tangent directions (no definiteness claim)
    t=0: Q=-1.354358962005e+00  direct integral f*h=-1.09678767408422061888307140989e-15
    t=1: Q=2.747822248387e+01  direct integral f*h=-2.90126441599044253281559555436e-15
    t=2: Q=9.543807880443e+00  direct integral f*h=2.56766776093684907847686525199e-16
    t=3: Q=1.956087667382e+01  direct integral f*h=-2.93520328378233310720889691973e-15
    t=4: Q=6.703827873895e+01  direct integral f*h=-4.33407006950882682045763653457e-16
    t=5: Q=7.853046519596e+00  direct integral f*h=8.80272032794825225231682946286e-16
    t=6: Q=1.319354992182e+02  direct integral f*h=3.01187851638476896575358280766e-15
    t=7: Q=1.018444294364e+02  direct integral f*h=4.85328290600115473141270051199e-15
    sampled signs: [-1.  1.  1.  1.  1.  1.  1.  1.] (finite samples only)
  P2b: integral-based trig projection, shared robustness changes only:
    t=0: Q=-5.282085156264e+01 direct integral f*h=-1.74536970631254667786429022291e-15
    t=1: Q=-3.492112267276e+01 direct integral f*h=3.3125780757953589011445907314e-14
    t=2: Q=-3.713146261692e+02 direct integral f*h=-1.1915650694874322544444976136e-13
    t=3: Q=-2.457375884202e+01 direct integral f*h=-1.17130535765889288195510411813e-14
    t=4: Q=9.089503259508e+01 direct integral f*h=-3.30035263569418358878575060051e-14
    t=5: Q=-3.140066016888e+02 direct integral f*h=-1.70894435207306938876199129914e-14
  P3: fixed bump half-width 5.000e-04; no limiting or sign theorem:
    t=0 Q_edge=0.00000000e+00 Q_linear_bump=0.00000000e+00 half_accel=-0.00000000e+00 finite_diff=0.000e+00
    t=1 Q_edge=0.00000000e+00 Q_linear_bump=0.00000000e+00 half_accel=-0.00000000e+00 finite_diff=0.000e+00
    t=2 Q_edge=0.00000000e+00 Q_linear_bump=0.00000000e+00 half_accel=-0.00000000e+00 finite_diff=0.000e+00
