PASS W_product_to_sum_general
PASS W_sum_squares_general_recurrence
PASS W_finite_exact_Chebyshev_certificates
PASS W_n2_half_counterexample
PASS Taylor_pi4_general
PASS n2_exact_roots_and_reduction
PASS n2_normalized_determinant_exact
PASS n2_four_root_order_signs_numeric
PASS piecewise_L2rho_antiderivative_identity
PASS nonstationary_shooting_index_and_residual
PASS exact_segment_normalization_vs_quadrature
PASS symmetric_FH_vs_independent_central_difference
PASS legacy_symmetric_formula_is_half
PASS one_interface_parameter_has_no_mirror_factor
PASS u_second_derivative_true_nonzero_jump
PASS trial_plateau_Gram_integrals_general
PASS trial_plateau_bound_finite_exact_instances
PASS center_vanishing_subspace_finite_Gram_bounds
PASS thin_density_spectral_bound_samples
PASS thin_density_scalar_limits_general_n
PASS constant_density_refutes_general_4pi2
PASS R7_P01_rho2_Schrodinger_counterexample
PASS R7_P01_generalized_FH_two_exact_models
PASS execution_contract_explicit_raise_and_input_identity
24/24 groups passed; optimize=1
