=== n=2 R=4 mode=sup; FINITE EVIDENCE, modes=61 order=64 ===
  metric=euclidean; A from 60-digit analytic block integrals; independent direct f*h quadrature
  P1: finite-sum vs finite-step FD errors
    t=0: Q=-1.997652450657e-04  direct integral f*h=8.10576285667122293491432058606e-18
      h=1.0e-02 Q_FD=-1.997674745941e-04 abs_error=2.230e-09 rel_error=1.1160617631695763e-05
      h=1.0e-03 Q_FD=-1.997674751783e-04 abs_error=2.230e-09 rel_error=1.1163542160662674e-05
      h=1.0e-04 Q_FD=-1.997674751842e-04 abs_error=2.230e-09 rel_error=1.116357140599703e-05
    t=1: Q=-2.075335429475e-03  direct integral f*h=7.80142073382458907125068989276e-18
      h=1.0e-02 Q_FD=-2.075344146793e-03 abs_error=8.717e-09 rel_error=4.200420739459465e-06
      h=1.0e-03 Q_FD=-2.075344162467e-03 abs_error=8.733e-09 rel_error=4.2079730100210635e-06
      h=1.0e-04 Q_FD=-2.075344162624e-03 abs_error=8.733e-09 rel_error=4.208048532889098e-06
    t=2: Q=-8.349943982208e-05  direct integral f*h=3.03310330856163175346185425159e-18
      h=1.0e-02 Q_FD=-8.350072242846e-05 abs_error=1.283e-09 rel_error=1.53604225706368e-05
      h=1.0e-03 Q_FD=-8.350072243831e-05 abs_error=1.283e-09 rel_error=1.5360540488262906e-05
      h=1.0e-04 Q_FD=-8.350072243841e-05 abs_error=1.283e-09 rel_error=1.5360541667385606e-05
  P2: 8 sampled tangent directions (no definiteness claim)
    t=0: Q=-1.269205233713e+01  direct integral f*h=-3.61045951302379464763005885273e-16
    t=1: Q=-2.979239180933e+01  direct integral f*h=-1.92998714874709131529187128209e-15
    t=2: Q=-1.580493759741e+01  direct integral f*h=-1.49064117626550994821314680367e-15
    t=3: Q=-5.849298970337e+01  direct integral f*h=-9.59347976474680026255797086598e-16
    t=4: Q=-1.919578744852e+02  direct integral f*h=-6.13783119111290877933130412274e-16
    t=5: Q=-2.973468605528e+01  direct integral f*h=1.37125377641684911927415044358e-15
    t=6: Q=-1.055917054888e+02  direct integral f*h=5.85993955463228674431783222075e-15
    t=7: Q=-1.355033923558e+02  direct integral f*h=-1.43628521869211108180730209343e-15
    sampled signs: [-1. -1. -1. -1. -1. -1. -1. -1.] (finite samples only)
  P2b: integral-based trig projection, shared robustness changes only:
    t=0: Q=-4.065515491706e+01 direct integral f*h=-6.776274797604437158621328849e-14
    t=1: Q=-4.703080682808e+01 direct integral f*h=4.47034005993836195100772022428e-14
    t=2: Q=-6.541423244097e+02 direct integral f*h=-3.42490135761721229080085649726e-13
    t=3: Q=-2.765670826860e+01 direct integral f*h=-5.47581454218536078981783061967e-14
    t=4: Q=-7.361520727832e+01 direct integral f*h=1.18373048146411835459113141567e-13
    t=5: Q=-7.253082324598e+02 direct integral f*h=2.54389985304184782344926608221e-13
  P3: fixed bump half-width 5.000e-04; no limiting or sign theorem:
    t=0 Q_edge=-9.58016220e+02 Q_linear_bump=2.26999965e+02 half_accel=-1.17179718e+03 finite_diff=-1.322e+01
    t=1 Q_edge=-1.97228493e+03 Q_linear_bump=3.81598149e+02 half_accel=-2.33228190e+03 finite_diff=-2.160e+01
    t=2 Q_edge=-8.08692833e+03 Q_linear_bump=-5.35659152e+02 half_accel=-7.46669747e+03 finite_diff=-8.457e+01
