final certificate receive APPROVED
7 / 31 tools/krein-sobolev-polynomials.md 077b4aec STILL_BLOCKED
8 / 31 tools/krein-sobolev-polynomials.md 2aef5521 STILL_BLOCKED
9 / 31 tools/krein-sobolev-polynomials.md 665d7d57 RELEASED
10 / 31 tools/mw-zero-truncation.md 7c0d0143 RELEASED
11 / 31 tools/rational-envelope-certificates.md 2c8a7dd5 RELEASED
12 / 31 tools/spectral-domain-checks.md 665d7d57 RELEASED
13 / 31 tools/true-curve-region-decomposition.md 2c8a7dd5 RELEASED
14 / 31 tools/bang-bang.md 2c8a7dd5 STILL_BLOCKED
15 / 31 tools/bang-bang.md 945f0875 RELEASED
16 / 31 tools/delta-bracketing.md c371c039 RELEASED
17 / 31 tools/left-definite-moment-recurrence.md 3b094d8b STILL_BLOCKED
18 / 31 tools/left-definite-moment-recurrence.md 665d7d57 RELEASED
19 / 31 tools/left-definite-theory.md 3b094d8b STILL_BLOCKED
20 / 31 tools/left-definite-theory.md 665d7d57 RELEASED
21 / 31 tools/moment-jump-completeness.md 3b094d8b STILL_BLOCKED
22 / 31 tools/moment-jump-completeness.md 665d7d57 RELEASED
23 / 31 tools/mw-periodic-extension.md 7c0d0143 RELEASED
24 / 31 tools/denseness-criteria.md 3b094d8b STILL_BLOCKED
25 / 31 tools/denseness-criteria.md 665d7d57 RELEASED
26 / 31 tools/leftdef-o1pld-l2-structural.md 4cee9d48 STILL_BLOCKED
27 / 31 tools/leftdef-o1pld-l2-structural.md 3b094d8b STILL_BLOCKED
28 / 31 tools/leftdef-o1pld-l2-structural.md 665d7d57 RELEASED
29 / 31 tools/lemma-A-doubleprime.md c371c039 RELEASED
30 / 31 tools/spectral-monotonicity-reduction.md 7c0d0143 RELEASED
31 / 31 tools/inf-limit-comparison.md c371c039 RELEASED
Complete: 31 obligations; 20 current cards
index 89 2
FINAL LIBRARY AND REVIEW CHECKS PASSED
Final reports, AGENTS, dialogue log and RESUME updated
Final reception, library and active documentation completed
