{
	"manifest": "/mnt/f/tools/math-audit-round11-20260926/formal-author/evidence/closure-hidden-axiom-01/run-manifest.json",
	"files_scanned": 1,
	"hits": [
		{
			"file": "/mnt/f/tools/math-audit-round11-20260926/formal-author/closure-control-project/ClosureControl.lean",
			"line": 2,
			"kind": "axiom"
		}
	],
	"build_exit_code": 0,
	"machine_verification_passed": true,
	"exact_root_passed": false,
	"root_closure": {
		"status": "open",
		"exact_root_passed": false,
		"unproved_or_untrusted_leaves": [
			"Round11Control.hidden"
		]
	},
	"semantic": {
		"status": "not_reviewed",
		"reused": false,
		"semantic_sha256": "018e81844533bfc32c331935d10d4767fcfcd718ed93128e5497a1cfe6a2bb25"
	}
}
