=== n=3 R=4 mode=sup; FINITE EVIDENCE, modes=61 order=64 ===
  metric=euclidean; A from 60-digit analytic block integrals; independent direct f*h quadrature
  P1: finite-sum vs finite-step FD errors
    t=0: Q=-4.757302036915e-04  direct integral f*h=6.75772381211361875038348877216e-18
      h=1.0e-02 Q_FD=-4.757379355464e-04 abs_error=7.732e-09 rel_error=1.625234054536572e-05
      h=1.0e-03 Q_FD=-4.757379371293e-04 abs_error=7.733e-09 rel_error=1.625566772354914e-05
      h=1.0e-04 Q_FD=-4.757379371451e-04 abs_error=7.733e-09 rel_error=1.6255700995355932e-05
    t=1: Q=-4.153982374677e-03  direct integral f*h=9.9724109043494965868772422882e-18
      h=1.0e-02 Q_FD=-4.154023693498e-03 abs_error=4.132e-08 rel_error=9.946698345937938e-06
      h=1.0e-03 Q_FD=-4.154023744382e-03 abs_error=4.137e-08 rel_error=9.958947631000778e-06
      h=1.0e-04 Q_FD=-4.154023744891e-03 abs_error=4.137e-08 rel_error=9.959070123776812e-06
    t=2: Q=-8.104939534353e-03  direct integral f*h=-4.82129944905176797117451406026e-18
      h=1.0e-02 Q_FD=-8.104991899790e-03 abs_error=5.237e-08 rel_error=6.460886983586125e-06
      h=1.0e-03 Q_FD=-8.104992115587e-03 abs_error=5.258e-08 rel_error=6.487512084599095e-06
      h=1.0e-04 Q_FD=-8.104992117745e-03 abs_error=5.258e-08 rel_error=6.487778335467226e-06
  P2: 8 sampled tangent directions (no definiteness claim)
    t=0: Q=-7.806914039373e+01  direct integral f*h=3.48048972383703707120954527228e-15
    t=1: Q=-4.095123402255e+01  direct integral f*h=5.11934842894704183824834074378e-15
    t=2: Q=-3.079449815729e+02  direct integral f*h=-5.57251952952533258839161951581e-15
    t=3: Q=-3.626248504915e+01  direct integral f*h=8.42475066777868912931072910354e-16
    t=4: Q=-1.486467000341e+02  direct integral f*h=-2.37173226842709090341159233627e-15
    t=5: Q=-3.254217142670e+01  direct integral f*h=2.09401527436749080133538524725e-15
    t=6: Q=-6.336951212177e+00  direct integral f*h=5.59268711219874726398238462845e-16
    t=7: Q=-2.766520896620e+02  direct integral f*h=8.60188174409981392117161103009e-16
    sampled signs: [-1. -1. -1. -1. -1. -1. -1. -1.] (finite samples only)
  P2b: integral-based trig projection, shared robustness changes only:
    t=0: Q=-1.114558530330e+03 direct integral f*h=6.97135501809021341266533888024e-13
    t=1: Q=-8.587623694785e+01 direct integral f*h=3.68343470907272771275133368397e-13
    t=2: Q=-8.857949006191e+02 direct integral f*h=9.69148514956432338609786976386e-13
    t=3: Q=-4.958454957142e+01 direct integral f*h=3.22265429507268567439583092203e-13
    t=4: Q=-2.628084397667e+02 direct integral f*h=4.66432741849921929124358016098e-13
    t=5: Q=-2.201988343529e+02 direct integral f*h=-5.70564381117801175693642375735e-13
  P3: fixed bump half-width 5.000e-04; no limiting or sign theorem:
    t=0 Q_edge=-1.30501172e+04 Q_linear_bump=6.72462507e+03 half_accel=-1.95567579e+04 finite_diff=-2.180e+02
    t=1 Q_edge=-3.97652559e+04 Q_linear_bump=-3.34698240e+03 half_accel=-3.59404357e+04 finite_diff=-4.778e+02
    t=2 Q_edge=-1.26779228e+04 Q_linear_bump=-1.52603449e+03 half_accel=-1.10091405e+04 finite_diff=-1.427e+02
