\BOOKMARK [1][-]{section.1}{\376\377\137\025\212\000\116\016\225\356\230\230\165\114\133\232}{}% 1
\BOOKMARK [1][-]{section.2}{\376\377\116\073\230\230\116\000\000:\000\040\211\343\116\016\153\143\116\244\121\375\145\160\174\373\166\204\173\111\116\367\140\047}{}% 2
\BOOKMARK [2][-]{subsection.2.1}{\376\377\135\346\133\232\164\006\213\272\000:\000\040\133\214\131\007\140\047\117\335\143\001\166\204\122\006\176\247\122\073\165\073}{section.2}% 3
\BOOKMARK [2][-]{subsection.2.2}{\376\377\127\372\121\306\213\272\145\207\000:\000\040\000K\000r\000e\000i\000n\000-\000S\000o\000b\000o\000l\000e\000v\000\040\153\143\116\244\131\032\230\171\137\017}{section.2}% 4
\BOOKMARK [2][-]{subsection.2.3}{\376\377\146\076\137\017\121\154\137\017\116\016\000\040\000A\000l\000t\000h\000a\000m\000m\000e\000r\000\040\131\032\230\171\137\017\166\204\121\163\174\373}{section.2}% 5
\BOOKMARK [2][-]{subsection.2.4}{\376\377\137\000\145\076\225\356\230\230\000:\000\040\173\054\116\214\135\346\133\232\172\172\225\364\116\055\166\204\131\032\230\171\137\017\211\343\147\220\133\214\131\007\140\047}{section.2}% 6
\BOOKMARK [1][-]{section.3}{\376\377\116\073\230\230\116\214\000:\000\040\162\171\137\201\120\074\225\364\215\335\116\016\153\324\120\074\166\204\147\000\117\030\165\114}{}% 7
\BOOKMARK [2][-]{subsection.3.1}{\376\377\123\206\123\362\201\011\176\334\116\016\225\356\230\230\122\006\174\173}{section.3}% 8
\BOOKMARK [2][-]{subsection.3.2}{\376\377\127\372\147\054\225\364\215\335\000\040\000l\000a\000m\000b\000d\000a\0002\000\040\000-\000\040\000l\000a\000m\000b\000d\000a\0001\000:\000\040\123\125\226\061\122\277\116\016\123\125\134\360\147\103}{section.3}% 9
\BOOKMARK [2][-]{subsection.3.3}{\376\377\147\000\131\047\225\364\215\335\000\040\000l\000a\000m\000b\000d\000a\0002\000n\000\040\000-\000\040\000l\000a\000m\000b\000d\000a\0001\000:\000\040\116\316\000\040\000L\0001\000\040\164\003\122\060\131\107\137\002\155\113\136\246}{section.3}% 10
\BOOKMARK [2][-]{subsection.3.4}{\376\377\162\171\137\201\120\074\153\324\120\074}{section.3}% 11
\BOOKMARK [2][-]{subsection.3.5}{\376\377\202\202\160\271\117\115\177\156\166\204\147\000\117\030\165\114}{section.3}% 12
\BOOKMARK [2][-]{subsection.3.6}{\376\377\162\171\137\201\120\074\124\214\117\030\123\026\116\016\116\064\165\114\174\373\176\337\166\204\123\357\171\357\140\047}{section.3}% 13
\BOOKMARK [1][-]{section.4}{\376\377\213\301\146\016\142\200\147\057\140\073\176\323}{}% 14
\BOOKMARK [1][-]{section.5}{\376\377\137\000\145\076\225\356\230\230\116\016\124\016\176\355\170\024\172\166\145\271\124\021}{}% 15
\BOOKMARK [2][-]{subsection.5.1}{\376\377\135\362\211\343\121\263\000:\000\040\166\370\220\273\162\171\137\201\120\074\153\324\120\074\166\204\116\012\170\156\165\114}{section.5}% 16
\BOOKMARK [2][-]{subsection.5.2}{\376\377\217\333\134\125\000:\000\040\121\150\136\217\122\027\116\013\170\156\165\114\135\362\116\045\150\074\213\301\146\016\000;\000\040\126\372\133\232\000\040\000n\000\040\116\012\170\156\165\114\116\072\145\160\120\074\145\057\143\001\166\204\163\034\140\363\000\040\000\050\117\032\213\335\000\040\0001\0001\000/\0001\0002\000\051}{section.5}% 17
\BOOKMARK [2][-]{subsection.5.3}{\376\377\217\333\134\125\000:\000\040\166\370\220\273\225\364\215\335\000\040\000l\000a\000m\000b\000d\000a\000\050\000n\000+\0001\000\051\000-\000l\000a\000m\000b\000d\000a\000\050\000n\000\051\000\040\166\204\147\201\172\357\120\074\000\040\000\050\117\032\213\335\000\040\0001\0003\000/\0003\0000\000/\0003\0004\000/\0005\0000\000\051}{section.5}% 18
\BOOKMARK [2][-]{subsection.5.4}{\376\377\135\362\211\343\121\263\000:\000\040\000n\000>\000=\0002\000\040\166\204\147\011\226\120\127\127\176\246\123\026\116\016\174\276\170\156\000\040\0002\000n\000\040\137\000\121\163\133\232\164\006\000\040\000\050\0002\0000\0002\0006\000-\0000\0008\000-\0001\0000\000\051}{section.5}% 19
\BOOKMARK [2][-]{subsection.5.5}{\376\377\135\362\211\343\121\263\000:\000\040\000O\0003\000a\000/\000C\0001\000\040\122\277\127\222\145\317\000\040\000g\000o\000o\000d\000\040\000r\000o\000o\000t\000\040\166\204\125\057\116\000\140\047\000\040\000\050\117\032\213\335\000\040\0003\0004\000;\000\040\0002\0000\0002\0006\000-\0000\0008\000-\0000\0009\000\040\123\107\176\247\116\072\211\343\147\220\000+\116\044\174\173\213\301\116\146\000\051}{section.5}% 20
\BOOKMARK [1][-]{section.6}{\376\377\215\104\145\231\147\145\156\220\162\266\140\001\213\364\146\016}{}% 21
\BOOKMARK [1][-]{section.7}{\376\377\155\211\123\312\122\060\166\204\145\160\133\146\167\345\213\306}{}% 22
\BOOKMARK [2][-]{subsection.7.1}{\376\377\214\061\164\006\213\272\116\016\173\227\133\120\145\271\154\325}{section.7}% 23
\BOOKMARK [2][-]{subsection.7.2}{\376\377\135\346\133\232\164\006\213\272}{section.7}% 24
\BOOKMARK [2][-]{subsection.7.3}{\376\377\153\143\116\244\131\032\230\171\137\017\116\016\162\171\153\212\121\375\145\160}{section.7}% 25
\BOOKMARK [2][-]{subsection.7.4}{\376\377\000S\000L\000\040\214\061\117\030\123\026}{section.7}% 26
