exact-root-02 0 819.057
{
	"manifest": "/mnt/f/tools/math-audit-round10-20260925/formal-author/evidence/exact-root-02/run-manifest.json",
	"files_scanned": 1,
	"hits": [],
	"build_exit_code": 0,
	"machine_verification_passed": true,
	"exact_root_passed": true,
	"root_closure": {
		"status": "closed",
		"exact_root_passed": true,
		"declaration_closed": true,
		"scope": "expected Lean type in the recorded environment; semantic review is separate"
	},
	"semantic": {
		"status": "not_reviewed",
		"reused": false,
		"semantic_sha256": "734d3a6b7024a7b0eaf0588a4d2a5d9fcc6cae74c55cff57326271eeec2b9d4a"
	}
}
