{
  "verdict": "PASS",
  "passed_verification_gates": 143,
  "failed_verification_gates": [],
  "category_counts": {
    "symbolic_or_exact_mathematics": 16,
    "high_precision_real_numeric": 8,
    "execution_bookkeeping": 1
  },
  "independent_exact_samples": {
    "wronskian_n2_half": "-4*pi",
    "n2_x2_coefficient": "-130*pi**4",
    "n2_four_interface_determinant": "7030400000*pi**4/4782969",
    "determinant_method": "resultant of P(t)=144t^2-88t+9 and t(1-t)^3 P'(t)^2, using product over both roots; normalized F=f/(9*pi^2)"
  },
  "independent_nonstationary_mirror_sample": {
    "model": "-u''=lambda*rho*u; Dirichlet endpoints; rho=(1,4,1) at a=1/4,1-a=3/4; both interfaces move",
    "method": "Independent half-domain characteristic roots with Neumann first mode and Dirichlet second mode; weighted normalization by quadrature; implicit derivative and separately perturbed root finite difference. No checker import.",
    "closed_form_sqrt_lambdas": [
      "4*acos(sqrt(5/6))",
      "4*acos(1/sqrt(3))"
    ],
    "lambda_values": [
      "2.829586034443622360319952907625266808931102261713490619161302899884472542202079",
      "14.602077453837591825051791909922411553085684218708438233366129366394298410802994"
    ],
    "weighted_masses": [
      "0.22088036638295498829029685861791522288871308830159004084624997923501177747140486",
      "0.068483406088028155243408946215990099250815270077271430130642127079885013217205245"
    ],
    "normalized_u_a_squared": [
      "0.26666666666666666666666666666666666666666666666666666666666666666666666666666667",
      "0.66666666666666666666666666666666666666666666666666666666666666666666666666666667"
    ],
    "characteristic_residuals": [
      "0.0",
      "-7.1436711955142186388486471769083809965744374676424916325945365201727039744171137e-102"
    ],
    "individual_implicit_derivatives": [
      "4.5273376551097957765119246522004268942897636187415849906580846398151560675233264",
      "58.408309815350367300207167639689646212342736874833752933464517465577193643211977"
    ],
    "FH_gap_derivative": "53.88097216024057152369524298748921931805297325609216794280643282576203757568865",
    "implicit_gap_derivative": "53.88097216024057152369524298748921931805297325609216794280643282576203757568865",
    "finite_difference_h": "0.000000000001",
    "perturbed_sqrt_lambdas": [
      [
        "1.6821373411372062214259646878786841564795571509028647966398154746690435495975464",
        "3.8212664725056796456004552571962124632765686145078060930445803550769454670991552"
      ],
      [
        "1.6821373411345148016801473110601992474316211546561990903352399129763291131643007",
        "3.8212664724903945797104631087455906142388071704538784498946539876742897062561764"
      ]
    ],
    "finite_difference": "53.880972160240571523696166076301265671264000057163034903308826244893225744031371",
    "FD_absolute_error": "0.00000000000000000000092308881204635321102680107086696050239341913118816834272083410700822856609171995",
    "old_half_formula": "26.940486080120285761847621493744609659026486628046083971403216412881018787844325",
    "old_formula_absolute_error": "26.940486080120285761848544582556656012237513429116950931905609832012206956187046",
    "scope": "One finite nonstationary example at 100-digit working precision. Numerical tolerances are not certified interval enclosures."
  },
  "unexpected_error": null
}
