=== n=2 R=4 mode=inf; FINITE EVIDENCE, modes=61 order=64 ===
  metric=euclidean; A from 40-digit analytic block integrals; independent direct f*h quadrature
  P1: finite-sum vs finite-step FD errors
    t=0: Q=-1.713177667702e-05  direct integral f*h=-3.21715259407470357133971874579e-18
      h=1.0e-03 Q_FD=-1.713498024689e-05 abs_error=3.204e-09 rel_error=0.0001869608147281788
    t=1: Q=1.016755097621e-04  direct integral f*h=-3.35831701980143109926270101848e-18
      h=1.0e-03 Q_FD=1.016754780315e-04 abs_error=3.173e-11 rel_error=3.120772757360637e-07
    t=2: Q=-4.217628812138e-07  direct integral f*h=-2.55467261287165349226604148992e-18
      h=1.0e-03 Q_FD=-4.238862625360e-07 abs_error=2.123e-09 rel_error=0.005009318560019952
  P2: 8 sampled tangent directions (no definiteness claim)
    t=0: Q=-1.076184393199e-01  direct integral f*h=2.22198587103272658685851648606e-16
    t=1: Q=1.688476832077e-01  direct integral f*h=6.96712712776672329691597526761e-18
    t=2: Q=9.160761543838e-01  direct integral f*h=1.60681903989318896153608025669e-16
    t=3: Q=2.832212958736e+00  direct integral f*h=-3.83857331147032107004148312594e-16
    t=4: Q=4.865301540669e+00  direct integral f*h=6.741069588495367768752984195e-17
    t=5: Q=4.985234120732e-01  direct integral f*h=1.17076171933994339488194216993e-16
    t=6: Q=3.517389280589e+00  direct integral f*h=-5.7692305336200242205454215437e-18
    t=7: Q=5.727087575114e+00  direct integral f*h=2.31776588888797802132752935133e-16
    sampled signs: [-1.  1.  1.  1.  1.  1.  1.  1.] (finite samples only)
  P2b: integral-based trig projection, shared robustness changes only:
    t=0: Q=-2.379908602188e+00 direct integral f*h=5.03393162806025712099874662282e-15
    t=1: Q=-7.140066517658e-01 direct integral f*h=9.83846118197866881874066189519e-16
    t=2: Q=6.702905870378e+00 direct integral f*h=1.43473137375360278110808526092e-14
    t=3: Q=3.515201514332e-01 direct integral f*h=2.26756841330441817560342686469e-15
    t=4: Q=5.818696663264e+00 direct integral f*h=-1.03684332388577667945292877334e-14
    t=5: Q=1.761277827502e+01 direct integral f*h=-2.03175564576446170605045517532e-14
  P3: fixed bump half-width 5.000e-04; no limiting or sign theorem:
    t=0 Q_edge=6.34500420e+02 Q_linear_bump=4.88610445e+02 half_accel=1.47304795e+02 finite_diff=-1.415e+00
    t=1 Q_edge=5.33143115e+02 Q_linear_bump=2.40718143e+02 half_accel=2.94075067e+02 finite_diff=-1.650e+00
    t=2 Q_edge=3.53784281e+03 Q_linear_bump=2.60906286e+03 half_accel=9.38137173e+02 finite_diff=-9.357e+00
