=== n=2 R=4 mode=sup; FINITE EVIDENCE, modes=12 order=64 ===
  metric=euclidean; A from 45-digit analytic block integrals; independent direct f*h quadrature
  P1: finite-sum vs finite-step FD errors
    t=0: Q=-1.995403224054e-04  direct integral f*h=-1.49706361149856053479594544405e-17
      h=1.0e-03 Q_FD=-1.997674751783e-04 abs_error=2.272e-07 rel_error=0.0011370858681273106
      h=1.0e-04 Q_FD=-1.997674751842e-04 abs_error=2.272e-07 rel_error=0.0011370858973395812
    t=1: Q=-2.073750008565e-03  direct integral f*h=2.97780964334760119717040303068e-17
      h=1.0e-03 Q_FD=-2.075344162467e-03 abs_error=1.594e-06 rel_error=0.0007681395357619668
      h=1.0e-04 Q_FD=-2.075344162624e-03 abs_error=1.594e-06 rel_error=0.0007681396112269315
    t=2: Q=-8.335724737863e-05  direct integral f*h=-1.01318943471852626424797712498e-16
      h=1.0e-03 Q_FD=-8.350072243831e-05 abs_error=1.435e-07 rel_error=0.0017182493215951314
      h=1.0e-04 Q_FD=-8.350072243841e-05 abs_error=1.435e-07 rel_error=0.0017182493227724082
  P2: 8 sampled tangent directions (no definiteness claim)
    t=0: Q=-1.267285688595e+01  direct integral f*h=8.50480699754611394007756285115e-16
    t=1: Q=-2.976024070924e+01  direct integral f*h=3.07224270425637409151339333409e-15
    t=2: Q=-1.580142043995e+01  direct integral f*h=-2.85359768942921957632776296833e-15
    t=3: Q=-5.848612198997e+01  direct integral f*h=4.36970675761263565315861904499e-15
    t=4: Q=-1.918901486890e+02  direct integral f*h=-8.02287962538935108720360218163e-16
    t=5: Q=-2.972873505919e+01  direct integral f*h=2.81890545078887788942793521663e-15
    t=6: Q=-1.055068642303e+02  direct integral f*h=3.39297643730020207676545600506e-15
    t=7: Q=-1.354594261191e+02  direct integral f*h=-3.15037547319684761324659767396e-15
    sampled signs: [-1. -1. -1. -1. -1. -1. -1. -1.] (finite samples only)
  P2b: integral-based trig projection, shared robustness changes only:
    t=0: Q=-4.026722640892e+01 direct integral f*h=3.73976248204024451838116995161e-15
    t=1: Q=-4.683078385859e+01 direct integral f*h=-5.82404578182994734773158947604e-14
    t=2: Q=-6.523999182653e+02 direct integral f*h=6.59423483349938671345365927617e-14
    t=3: Q=-2.731496656817e+01 direct integral f*h=3.24305690814316363905072483499e-14
    t=4: Q=-7.259328748027e+01 direct integral f*h=4.82637141818503373256800984923e-14
    t=5: Q=-7.246280647332e+02 direct integral f*h=-5.68155966293294839355964249233e-14
  P3: fixed bump half-width 5.000e-04; no limiting or sign theorem:
    t=0 Q_edge=-9.58016220e+02 Q_linear_bump=2.88046826e+02 half_accel=-1.17179718e+03 finite_diff=-7.427e+01
    t=1 Q_edge=-1.97228493e+03 Q_linear_bump=5.00588062e+02 half_accel=-2.33228190e+03 finite_diff=-1.406e+02
    t=2 Q_edge=-8.08692833e+03 Q_linear_bump=-1.84672540e+02 half_accel=-7.46669747e+03 finite_diff=-4.356e+02
