=== n=2 R=4 mode=sup; FINITE EVIDENCE, modes=61 order=64 ===
  metric=euclidean; A from 40-digit analytic block integrals; independent direct f*h quadrature
  P1: finite-sum vs finite-step FD errors
    t=0: Q=-1.997652450657e-04  direct integral f*h=-1.49706361149856053479594660046e-17
      h=1.0e-03 Q_FD=-1.997674751783e-04 abs_error=2.230e-09 rel_error=1.1163542160662422e-05
    t=1: Q=-2.075335429475e-03  direct integral f*h=2.97780964334760119717039775217e-17
      h=1.0e-03 Q_FD=-2.075344162467e-03 abs_error=8.733e-09 rel_error=4.207973021932569e-06
    t=2: Q=-8.349943982209e-05  direct integral f*h=-1.01318943471852626424797710067e-16
      h=1.0e-03 Q_FD=-8.350072243831e-05 abs_error=1.283e-09 rel_error=1.536054048371731e-05
  P2: 8 sampled tangent directions (no definiteness claim)
    t=0: Q=-1.269205233713e+01  direct integral f*h=8.50480699754611394007760344686e-16
    t=1: Q=-2.979239180933e+01  direct integral f*h=3.07224270425637409151340015681e-15
    t=2: Q=-1.580493759741e+01  direct integral f*h=-2.85359768942921957632775976629e-15
    t=3: Q=-5.849298970336e+01  direct integral f*h=4.36970675761263565315862804901e-15
    t=4: Q=-1.919578744852e+02  direct integral f*h=-8.02287962538935108720344009571e-16
    t=5: Q=-2.973468605528e+01  direct integral f*h=2.81890545078887788942792891685e-15
    t=6: Q=-1.055917054888e+02  direct integral f*h=3.39297643730020207676544372927e-15
    t=7: Q=-1.355033923558e+02  direct integral f*h=-3.15037547319684761324658767367e-15
    sampled signs: [-1. -1. -1. -1. -1. -1. -1. -1.] (finite samples only)
  P2b: integral-based trig projection, shared robustness changes only:
    t=0: Q=-4.065515491706e+01 direct integral f*h=3.73976248204024451838116826235e-15
    t=1: Q=-4.703080682808e+01 direct integral f*h=-5.82404578182994734773158928597e-14
    t=2: Q=-6.541423244097e+02 direct integral f*h=6.5942348334993867134536567529e-14
    t=3: Q=-2.765670826860e+01 direct integral f*h=3.24305690814316363905072432445e-14
    t=4: Q=-7.361520727832e+01 direct integral f*h=4.82637141818503373256801043561e-14
    t=5: Q=-7.253082324598e+02 direct integral f*h=-5.6815596629329483935596410252e-14
  P3: fixed bump half-width 5.000e-04; no limiting or sign theorem:
    t=0 Q_edge=-9.58016220e+02 Q_linear_bump=2.26999965e+02 half_accel=-1.17179718e+03 finite_diff=-1.322e+01
    t=1 Q_edge=-1.97228493e+03 Q_linear_bump=3.81598149e+02 half_accel=-2.33228190e+03 finite_diff=-2.160e+01
    t=2 Q_edge=-8.08692833e+03 Q_linear_bump=-5.35659152e+02 half_accel=-7.46669747e+03 finite_diff=-8.457e+01
