=== n=2 R=4 mode=inf; FINITE EVIDENCE, modes=12 order=64 ===
  metric=euclidean; A from 45-digit analytic block integrals; independent direct f*h quadrature
  P1: finite-sum vs finite-step FD errors
    t=0: Q=-1.658188606764e-05  direct integral f*h=-3.21715259407470357133971918035e-18
      h=1.0e-03 Q_FD=-1.713498024689e-05 abs_error=5.531e-07 rel_error=0.03227865870155305
      h=1.0e-04 Q_FD=-1.713498024705e-05 abs_error=5.531e-07 rel_error=0.03227865871056694
    t=1: Q=1.016817502882e-04  direct integral f*h=-3.35831701980143109926269721291e-18
      h=1.0e-03 Q_FD=1.016754780315e-04 abs_error=6.272e-09 rel_error=6.168898176994308e-05
      h=1.0e-04 Q_FD=1.016754780304e-04 abs_error=6.272e-09 rel_error=6.168899240703373e-05
    t=2: Q=-1.200840913543e-08  direct integral f*h=-2.55467261287165349226603947973e-18
      h=1.0e-03 Q_FD=-4.238862625360e-07 abs_error=4.119e-07 rel_error=0.9716706810369602
      h=1.0e-04 Q_FD=-4.238862630894e-07 abs_error=4.119e-07 rel_error=0.9716706810739422
  P2: 8 sampled tangent directions (no definiteness claim)
    t=0: Q=-1.027168052657e-01  direct integral f*h=2.22198587103272658685851603567e-16
    t=1: Q=1.779423336053e-01  direct integral f*h=6.96712712776672329691570718858e-18
    t=2: Q=9.178152299210e-01  direct integral f*h=1.60681903989318896153607779142e-16
    t=3: Q=2.835567045197e+00  direct integral f*h=-3.83857331147032107004149262146e-16
    t=4: Q=4.873954542083e+00  direct integral f*h=6.7410695884953677687528728096e-17
    t=5: Q=5.011781605820e-01  direct integral f*h=1.17076171933994339488194608141e-16
    t=6: Q=3.524099074081e+00  direct integral f*h=-5.76923053362002422054473420777e-18
    t=7: Q=5.730335780075e+00  direct integral f*h=2.31776588888797802132751752147e-16
    sampled signs: [-1.  1.  1.  1.  1.  1.  1.  1.] (finite samples only)
  P2b: integral-based trig projection, shared robustness changes only:
    t=0: Q=-2.362526126331e+00 direct integral f*h=5.03393162806025712099874588777e-15
    t=1: Q=-7.272591898087e-01 direct integral f*h=9.83846118197866881874066397447e-16
    t=2: Q=6.664809135082e+00 direct integral f*h=1.43473137375360278110808544096e-14
    t=3: Q=3.494166986531e-01 direct integral f*h=2.26756841330441817560342722295e-15
    t=4: Q=5.814961162102e+00 direct integral f*h=-1.03684332388577667945292885272e-14
    t=5: Q=1.760664035303e+01 direct integral f*h=-2.03175564576446170605045535109e-14
  P3: fixed bump half-width 5.000e-04; no limiting or sign theorem:
    t=0 Q_edge=6.34500420e+02 Q_linear_bump=4.94882991e+02 half_accel=1.47304795e+02 finite_diff=-7.687e+00
    t=1 Q_edge=5.33143115e+02 Q_linear_bump=2.50291463e+02 half_accel=2.94075067e+02 finite_diff=-1.122e+01
    t=2 Q_edge=3.53784281e+03 Q_linear_bump=2.64710410e+03 half_accel=9.38137173e+02 finite_diff=-4.740e+01
