F:\tools\math-audit-round10-20260925\formal-author\project\AuditRound10.lean:51:76: error: No goals to be solved
F:\tools\math-audit-round10-20260925\formal-author\project\AuditRound10.lean:253:5: warning: Variable name `hx` is not explicitly referenced.

The binding can be removed (if unused) or named `_` (if used implicitly).

Note: This linter can be disabled with `set_option linter.unusedVariables false`
F:\tools\math-audit-round10-20260925\formal-author\project\AuditRound10.lean:257:5: warning: Variable name `hx` is not explicitly referenced.

The binding can be removed (if unused) or named `_` (if used implicitly).

Note: This linter can be disabled with `set_option linter.unusedVariables false`
F:\tools\math-audit-round10-20260925\formal-author\project\AuditRound10.lean:260:5: warning: Variable name `hm` is not explicitly referenced.

The binding can be removed (if unused) or named `_` (if used implicitly).

Note: This linter can be disabled with `set_option linter.unusedVariables false`
F:\tools\math-audit-round10-20260925\formal-author\project\AuditRound10.lean:261:5: warning: Variable name `hx` is not explicitly referenced.

The binding can be removed (if unused) or named `_` (if used implicitly).

Note: This linter can be disabled with `set_option linter.unusedVariables false`
F:\tools\math-audit-round10-20260925\formal-author\project\AuditRound10.lean:261:31: warning: Variable name `hy` is not explicitly referenced.

The binding can be removed (if unused) or named `_` (if used implicitly).

Note: This linter can be disabled with `set_option linter.unusedVariables false`
F:\tools\math-audit-round10-20260925\formal-author\project\AuditRound10.lean:264:5: warning: Variable name `hc` is not explicitly referenced.

The binding can be removed (if unused) or named `_` (if used implicitly).

Note: This linter can be disabled with `set_option linter.unusedVariables false`
F:\tools\math-audit-round10-20260925\formal-author\project\AuditRound10.lean:265:5: warning: Variable name `hm` is not explicitly referenced.

The binding can be removed (if unused) or named `_` (if used implicitly).

Note: This linter can be disabled with `set_option linter.unusedVariables false`
F:\tools\math-audit-round10-20260925\formal-author\project\AuditRound10.lean:266:23: warning: Variable name `ha` is not explicitly referenced.

The binding can be removed (if unused) or named `_` (if used implicitly).

Note: This linter can be disabled with `set_option linter.unusedVariables false`
F:\tools\math-audit-round10-20260925\formal-author\project\AuditRound10.lean:266:36: warning: Variable name `hab` is not explicitly referenced.

The binding can be removed (if unused) or named `_` (if used implicitly).

Note: This linter can be disabled with `set_option linter.unusedVariables false`
F:\tools\math-audit-round10-20260925\formal-author\project\AuditRound10.lean:267:5: warning: Variable name `hl` is not explicitly referenced.

The binding can be removed (if unused) or named `_` (if used implicitly).

Note: This linter can be disabled with `set_option linter.unusedVariables false`
F:\tools\math-audit-round10-20260925\formal-author\project\AuditRound10.lean:267:38: warning: Variable name `hr` is not explicitly referenced.

The binding can be removed (if unused) or named `_` (if used implicitly).

Note: This linter can be disabled with `set_option linter.unusedVariables false`
F:\tools\math-audit-round10-20260925\formal-author\project\AuditRound10.lean:270:5: warning: Variable name `hm` is not explicitly referenced.

The binding can be removed (if unused) or named `_` (if used implicitly).

Note: This linter can be disabled with `set_option linter.unusedVariables false`
F:\tools\math-audit-round10-20260925\formal-author\project\AuditRound10.lean:271:5: warning: Variable name `hx` is not explicitly referenced.

The binding can be removed (if unused) or named `_` (if used implicitly).

Note: This linter can be disabled with `set_option linter.unusedVariables false`
F:\tools\math-audit-round10-20260925\formal-author\project\AuditRound10.lean:271:31: warning: Variable name `hy` is not explicitly referenced.

The binding can be removed (if unused) or named `_` (if used implicitly).

Note: This linter can be disabled with `set_option linter.unusedVariables false`
F:\tools\math-audit-round10-20260925\formal-author\project\AuditRound10.lean:274:5: warning: Variable name `hm` is not explicitly referenced.

The binding can be removed (if unused) or named `_` (if used implicitly).

Note: This linter can be disabled with `set_option linter.unusedVariables false`
F:\tools\math-audit-round10-20260925\formal-author\project\AuditRound10.lean:275:5: warning: Variable name `hi` is not explicitly referenced.

The binding can be removed (if unused) or named `_` (if used implicitly).

Note: This linter can be disabled with `set_option linter.unusedVariables false`
F:\tools\math-audit-round10-20260925\formal-author\project\AuditRound10.lean:275:29: warning: Variable name `hr` is not explicitly referenced.

The binding can be removed (if unused) or named `_` (if used implicitly).

Note: This linter can be disabled with `set_option linter.unusedVariables false`
F:\tools\math-audit-round10-20260925\formal-author\project\AuditRound10.lean:278:5: warning: Variable name `hc` is not explicitly referenced.

The binding can be removed (if unused) or named `_` (if used implicitly).

Note: This linter can be disabled with `set_option linter.unusedVariables false`
F:\tools\math-audit-round10-20260925\formal-author\project\AuditRound10.lean:279:5: warning: Variable name `hm` is not explicitly referenced.

The binding can be removed (if unused) or named `_` (if used implicitly).

Note: This linter can be disabled with `set_option linter.unusedVariables false`
F:\tools\math-audit-round10-20260925\formal-author\project\AuditRound10.lean:280:21: warning: Variable name `hi` is not explicitly referenced.

The binding can be removed (if unused) or named `_` (if used implicitly).

Note: This linter can be disabled with `set_option linter.unusedVariables false`
F:\tools\math-audit-round10-20260925\formal-author\project\AuditRound10.lean:281:5: warning: Variable name `hleft` is not explicitly referenced.

The binding can be removed (if unused) or named `_` (if used implicitly).

Note: This linter can be disabled with `set_option linter.unusedVariables false`
F:\tools\math-audit-round10-20260925\formal-author\project\AuditRound10.lean:281:31: warning: Variable name `horder` is not explicitly referenced.

The binding can be removed (if unused) or named `_` (if used implicitly).

Note: This linter can be disabled with `set_option linter.unusedVariables false`
F:\tools\math-audit-round10-20260925\formal-author\project\AuditRound10.lean:282:5: warning: Variable name `hl` is not explicitly referenced.

The binding can be removed (if unused) or named `_` (if used implicitly).

Note: This linter can be disabled with `set_option linter.unusedVariables false`
F:\tools\math-audit-round10-20260925\formal-author\project\AuditRound10.lean:283:5: warning: Variable name `hr` is not explicitly referenced.

The binding can be removed (if unused) or named `_` (if used implicitly).

Note: This linter can be disabled with `set_option linter.unusedVariables false`
