{
  "all_passed": true,
  "check_count": 208,
  "result": "/mnt/f/tools/math-audit-round5-20260921/analytic-author/author_checks.json",
  "cutoff_samples": [
    {
      "delta": "1/8",
      "H2_error": 7.290589049856887,
      "local_second_derivative_norm": 1.5755372063133262
    },
    {
      "delta": "1/16",
      "H2_error": 6.438521965883505,
      "local_second_derivative_norm": 1.488468904732625
    },
    {
      "delta": "1/32",
      "H2_error": 5.480585441418317,
      "local_second_derivative_norm": 1.2966096179111684
    },
    {
      "delta": "1/64",
      "H2_error": 4.622665963899433,
      "local_second_derivative_norm": 1.1003008299572907
    }
  ]
}
