{
	"manifest": "/mnt/f/tools/math-audit-round11-20260926/formal-reviewer/stateless-a8e81148d09f/evidence/closure-hidden-axiom-01/run-manifest.json",
	"files_scanned": 1,
	"hits": [
		{
			"file": "/mnt/f/tools/math-audit-round11-20260926/formal-reviewer/stateless-a8e81148d09f/closure-control-project/ClosureControl.lean",
			"line": 2,
			"kind": "axiom"
		}
	],
	"build_exit_code": 0,
	"machine_verification_passed": true,
	"exact_root_passed": false,
	"root_closure": {
		"status": "open",
		"exact_root_passed": false,
		"unproved_or_untrusted_leaves": [
			"Round11Control.hidden"
		]
	},
	"semantic": {
		"status": "not_reviewed",
		"reused": false,
		"semantic_sha256": "26745bf1fb49238286f2e1c8f81ed006b16013b5a3656d5b5ec2f8630c7b4404"
	}
}
