START normalization
END normalization checks 46 failures 0
START Green
END Green checks 412 failures 0
START Jacobian
END Jacobian checks 485 failures 0
START stationarity-and-sectors
STATIONARY 1 sup
STATIONARY 1 inf
STATIONARY 2 sup
STATIONARY 2 inf
STATIONARY 3 sup
STATIONARY 3 inf
END stationarity-and-sectors checks 585 failures 0
START R12-index-and-poles
END R12-index-and-poles checks 682 failures 0
{
  "status": "PASS",
  "optimized": false,
  "count": 701,
  "elapsed_seconds": 31.461663169960957,
  "failures": [],
  "metrics": {
    "nodal-error-0-n": 1.0658141036401503e-14,
    "nodal-error-0-np1": 2.220446049250313e-14,
    "nodal-error-1-n": 4.440892098500626e-16,
    "nodal-error-1-np1": 7.327471962526033e-15,
    "nonstationary:0": {
      "counts": [
        160,
        640,
        2560
      ],
      "errors": [
        0.035981854601316865,
        0.009079604788056361,
        0.0022752182662642007
      ],
      "oracle": [
        [
          -2.3433111655945886,
          1.4015595152116058
        ],
        [
          -1.4015595152116058,
          2.3433111655945886
        ]
      ]
    },
    "nonstationary:1": {
      "counts": [
        160,
        640
      ],
      "errors": [
        0.056249737723284454,
        0.014174019304127095
      ],
      "oracle": [
        [
          1.6045282946500432,
          -0.9723117170948377
        ],
        [
          1.389249154349925,
          -1.6259602404277471
        ]
      ]
    },
    "nonstationary:2": {
      "counts": [
        160,
        640
      ],
      "errors": [
        0.0692408086806946,
        0.017456511017452492
      ],
      "oracle": [
        [
          -5.084100206188724,
          0.9166686544099938
        ],
        [
          -0.10615686972717349,
          -0.20208448149160207
        ]
      ]
    },
    "nonstationary:3": {
      "counts": [
        160,
        640
      ],
      "errors": [
        0.11884890266918902,
        0.03003162339803067
      ],
      "oracle": [
        [
          -0.16008761837892202,
          -0.3735200009141953,
          -1.171777763263549,
          0.5158599974509701
        ],
        [
          0.22582078656393192,
          -1.9324117467175523,
          -0.9368613466872238,
          0.2424432562069271
        ],
        [
          -0.9298481450276641,
          -0.1277508918185783,
          3.7245936142652067,
          0.3171953285337203
        ],
        [
          -0.38056591502156906,
          -0.40607575373551963,
          -0.40426566671331016,
          6.827726300465399
        ]
      ]
    },
    "nonstationary:4": {
      "counts": [
        160,
        640
      ],
      "errors": [
        5.298723904259925e-14,
        5.298723904259925e-14
      ],
      "oracle": [
        [
          -12.615291362242122,
          1.6976917995075054e-65,
          2.190093318686133e-65,
          1.8888658968654812e-65
        ],
        [
          6.262741038625824e-65,
          4.7238836393467775e-14,
          3.285249680633079e-65,
          2.3328095276243695e-65
        ],
        [
          2.6504597872292565e-65,
          2.9932255589096188e-65,
          23.238694614656538,
          -2.226917793373357e-65
        ],
        [
          6.008980040330839e-65,
          3.7624768298005777e-65,
          4.852117454490385e-65,
          -14.36230312603685
        ]
      ]
    },
    "stationary:1:sup": {
      "edges": [
        0.45148546575739523,
        0.5485145342426048
      ],
      "independent_F_max": 1.8264929196502572e-16,
      "errors": [
        0.018539377990386186,
        0.004660884347732264
      ],
      "FD_error": 8.802114592754151e-10
    },
    "stationary:1:inf": {
      "edges": [
        0.3825982567998404,
        0.6174017432001597
      ],
      "independent_F_max": 9.545117651409814e-15,
      "errors": [
        0.006259118099960048,
        0.0015761554889639484
      ],
      "FD_error": 2.1097124047742e-10
    },
    "stationary:2:sup": {
      "edges": [
        0.29343444668877683,
        0.3654607023555858,
        0.6345392976444142,
        0.7065655533112232
      ],
      "independent_F_max": 1.23930856267461e-15,
      "errors": [
        0.055602181426099406,
        0.014005183008560351
      ],
      "FD_error": 1.1935838983845315e-09
    },
    "half-closed:2:sup": {
      "Ko_error": 1.0658141036401503e-14,
      "KpOdd_error": 1.3322676295501878e-14
    },
    "stationary:2:inf": {
      "edges": [
        0.20288241694349532,
        0.4040382298316386,
        0.5959617701683615,
        0.7971175830565048
      ],
      "independent_F_max": 2.7461497030958167e-15,
      "errors": [
        0.01981545322170497,
        0.004979207243611228
      ],
      "FD_error": 1.892837886430243e-09
    },
    "half-closed:2:inf": {
      "Ko_error": 4.6629367034256575e-15,
      "KpOdd_error": 1.9539925233402755e-14
    },
    "stationary:3:sup": {
      "edges": [
        0.22024940367703755,
        0.2731373911911273,
        0.46916606795575533,
        0.5308339320442447,
        0.7268626088088728,
        0.7797505963229625
      ],
      "independent_F_max": 1.2907346508343323e-15,
      "errors": [
        0.11264782156685627,
        0.02822170554639669
      ],
      "FD_error": 4.629217897900162e-09
    },
    "stationary:3:inf": {
      "edges": [
        0.13044704507354657,
        0.28750559786086455,
        0.41138799133333626,
        0.588612008666664,
        0.7124944021391356,
        0.8695529549264536
      ],
      "independent_F_max": 1.4139751993357249e-14,
      "errors": [
        0.03139769347423993,
        0.00792336810253147
      ],
      "FD_error": 3.7124017637779616e-08
    }
  }
}
