{
	"manifest": "/mnt/f/tools/math-audit-round11-20260926/formal-author/evidence/closure-positive-01/run-manifest.json",
	"files_scanned": 1,
	"hits": [
		{
			"file": "/mnt/f/tools/math-audit-round11-20260926/formal-author/closure-control-project/ClosureControl.lean",
			"line": 2,
			"kind": "axiom"
		}
	],
	"build_exit_code": 0,
	"machine_verification_passed": true,
	"exact_root_passed": true,
	"root_closure": {
		"status": "closed",
		"exact_root_passed": true,
		"declaration_closed": true,
		"scope": "expected Lean type in the recorded environment; semantic review is separate"
	},
	"semantic": {
		"status": "not_reviewed",
		"reused": false,
		"semantic_sha256": "b8fd8d97f0e87e2b000b182e9bd962292707c6f5138ec4d23a1eb0c2b4200e01"
	}
}
