tools/feynman-hellmann.md 82c7846a RELEASED
tools/second-variation-weighted-eigenvalues.md 9bdd4382 STILL_BLOCKED
tools/second-variation-weighted-eigenvalues.md dcd09930 STILL_BLOCKED
tools/second-variation-weighted-eigenvalues.md 41bf9527 RELEASED
tools/secular-chebyshev-jacobi-rootcount.md 9bdd4382 RELEASED
tools/band-selfconsistency-equivariance.md 82c7846a STILL_BLOCKED
tools/band-selfconsistency-equivariance.md cb146a64 STILL_BLOCKED
tools/band-selfconsistency-equivariance.md dcd09930 STILL_BLOCKED
tools/band-selfconsistency-equivariance.md 41bf9527 STILL_BLOCKED
tools/band-selfconsistency-equivariance.md a545cf14 RELEASED
tools/bloch-band.md 9bdd4382 RELEASED
tools/gap-band-extremals.md 82c7846a RELEASED
tools/green-half-inertia.md 82c7846a STILL_BLOCKED
tools/green-half-inertia.md cb146a64 STILL_BLOCKED
tools/green-half-inertia.md dcd09930 STILL_BLOCKED
tools/green-half-inertia.md 41bf9527 STILL_BLOCKED
tools/green-half-inertia.md c5d5701e RELEASED
tools/half-problem-regularized-green.md 82c7846a STILL_BLOCKED
tools/half-problem-regularized-green.md cb146a64 STILL_BLOCKED
tools/half-problem-regularized-green.md dcd09930 STILL_BLOCKED
tools/half-problem-regularized-green.md 41bf9527 STILL_BLOCKED
tools/half-problem-regularized-green.md c5d5701e RELEASED
Released requested 22 obligations on 8 current cards through original API.
