✔ [8557/8621] Built SL.AuditRound10 (17s)
⚠ [8558/8621] Built SL.AuditRound11 (18s)
warning: SL/AuditRound11.lean:209:5: Variable name `h` is not explicitly referenced.

The binding can be removed (if unused) or named `_` (if used implicitly).

Note: This linter can be disabled with `set_option linter.unusedVariables false`
warning: SL/AuditRound11.lean:212:5: Variable name `h` is not explicitly referenced.

The binding can be removed (if unused) or named `_` (if used implicitly).

Note: This linter can be disabled with `set_option linter.unusedVariables false`
warning: SL/AuditRound11.lean:215:5: Variable name `h` is not explicitly referenced.

The binding can be removed (if unused) or named `_` (if used implicitly).

Note: This linter can be disabled with `set_option linter.unusedVariables false`
warning: SL/AuditRound11.lean:223:5: Variable name `h` is not explicitly referenced.

The binding can be removed (if unused) or named `_` (if used implicitly).

Note: This linter can be disabled with `set_option linter.unusedVariables false`
warning: SL/AuditRound11.lean:236:12: Variable name `h` is not explicitly referenced.

The binding can be removed (if unused) or named `_` (if used implicitly).

Note: This linter can be disabled with `set_option linter.unusedVariables false`
warning: SL/AuditRound11.lean:243:12: Variable name `h` is not explicitly referenced.

The binding can be removed (if unused) or named `_` (if used implicitly).

Note: This linter can be disabled with `set_option linter.unusedVariables false`
✔ [8559/8621] Built SL.AuditRound12 (18s)
✔ [8560/8621] Built SL.Analysis.IntervalL2 (18s)
✔ [8561/8621] Built SL.AuditRound3 (11s)
⚠ [8562/8621] Built SL.AuditRound5 (13s)
warning: SL/AuditRound5.lean:119:30: Used `tac1 <;> tac2` where `(tac1; tac2)` would suffice

Note: This linter can be disabled with `set_option linter.unnecessarySeqFocus false`
✔ [8563/8621] Built SL.AuditRound2 (14s)
⚠ [8565/8621] Built SL.AuditRound7 (14s)
warning: SL/AuditRound7.lean:116:30: Used `tac1 <;> tac2` where `(tac1; tac2)` would suffice

Note: This linter can be disabled with `set_option linter.unnecessarySeqFocus false`
warning: SL/AuditRound7.lean:116:42: Used `tac1 <;> tac2` where `(tac1; tac2)` would suffice

Note: This linter can be disabled with `set_option linter.unnecessarySeqFocus false`
✔ [8566/8621] Built SL.AuditRound8 (16s)
✔ [8567/8621] Built SL.AuditRound9 (14s)
⚠ [8571/8621] Replayed SL.MinDirectionAudit_Scaffold
warning: SL/MinDirectionAudit_Scaffold.lean:22:8: declaration uses `sorry`
✔ [8573/8621] Built SL.Weighted.Model (15s)
⚠ [8574/8621] Built SL.Krein.IntegralDomain (16s)
warning: SL/Krein/IntegralDomain.lean:32:37: This simp argument is unused:
  uIcc_of_le HAB.le

Hint: Omit it from the simp argument list.
  simp [̵u̵I̵c̵c̵_̵o̵f̵_̵l̵e̵ ̵H̵A̵B̵.̵l̵e̵,̵ ̵H̵A̵B̵.̵l̵e̵]̵[̲H̲A̲B̲.̲l̲e̲]̲

Note: This linter can be disabled with `set_option linter.unusedSimpArgs false`
✔ [8575/8621] Built SL.AuditRound6 (20s)
⚠ [8578/8621] Built SL.DensBCO1pDecision (165s)
warning: SL/DensBCO1pDecision.lean:19:8: declaration uses `sorry`
warning: SL/DensBCO1pDecision.lean:23:6: declaration uses `sorry`
⚠ [8579/8621] Built SL.O1pLD_L2_Scaffold (185s)
warning: SL/O1pLD_L2_Scaffold.lean:32:8: declaration uses `sorry`
warning: SL/O1pLD_L2_Scaffold.lean:36:8: declaration uses `sorry`
warning: SL/O1pLD_L2_Scaffold.lean:40:8: declaration uses `sorry`
warning: SL/O1pLD_L2_Scaffold.lean:44:8: declaration uses `sorry`
warning: SL/O1pLD_L2_Scaffold.lean:48:8: declaration uses `sorry`
warning: SL/O1pLD_L2_Scaffold.lean:53:8: declaration uses `sorry`
warning: SL/O1pLD_L2_Scaffold.lean:58:8: declaration uses `sorry`
⚠ [8580/8621] Built SL.KpOddFirstZero_Scaffold (184s)
warning: SL/KpOddFirstZero_Scaffold.lean:26:8: declaration uses `sorry`
warning: SL/KpOddFirstZero_Scaffold.lean:42:8: declaration uses `sorry`
✔ [8583/8621] Built SL.KpDetCommonBeta_Scaffold (182s)
⚠ [8586/8621] Built SL.DensBCO1p3WeightedShift_Scaffold (27s)
warning: SL/DensBCO1p3WeightedShift_Scaffold.lean:23:27: Variable name `beta` is not explicitly referenced.

The binding can be removed (if unused) or named `_` (if used implicitly).

Note: This linter can be disabled with `set_option linter.unusedVariables false`
warning: SL/DensBCO1p3WeightedShift_Scaffold.lean:23:38: Variable name `lambda` is not explicitly referenced.

The binding can be removed (if unused) or named `_` (if used implicitly).

Note: This linter can be disabled with `set_option linter.unusedVariables false`
warning: SL/DensBCO1p3WeightedShift_Scaffold.lean:26:27: Variable name `beta` is not explicitly referenced.

The binding can be removed (if unused) or named `_` (if used implicitly).

Note: This linter can be disabled with `set_option linter.unusedVariables false`
warning: SL/DensBCO1p3WeightedShift_Scaffold.lean:29:8: declaration uses `sorry`
warning: SL/DensBCO1p3WeightedShift_Scaffold.lean:34:8: declaration uses `sorry`
⚠ [8588/8621] Built SL.DensBCO1p2Hlambda (28s)
warning: SL/DensBCO1p2Hlambda.lean:19:8: declaration uses `sorry`
warning: SL/DensBCO1p2Hlambda.lean:23:6: declaration uses `sorry`
✖ [8589/8621] Building SL.B3GeneralAlternatingChebyshev_Scaffold (28s)
trace: .> LEAN_PATH=F:\LaTeX\BVE research\lean-proof\.lake\packages\Cli\.lake\build\lib\lean;F:\LaTeX\BVE research\lean-proof\.lake\packages\batteries\.lake\build\lib\lean;F:\LaTeX\BVE research\lean-proof\.lake\packages\Qq\.lake\build\lib\lean;F:\LaTeX\BVE research\lean-proof\.lake\packages\aesop\.lake\build\lib\lean;F:\LaTeX\BVE research\lean-proof\.lake\packages\proofwidgets\.lake\build\lib\lean;F:\LaTeX\BVE research\lean-proof\.lake\packages\importGraph\.lake\build\lib\lean;F:\LaTeX\BVE research\lean-proof\.lake\packages\LeanSearchClient\.lake\build\lib\lean;F:\LaTeX\BVE research\lean-proof\.lake\packages\plausible\.lake\build\lib\lean;F:\LaTeX\BVE research\lean-proof\.lake\packages\mathlib\.lake\build\lib\lean;F:\LaTeX\BVE research\lean-proof\.lake\build\lib\lean c:\Users\HuangZY\.elan\toolchains\leanprover--lean4---v4.31.0\bin\lean.exe F:\LaTeX\BVE research\lean-proof\SL\B3GeneralAlternatingChebyshev_Scaffold.lean -o F:\LaTeX\BVE research\lean-proof\.lake\build\lib\lean\SL\B3GeneralAlternatingChebyshev_Scaffold.olean -i F:\LaTeX\BVE research\lean-proof\.lake\build\lib\lean\SL\B3GeneralAlternatingChebyshev_Scaffold.ilean -c F:\LaTeX\BVE research\lean-proof\.lake\build\ir\SL\B3GeneralAlternatingChebyshev_Scaffold.c --setup F:\LaTeX\BVE research\lean-proof\.lake\build\ir\SL\B3GeneralAlternatingChebyshev_Scaffold.setup.json --json
error: SL/B3GeneralAlternatingChebyshev_Scaffold.lean:56:0: unterminated comment
error: Lean exited with code 1
⚠ [8591/8621] Built SL.DensBCO1p3BandShift (29s)
warning: SL/DensBCO1p3BandShift.lean:21:8: declaration uses `sorry`
warning: SL/DensBCO1p3BandShift.lean:25:6: declaration uses `sorry`
warning: SL/DensBCO1p3BandShift.lean:29:6: declaration uses `sorry`
warning: SL/DensBCO1p3BandShift.lean:33:8: declaration uses `sorry`
✔ [8592/8621] Built SL.Weighted.L2Bridge (15s)
✔ [8593/8621] Built SL.Krein.PolynomialBridge (15s)
⚠ [8595/8621] Replayed SL.DensBC_O1_Scaffold
warning: SL/DensBC_O1_Scaffold.lean:24:8: declaration uses `sorry`
warning: SL/DensBC_O1_Scaffold.lean:30:8: declaration uses `sorry`
warning: SL/DensBC_O1_Scaffold.lean:35:8: declaration uses `sorry`
warning: SL/DensBC_O1_Scaffold.lean:41:8: declaration uses `sorry`
⚠ [8599/8621] Built SL.B3FixedN_Scaffold (26s)
warning: SL/B3FixedN_Scaffold.lean:26:17: Variable name `R` is not explicitly referenced.

The binding can be removed (if unused) or named `_` (if used implicitly).

Note: This linter can be disabled with `set_option linter.unusedVariables false`
warning: SL/B3FixedN_Scaffold.lean:26:25: Variable name `rho` is not explicitly referenced.

The binding can be removed (if unused) or named `_` (if used implicitly).

Note: This linter can be disabled with `set_option linter.unusedVariables false`
warning: SL/B3FixedN_Scaffold.lean:29:11: Variable name `n` is not explicitly referenced.

The binding can be removed (if unused) or named `_` (if used implicitly).

Note: This linter can be disabled with `set_option linter.unusedVariables false`
warning: SL/B3FixedN_Scaffold.lean:29:19: Variable name `rho` is not explicitly referenced.

The binding can be removed (if unused) or named `_` (if used implicitly).

Note: This linter can be disabled with `set_option linter.unusedVariables false`
warning: SL/B3FixedN_Scaffold.lean:33:27: Variable name `R` is not explicitly referenced.

The binding can be removed (if unused) or named `_` (if used implicitly).

Note: This linter can be disabled with `set_option linter.unusedVariables false`
warning: SL/B3FixedN_Scaffold.lean:33:35: Variable name `n` is not explicitly referenced.

The binding can be removed (if unused) or named `_` (if used implicitly).

Note: This linter can be disabled with `set_option linter.unusedVariables false`
warning: SL/B3FixedN_Scaffold.lean:33:43: Variable name `rho` is not explicitly referenced.

The binding can be removed (if unused) or named `_` (if used implicitly).

Note: This linter can be disabled with `set_option linter.unusedVariables false`
warning: SL/B3FixedN_Scaffold.lean:38:8: declaration uses `sorry`
warning: SL/B3FixedN_Scaffold.lean:45:12: Variable name `P` is not explicitly referenced.

The binding can be removed (if unused) or named `_` (if used implicitly).

Note: This linter can be disabled with `set_option linter.unusedVariables false`
warning: SL/B3FixedN_Scaffold.lean:49:8: declaration uses `sorry`
⚠ [8600/8621] Built SL.A6Root1RationalNoGo_Scaffold (26s)
warning: SL/A6Root1RationalNoGo_Scaffold.lean:31:33: Variable name `e` is not explicitly referenced.

The binding can be removed (if unused) or named `_` (if used implicitly).

Note: This linter can be disabled with `set_option linter.unusedVariables false`
warning: SL/A6Root1RationalNoGo_Scaffold.lean:35:21: Variable name `e` is not explicitly referenced.

The binding can be removed (if unused) or named `_` (if used implicitly).

Note: This linter can be disabled with `set_option linter.unusedVariables false`
warning: SL/A6Root1RationalNoGo_Scaffold.lean:35:33: Variable name `d` is not explicitly referenced.

The binding can be removed (if unused) or named `_` (if used implicitly).

Note: This linter can be disabled with `set_option linter.unusedVariables false`
warning: SL/A6Root1RationalNoGo_Scaffold.lean:43:8: declaration uses `sorry`
warning: SL/A6Root1RationalNoGo_Scaffold.lean:50:8: declaration uses `sorry`
✔ [8601/8621] Built SL.Krein.IntegralConstruction (14s)
⚠ [8602/8621] Replayed SL.LeftDefDensity_Scaffold
warning: SL/LeftDefDensity_Scaffold.lean:23:8: declaration uses `sorry`
warning: SL/LeftDefDensity_Scaffold.lean:29:8: declaration uses `sorry`
warning: SL/LeftDefDensity_Scaffold.lean:34:8: declaration uses `sorry`
warning: SL/LeftDefDensity_Scaffold.lean:39:8: declaration uses `sorry`
warning: SL/LeftDefDensity_Scaffold.lean:44:8: declaration uses `sorry`
warning: SL/LeftDefDensity_Scaffold.lean:50:8: declaration uses `sorry`
✔ [8610/8621] Built SL.Weighted.ConstantDD (16s)
✔ [8613/8621] Built SL.Krein.PolynomialEnergy (16s)
⚠ [8616/8621] Replayed SL.HsOperatorDomain_Scaffold
warning: SL/HsOperatorDomain_Scaffold.lean:40:19: Variable name `c` is not explicitly referenced.

The binding can be removed (if unused) or named `_` (if used implicitly).

Note: This linter can be disabled with `set_option linter.unusedVariables false`
warning: SL/HsOperatorDomain_Scaffold.lean:40:27: Variable name `f` is not explicitly referenced.

The binding can be removed (if unused) or named `_` (if used implicitly).

Note: This linter can be disabled with `set_option linter.unusedVariables false`
warning: SL/HsOperatorDomain_Scaffold.lean:43:18: Variable name `c` is not explicitly referenced.

The binding can be removed (if unused) or named `_` (if used implicitly).

Note: This linter can be disabled with `set_option linter.unusedVariables false`
warning: SL/HsOperatorDomain_Scaffold.lean:43:26: Variable name `p` is not explicitly referenced.

The binding can be removed (if unused) or named `_` (if used implicitly).

Note: This linter can be disabled with `set_option linter.unusedVariables false`
warning: SL/HsOperatorDomain_Scaffold.lean:47:8: declaration uses `sorry`
warning: SL/HsOperatorDomain_Scaffold.lean:54:8: declaration uses `sorry`
warning: SL/HsOperatorDomain_Scaffold.lean:60:8: declaration uses `sorry`
warning: SL/HsOperatorDomain_Scaffold.lean:66:8: declaration uses `sorry`
warning: SL/HsOperatorDomain_Scaffold.lean:72:8: declaration uses `sorry`
warning: SL/HsOperatorDomain_Scaffold.lean:78:8: declaration uses `sorry`
warning: SL/HsOperatorDomain_Scaffold.lean:85:8: declaration uses `sorry`
warning: SL/HsOperatorDomain_Scaffold.lean:90:8: declaration uses `sorry`
⚠ [8618/8621] Built SL.Krein.LinearDomain (16s)
warning: SL/Krein/LinearDomain.lean:97:26: This simp argument is unused:
  MemLp.toLp_zero

Hint: Omit it from the simp argument list.
  simp [polynomial_rep,̵ ̵M̵e̵m̵L̵p̵.̵t̵o̵L̵p̵_̵z̵e̵r̵o̵]

Note: This linter can be disabled with `set_option linter.unusedSimpArgs false`
✔ [8619/8621] Built SL.Krein.WeakDerivative (14s)
⚠ [8620/8621] Built SL.AuditRound4 (31s)
warning: SL/AuditRound4.lean:473:4: Used `tac1 <;> tac2` where `(tac1; tac2)` would suffice

Note: This linter can be disabled with `set_option linter.unnecessarySeqFocus false`
Some required targets logged failures:
- SL.B3GeneralAlternatingChebyshev_Scaffold
