⚠ [2866/2931] Replayed SL.Krein.IntegralDomain
warning: SL/Krein/IntegralDomain.lean:32:37: This simp argument is unused:
  uIcc_of_le HAB.le

Hint: Omit it from the simp argument list.
  simp [̵u̵I̵c̵c̵_̵o̵f̵_̵l̵e̵ ̵H̵A̵B̵.̵l̵e̵,̵ ̵H̵A̵B̵.̵l̵e̵]̵[̲H̲A̲B̲.̲l̲e̲]̲

Note: This linter can be disabled with `set_option linter.unusedSimpArgs false`
⚠ [2867/2931] Replayed SL.AuditRound5
warning: SL/AuditRound5.lean:119:30: Used `tac1 <;> tac2` where `(tac1; tac2)` would suffice

Note: This linter can be disabled with `set_option linter.unnecessarySeqFocus false`
⚠ [2883/2931] Replayed SL.Krein.LinearDomain
warning: SL/Krein/LinearDomain.lean:97:26: This simp argument is unused:
  MemLp.toLp_zero

Hint: Omit it from the simp argument list.
  simp [polynomial_rep,̵ ̵M̵e̵m̵L̵p̵.̵t̵o̵L̵p̵_̵z̵e̵r̵o̵]

Note: This linter can be disabled with `set_option linter.unusedSimpArgs false`
⚠ [2940/2941] Built SLVerified (12s)
warning: SLVerified.lean:42:21: Variable name `LengthPos` is not explicitly referenced.

The binding can be removed (if unused) or named `_` (if used implicitly).

Note: This linter can be disabled with `set_option linter.unusedVariables false`
warning: SLVerified.lean:43:37: Variable name `LengthPos` is not explicitly referenced.

The binding can be removed (if unused) or named `_` (if used implicitly).

Note: This linter can be disabled with `set_option linter.unusedVariables false`
warning: SLVerified.lean:43:81: Variable name `IndexPos` is not explicitly referenced.

The binding can be removed (if unused) or named `_` (if used implicitly).

Note: This linter can be disabled with `set_option linter.unusedVariables false`
Build completed successfully (2941 jobs).
