\BOOKMARK [1][-]{section.1}{\376\377\225\356\230\230\060\001\133\232\116\111\116\016\116\073\176\323\213\272}{}% 1
\BOOKMARK [2][-]{subsection.1.1}{\376\377\122\240\147\103\137\046\122\277\127\222\145\317}{section.1}% 2
\BOOKMARK [2][-]{subsection.1.2}{\376\377\213\301\146\016\176\323\147\204}{section.1}% 3
\BOOKMARK [1][-]{section.2}{\376\377\142\100\227\000\166\204\116\000\176\364\214\061\116\213\133\236}{}% 4
\BOOKMARK [1][-]{section.3}{\376\377\116\373\141\017\000\040\000g\000o\000o\000d\000\040\000r\000o\000o\000t\000\040\137\305\116\072\133\371\171\360\150\071}{}% 5
\BOOKMARK [2][-]{subsection.3.1}{\376\377\166\370\117\115\123\330\221\317\116\016\174\276\170\156\166\370\117\115\203\003\126\364}{section.3}% 6
\BOOKMARK [2][-]{subsection.3.2}{\376\377\232\330\133\306\136\246\123\072\225\364\166\204\117\040\217\223\116\015\123\330\221\317}{section.3}% 7
\BOOKMARK [2][-]{subsection.3.3}{\376\377\153\213\135\356\155\210\121\103}{section.3}% 8
\BOOKMARK [2][-]{subsection.3.4}{\376\377\166\370\117\115\153\324\166\204\116\045\150\074\123\125\214\003\140\047}{section.3}% 9
\BOOKMARK [1][-]{section.4}{\376\377\133\371\171\360\176\277\116\012\166\204\174\276\170\156\116\000\176\364\226\115\176\364}{}% 10
\BOOKMARK [2][-]{subsection.4.1}{\376\377\133\371\171\360\123\302\145\160\116\016\131\107\120\166\123\112\225\356\230\230}{section.4}% 11
\BOOKMARK [2][-]{subsection.4.2}{\376\377\214\061\226\231\133\374\145\160\116\016\000\040\000c\000a\000n\000o\000n\000i\000c\000a\000l\000\040\000r\000e\000s\000i\000d\000u\000a\000l}{section.4}% 12
\BOOKMARK [1][-]{section.5}{\376\377\133\371\171\360\150\007\221\317\153\213\135\356\166\204\125\057\116\000\226\366\160\271}{}% 13
\BOOKMARK [2][-]{subsection.5.1}{\376\377\133\271\146\023\131\004\164\006\166\204\123\072\127\337\000\040\000c\000\040\000g\000e\000\040\0001\000/\0002}{section.5}% 14
\BOOKMARK [2][-]{subsection.5.2}{\376\377\121\163\225\056\137\025\164\006}{section.5}% 15
\BOOKMARK [3][-]{subsubsection.5.2.1}{\376\377\154\277\166\370\117\115\146\362\176\277\166\204\133\371\145\160\133\374\145\160}{subsection.5.2}% 16
\BOOKMARK [3][-]{subsubsection.5.2.2}{\376\377\142\212\000\040\000G\0002\000<\0000\000\040\226\120\122\066\122\060\175\047\166\322}{subsection.5.2}% 17
\BOOKMARK [3][-]{subsubsection.5.2.3}{\376\377\154\277\166\370\117\115\146\362\176\277\166\204\116\214\226\066\133\374\145\160\116\016\116\214\176\364\123\302\145\160\123\026}{subsection.5.2}% 18
\BOOKMARK [3][-]{subsubsection.5.2.4}{\376\377\117\064\226\217\124\175\230\230\000\040\000\050\000L\000O\000G\000\051\000\040\166\204\211\343\147\220\213\301\146\016\000\040\000\050\000E\0001\000\051}{subsection.5.2}% 19
\BOOKMARK [3][-]{subsubsection.5.2.5}{\376\377\213\301\143\156\122\006\134\102\116\016\167\037\146\362\176\277\123\072\127\337\116\012\166\204\211\343\147\220\123\026\215\357\176\277}{subsection.5.2}% 20
\BOOKMARK [3][-]{subsubsection.5.2.6}{\376\377\000J\0002\000\040\166\204\133\214\121\150\211\343\147\220\213\301\146\016\000\040\000\050\000E\0001\000\051}{subsection.5.2}% 21
\BOOKMARK [2][-]{subsection.5.3}{\376\377\133\371\171\360\176\277\116\012\140\160\147\011\116\000\116\052\000\040\000g\000o\000o\000d\000\040\000r\000o\000o\000t}{section.5}% 22
\BOOKMARK [1][-]{section.6}{\376\377\000O\0003\000a\000\040\166\204\147\000\176\310\124\010\142\020}{}% 23
\BOOKMARK [1][-]{section.7}{\376\377\217\271\165\114\060\001\230\235\131\026\000\040\000s\000h\000e\000e\000t\000s\000\040\116\016\131\061\215\045\215\357\176\277\133\241\213\241}{}% 24
\BOOKMARK [1][-]{section.8}{\376\377\213\301\143\156\134\102\153\041\116\016\123\206\123\362\131\015\163\260\124\010\124\014}{}% 25
\BOOKMARK [2][-]{subsection.8.1}{\376\377\123\206\123\362\213\301\116\146\116\000\211\310\000\040\000\050\135\362\220\000\137\171\000\051}{section.8}% 26
\BOOKMARK [2][-]{subsection.8.2}{\376\377\123\125\123\330\221\317\116\213\133\236\232\214\213\301\126\150\000\040\000\050\123\206\123\362\000,\000\040\135\362\220\000\137\171\000\051}{section.8}% 27
\BOOKMARK [2][-]{subsection.8.3}{\376\377\121\205\133\271\124\310\136\014}{section.8}% 28
\BOOKMARK [1][-]{section.9}{\376\377\000B\000l\000u\000e\000p\000r\000i\000n\000t\000\040\232\214\145\066\116\016\213\301\146\016\214\061\174\373}{}% 29
\BOOKMARK [1][-]{section.10}{\376\377\176\323\213\272}{}% 30
\BOOKMARK [1][-]{appendix.A}{\376\377\147\011\164\006\123\005\176\334\213\301\116\146\140\073\210\150}{}% 31
\BOOKMARK [1][-]{appendix.B}{\376\377\173\046\123\367\220\037\147\345}{}% 32
\BOOKMARK [1][-]{appendix.C}{\376\377\123\357\131\015\163\260\116\247\162\151\117\115\177\156}{}% 33
