\BOOKMARK [1][-]{section.1}{\376\377\225\356\230\230\060\001\133\232\116\111\116\016\116\073\133\232\164\006}{}% 1
\BOOKMARK [2][-]{subsection.1.1}{\376\377\121\101\213\270\166\204\147\103\221\315\116\016\166\370\220\273\214\061\226\231}{section.1}% 2
\BOOKMARK [2][-]{subsection.1.2}{\376\377\213\301\146\016\224\376\151\202\211\310}{section.1}% 3
\BOOKMARK [1][-]{section.2}{\376\377\123\357\155\113\153\143\147\103\116\013\166\204\214\061\213\272\127\372\170\100}{}% 4
\BOOKMARK [2][-]{subsection.2.1}{\376\377\175\047\153\143\173\227\133\120\152\041\127\213}{section.2}% 5
\BOOKMARK [2][-]{subsection.2.2}{\376\377\171\273\145\143\214\061\060\001\133\214\131\007\140\047\116\016\147\201\134\017\147\201\131\047\121\154\137\017}{section.2}% 6
\BOOKMARK [2][-]{subsection.2.3}{\376\377\153\143\122\031\140\047\116\016\123\125\140\047}{section.2}% 7
\BOOKMARK [1][-]{section.3}{\376\377\000L\000-\000i\000n\000f\000i\000n\000i\000t\000y\000\040\147\103\116\013\166\204\000\040\000P\000r\000\374\000f\000e\000r\000\040\164\006\213\272\116\016\116\045\150\074\116\244\225\031}{}% 8
\BOOKMARK [2][-]{subsection.3.1}{\376\377\000P\000r\000\374\000f\000e\000r\000\040\211\322\166\204\116\044\116\052\116\045\150\074\123\125\214\003\140\047}{section.3}% 9
\BOOKMARK [2][-]{subsection.3.2}{\376\377\174\276\170\156\176\323\160\271\213\241\145\160}{section.3}% 10
\BOOKMARK [2][-]{subsection.3.3}{\376\377\166\370\220\273\162\171\137\201\121\375\145\160\116\045\150\074\116\244\225\031}{section.3}% 11
\BOOKMARK [1][-]{section.4}{\376\377\137\061\146\037\214\061\217\336\176\355\140\047\116\016\116\044\116\052\147\201\120\074\166\204\133\130\127\050\140\047}{}% 12
\BOOKMARK [2][-]{subsection.4.1}{\376\377\121\101\213\270\226\306\124\010\166\204\137\061\146\037\136\217\122\027\175\047\140\047}{section.4}% 13
\BOOKMARK [2][-]{subsection.4.2}{\376\377\126\372\133\232\177\026\123\367\162\171\137\201\120\074\166\204\137\061\146\037\217\336\176\355\140\047}{section.4}% 14
\BOOKMARK [1][-]{section.5}{\376\377\116\045\150\074\000\040\000W\000r\000o\000n\000s\000k\000i\000a\000n\000\040\173\046\123\367\116\016\122\007\143\142\121\375\145\160\226\366\160\271\116\012\165\114}{}% 15
\BOOKMARK [2][-]{subsection.5.1}{\376\377\000W\000r\000o\000n\000s\000k\000i\000a\000n\000\040\127\050\145\164\116\052\137\000\123\072\225\364\121\205\116\045\150\074\116\072\215\037}{section.5}% 16
\BOOKMARK [2][-]{subsection.5.2}{\376\377\201\363\131\032\000\040\0002\000n\000\040\116\052\173\200\123\125\226\366\160\271}{section.5}% 17
\BOOKMARK [1][-]{section.6}{\376\377\116\373\141\017\147\011\165\114\145\271\124\021\166\204\000\040\000F\000e\000y\000n\000m\000a\000n\040\023\000H\000e\000l\000l\000m\000a\000n\000n\000\040\121\154\137\017}{}% 18
\BOOKMARK [1][-]{section.7}{\376\377\116\000\117\247\224\210\122\072\123\330\122\006\060\001\000b\000a\000n\000g\040\023\000b\000a\000n\000g\000\040\231\161\124\214\116\016\137\000\121\163\213\241\145\160}{}% 19
\BOOKMARK [2][-]{subsection.7.1}{\376\377\121\150\134\100\147\000\131\047\123\026\133\120\166\204\231\161\124\214\137\213}{section.7}% 20
\BOOKMARK [2][-]{subsection.7.2}{\376\377\121\150\134\100\147\000\134\017\123\026\133\120\166\204\231\161\124\214\137\213}{section.7}% 21
\BOOKMARK [2][-]{subsection.7.3}{\376\377\143\222\226\144\131\107\137\002\137\047\136\166\133\214\142\020\116\073\133\232\164\006}{section.7}% 22
\BOOKMARK [1][-]{section.8}{\376\377\217\271\165\114\140\305\137\142\116\016\123\315\117\213\230\316\226\151\133\241\213\241}{}% 23
\BOOKMARK [1][-]{section.9}{\376\377\213\241\173\227\150\070\147\345\060\001\145\207\163\056\203\003\126\364\116\016\213\301\143\156\173\111\176\247}{}% 24
\BOOKMARK [2][-]{subsection.9.1}{\376\377\145\160\120\074\135\345\117\134\123\352\142\177\142\305\213\301\117\052\123\213\122\233\155\113\213\325}{section.9}% 25
\BOOKMARK [2][-]{subsection.9.2}{\376\377\145\207\163\056\133\232\117\115\116\016\116\015\231\226\122\033\130\360\146\016}{section.9}% 26
\BOOKMARK [1][-]{section.10}{\376\377\135\362\211\343\121\263\176\323\213\272\116\016\116\315\137\000\145\076\166\204\225\356\230\230}{}% 27
\BOOKMARK [2][-]{subsection.10.1}{\376\377\147\054\213\301\146\016\135\362\176\317\225\355\124\010\166\204\121\205\133\271}{section.10}% 28
\BOOKMARK [2][-]{subsection.10.2}{\376\377\147\054\213\301\146\016\154\241\147\011\211\343\121\263\166\204\124\016\176\355\225\356\230\230}{section.10}% 29
\BOOKMARK [1][-]{section.11}{\376\377\213\301\146\016\123\005\176\321\133\232\116\016\000\040\000B\000l\000u\000e\000p\000r\000i\000n\000t\000\040\143\245\145\066\162\266\140\001}{}% 30
\BOOKMARK [1][-]{appendix.A}{\376\377\116\111\122\241\116\016\213\301\146\016\117\115\177\156\133\371\161\147\210\150}{}% 31
\BOOKMARK [1][-]{appendix.B}{\376\377\147\000\131\047\123\026\116\016\147\000\134\017\123\026\231\161\124\214\137\213\220\037\147\345}{}% 32
