\BOOKMARK [1][-]{section.1}{\376\377\225\356\230\230\213\276\133\232\060\001\213\241\145\160\176\246\133\232\116\016\116\073\133\232\164\006}{}% 1
\BOOKMARK [2][-]{subsection.1.1}{\376\377\123\357\155\113\147\103\221\315\166\322\116\016\166\370\220\273\214\061\226\231}{section.1}% 2
\BOOKMARK [2][-]{subsection.1.2}{\376\377\121\340\116\116\131\004\131\004\173\111\116\367\116\016\147\011\145\110\137\000\121\163}{section.1}% 3
\BOOKMARK [1][-]{section.2}{\376\377\123\357\155\113\153\143\147\103\116\013\166\204\214\061\116\213\133\236\116\016\172\357\160\271\133\232\124\021}{}% 4
\BOOKMARK [2][-]{subsection.2.1}{\376\377\153\143\122\031\140\047\060\001\123\125\140\047\116\016\122\240\147\103\137\122\116\000\123\026}{section.2}% 5
\BOOKMARK [2][-]{subsection.2.2}{\376\377\176\323\160\271\145\160\116\016\116\045\150\074\116\244\225\031}{section.2}% 6
\BOOKMARK [2][-]{subsection.2.3}{\376\377\123\363\172\357\133\374\145\160\166\204\131\107\120\166\173\046\123\367}{section.2}% 7
\BOOKMARK [1][-]{section.3}{\376\377\000W\000r\000o\000n\000s\000k\000i\000a\000n\000\040\127\050\145\164\116\052\137\000\123\072\225\364\116\045\150\074\116\072\215\037}{}% 8
\BOOKMARK [1][-]{section.4}{\376\377\122\007\143\142\121\375\145\160\166\204\174\276\170\156\226\366\160\271\121\154\137\017}{}% 9
\BOOKMARK [2][-]{subsection.4.1}{\376\377\153\317\116\052\176\323\160\271\123\072\225\364\166\204\120\074\127\337}{section.4}% 10
\BOOKMARK [1][-]{section.5}{\376\377\000F\000e\000y\000n\000m\000a\000n\040\023\000H\000e\000l\000l\000m\000a\000n\000n\000\040\121\154\137\017\116\016\166\322\176\246\147\137\166\204\133\214\121\150\231\161\124\214}{}% 11
\BOOKMARK [2][-]{subsection.5.1}{\376\377\116\373\141\017\147\011\165\114\145\271\124\021\166\204\116\000\226\066\121\154\137\017}{section.5}% 12
\BOOKMARK [2][-]{subsection.5.2}{\376\377\147\000\131\047\123\026\116\016\147\000\134\017\123\026\166\204\116\044\171\315\231\161\124\214\137\213}{section.5}% 13
\BOOKMARK [2][-]{subsection.5.3}{\376\377\226\366\160\271\226\306\124\010\116\016\147\011\145\110\137\000\121\163\226\306\124\010\123\314\124\021\166\370\173\111}{section.5}% 14
\BOOKMARK [1][-]{section.6}{\376\377\121\150\134\100\127\127\200\375\221\317\116\015\123\330\221\317}{}% 15
\BOOKMARK [1][-]{section.7}{\376\377\172\357\160\271\122\032\140\047\116\016\174\276\170\156\000\040\0002\000n\000\040\176\323\213\272}{}% 16
\BOOKMARK [1][-]{section.8}{\376\377\220\073\217\221\117\235\215\126\060\001\122\115\143\320\131\121\176\246\116\016\227\136\137\252\163\257\140\047\133\241\213\241}{}% 17
\BOOKMARK [2][-]{subsection.8.1}{\376\377\227\136\137\252\163\257\140\047\211\201\160\271}{section.8}% 18
\BOOKMARK [2][-]{subsection.8.2}{\376\377\221\317\213\315\116\016\122\115\143\320\217\271\165\114}{section.8}% 19
\BOOKMARK [1][-]{section.9}{\376\377\217\271\165\114\140\305\137\142\116\016\133\371\142\227\140\047\133\241\213\241}{}% 20
\BOOKMARK [2][-]{subsection.9.1}{\376\377\133\232\116\111\116\016\217\271\165\114\150\300\147\345}{section.9}% 21
\BOOKMARK [2][-]{subsection.9.2}{\376\377\224\210\133\371\157\134\127\050\225\031\213\357\166\204\145\073\121\373}{section.9}% 22
\BOOKMARK [1][-]{section.10}{\376\377\145\160\120\074\123\213\122\233\155\113\213\325\166\204\213\301\143\156\217\271\165\114}{}% 23
\BOOKMARK [1][-]{section.11}{\376\377\135\362\176\317\211\343\121\263\166\204\203\003\126\364\116\016\116\315\137\000\145\076\166\204\225\356\230\230}{}% 24
\BOOKMARK [2][-]{subsection.11.1}{\376\377\147\054\213\301\146\016\135\362\176\317\225\355\124\010\166\204\121\205\133\271}{section.11}% 25
\BOOKMARK [2][-]{subsection.11.2}{\376\377\116\315\161\066\137\000\145\076\142\026\147\052\127\050\147\054\145\207\211\343\121\263\166\204\225\356\230\230}{section.11}% 26
\BOOKMARK [1][-]{section.12}{\376\377\145\207\163\056\133\232\117\115\116\016\231\226\122\033\140\047\217\271\165\114}{}% 27
\BOOKMARK [1][-]{section.13}{\376\377\000B\000l\000u\000e\000p\000r\000i\000n\000t\000\040\213\301\146\016\123\005\176\321\133\232\116\016\137\205\143\245\145\066\133\127\153\265}{}% 28
\BOOKMARK [2][-]{subsection.13.1}{\376\377\135\362\176\317\121\273\176\323\136\166\162\354\172\313\150\070\232\214\166\204\145\160\133\146\133\371\214\141}{section.13}% 29
\BOOKMARK [2][-]{subsection.13.2}{\376\377\147\000\176\310\000\040\000p\000r\000o\000p\000o\000s\000a\000l\060\001\000r\000e\000v\000i\000e\000w\000\040\116\016\000\040\000i\000n\000t\000e\000g\000r\000a\000t\000i\000o\000n\000\040\143\245\145\066\213\260\137\125}{section.13}% 30
\BOOKMARK [1][-]{appendix.A}{\376\377\147\201\120\074\217\276\122\060\140\047\166\204\201\352\155\075\213\301\146\016}{}% 31
\BOOKMARK [1][-]{appendix.B}{\376\377\213\301\146\016\116\111\122\241\116\016\211\343\226\144\117\115\177\156\133\371\161\147\210\150}{}% 32
\BOOKMARK [1][-]{appendix.C}{\376\377\173\046\123\367\220\037\147\345}{}% 33
