\BOOKMARK [1][-]{section.1}{\376\377\225\356\230\230\116\016\213\260\123\367}{}% 1
\BOOKMARK [2][-]{subsection.1.1}{\376\377\213\276\133\232}{section.1}% 2
\BOOKMARK [2][-]{subsection.1.2}{\376\377\147\201\226\120\174\373\176\337}{section.1}% 3
\BOOKMARK [2][-]{subsection.1.3}{\376\377\116\073\133\232\164\006}{section.1}% 4
\BOOKMARK [1][-]{section.2}{\376\377\116\045\150\074\213\301\146\016}{}% 5
\BOOKMARK [2][-]{subsection.2.1}{\376\377\166\370\117\115\116\016\000\040\000s\000e\000c\000u\000l\000a\000r\000\040\145\271\172\013}{section.2}% 6
\BOOKMARK [2][-]{subsection.2.2}{\376\377\166\370\117\115\142\354\123\367\000\040\000\050\137\025\164\006\000\040\0002\000.\0001\000\051}{section.2}% 7
\BOOKMARK [2][-]{subsection.2.3}{\376\377\137\025\164\006\000\040\000A\000\040\000\050\116\013\165\114\000\051}{section.2}% 8
\BOOKMARK [2][-]{subsection.2.4}{\376\377\155\361\000\040\000s\000l\000i\000v\000e\000r\000\040\116\013\165\114}{section.2}% 9
\BOOKMARK [2][-]{subsection.2.5}{\376\377\000T\0002\000:\000\040\000D\000\040\166\204\123\125\214\003\176\323\147\204\116\016\125\057\116\000\116\064\165\114\160\271}{section.2}% 10
\BOOKMARK [2][-]{subsection.2.6}{\376\377\000T\0003\000:\000\040\123\072\225\364\123\005\124\053}{section.2}% 11
\BOOKMARK [2][-]{subsection.2.7}{\376\377\000T\0001\000:\000\040\147\201\226\120\116\016\217\321\147\201\134\017\123\026\133\120\145\066\145\133}{section.2}% 12
\BOOKMARK [1][-]{section.3}{\376\377\213\241\173\227\147\072\217\205\122\251\213\244\213\301\000\040\000\050\136\070\145\160\000\051}{}% 13
\BOOKMARK [2][-]{subsection.3.1}{\376\377\155\361\000\040\000s\000l\000i\000v\000e\000r\000\040\213\244\213\301\000\040\000\050\201\032\147\054\000\040\0001\0006\000\051}{section.3}% 14
\BOOKMARK [2][-]{subsection.3.2}{\376\377\116\055\173\111\123\072\127\337\213\244\213\301\000\040\000\050\201\032\147\054\000\040\0001\0007\000\051}{section.3}% 15
\BOOKMARK [2][-]{subsection.3.3}{\376\377\137\025\164\006\000\040\000A\000\040\166\204\162\354\172\313\160\271\232\214\213\301\000\040\000\050\201\032\147\054\000\040\0001\0008\000\051}{section.3}% 16
\BOOKMARK [2][-]{subsection.3.4}{\376\377\116\073\224\376\136\070\145\160\213\244\213\301\000\040\000\050\201\032\147\054\000\040\0001\0009\000\051}{section.3}% 17
\BOOKMARK [1][-]{section.4}{\376\377\145\160\120\074\213\301\143\156\000\040\000\050\227\136\213\301\146\016\000\051}{}% 18
\BOOKMARK [1][-]{section.5}{\376\377\155\211\123\312\122\060\166\204\145\160\133\146\167\345\213\306}{}% 19
\BOOKMARK [1][-]{section.6}{\376\377\145\207\163\056}{}% 20
