\BOOKMARK [1][-]{section.1}{\376\377\225\356\230\230\060\001\133\232\116\111\116\016\116\073\176\323\213\272}{}% 1
\BOOKMARK [2][-]{subsection.1.1}{\376\377\226\061\145\317\116\016\166\370\117\115\123\330\221\317}{section.1}% 2
\BOOKMARK [2][-]{subsection.1.2}{\376\377\153\213\135\356\116\016\000\040\000s\000i\000g\000n\000-\000c\000o\000n\000s\000i\000s\000t\000e\000n\000t\000\040\000g\000o\000o\000d\000\040\000r\000o\000o\000t}{section.1}% 3
\BOOKMARK [2][-]{subsection.1.3}{\376\377\116\073\133\232\164\006}{section.1}% 4
\BOOKMARK [1][-]{section.2}{\376\377\213\301\143\156\150\007\154\350\176\246\133\232}{}% 5
\BOOKMARK [1][-]{section.3}{\376\377\122\115\116\044\152\041\140\001\166\204\173\046\123\367\116\016\226\366\160\271}{}% 6
\BOOKMARK [1][-]{section.4}{\376\377\131\026\117\247\166\370\117\115\203\003\126\364\116\016\152\041\140\001\140\122\173\111\137\017}{}% 7
\BOOKMARK [1][-]{section.5}{\376\377\230\221\163\207\153\324\116\012\165\114\000\040\000\050\003\304\000<\0002\000\051}{}% 8
\BOOKMARK [1][-]{section.6}{\376\377\117\040\217\223\060\001\203\003\145\160\225\355\137\017\116\016\153\213\135\356\155\210\121\103}{}% 9
\BOOKMARK [2][-]{subsection.6.1}{\376\377\117\040\217\223\140\122\173\111\137\017}{section.6}% 10
\BOOKMARK [2][-]{subsection.6.2}{\376\377\123\363\226\061\174\373\145\160\000\040\000C\000\040\116\016\203\003\145\160\225\355\137\017}{section.6}% 11
\BOOKMARK [2][-]{subsection.6.3}{\376\377\153\213\135\356\155\210\121\103}{section.6}% 12
\BOOKMARK [1][-]{section.7}{\376\377\166\370\117\115\153\324\121\375\145\160\000\040\000r\003\304\000\040\166\204\174\276\170\156\176\323\147\204}{}% 13
\BOOKMARK [1][-]{section.8}{\376\377\171\273\217\164\000\040\000g\000o\000o\000d\000\040\000r\000o\000o\000t\000\040\166\204\143\222\226\144}{}% 14
\BOOKMARK [1][-]{section.9}{\376\377\116\073\133\232\164\006\166\204\213\301\146\016}{}% 15
\BOOKMARK [1][-]{section.10}{\376\377\133\371\000\040\000I\000N\000F\000\040\225\356\230\230\166\204\143\250\213\272\116\016\122\151\117\131\177\072\123\343}{}% 16
\BOOKMARK [2][-]{subsection.10.1}{\376\377\135\362\170\156\172\313\166\204\143\250\213\272\000\040\000\050\000S\000T\000R\000I\000C\000T\000\040\224\376\000\051}{section.10}% 17
\BOOKMARK [2][-]{subsection.10.2}{\376\377\122\151\117\131\177\072\123\343\000\040\000\050\137\000\145\076\000,\000\040\213\332\133\236\166\173\213\260\000\051}{section.10}% 18
\BOOKMARK [1][-]{section.11}{\376\377\145\160\120\074\213\301\143\156\166\173\213\260}{}% 19
\BOOKMARK [1][-]{section.12}{\376\377\155\211\123\312\122\060\166\204\145\160\133\146\167\345\213\306}{}% 20
\BOOKMARK [1][-]{section.13}{\376\377\226\104\137\125\000:\000\040\173\046\123\367\140\122\173\111\137\017\116\016\145\160\120\074\143\242\224\210\156\005\123\125}{}% 21
\BOOKMARK [2][-]{subsection.13.1}{\376\377\173\046\123\367\140\122\173\111\137\017\000\040\000\050\000E\0001\000\040\217\205\122\251\150\070\232\214\000\051}{section.13}% 22
\BOOKMARK [2][-]{subsection.13.2}{\376\377\145\160\120\074\143\242\224\210\000\040\000\050\000E\0003\000,\000\040\116\305\116\244\123\311\150\300\232\214\000\051}{section.13}% 23
