\BOOKMARK [1][-]{section.1}{\376\377\137\025\212\000\116\016\225\356\230\230\165\114\133\232}{}% 1
\BOOKMARK [1][-]{section.2}{\376\377\145\207\163\056\176\374\217\360}{}% 2
\BOOKMARK [2][-]{subsection.2.1}{\376\377\000K\000e\000l\000l\000e\000r\000:\000\040\116\044\116\052\162\171\137\201\120\074\116\113\153\324\166\204\147\000\134\017\120\074\000\040\000\050\0001\0009\0007\0006\000\051}{section.2}% 3
\BOOKMARK [2][-]{subsection.2.2}{\376\377\000M\000a\000h\000a\000r\000-\000W\000i\000l\000l\000n\000e\000r\000:\000\040\147\201\120\074\162\171\137\201\120\074\225\356\230\230\000\040\000\050\0001\0009\0007\0006\000\051}{section.2}% 4
\BOOKMARK [2][-]{subsection.2.3}{\376\377\000W\000i\000l\000l\000n\000e\000r\000-\000M\000a\000h\000a\000r\000:\000\040\116\214\176\364\162\171\137\201\120\074\123\072\127\337\000\040\000\050\0001\0009\0008\0002\000\051}{section.2}% 5
\BOOKMARK [2][-]{subsection.2.4}{\376\377\000A\000s\000h\000b\000a\000u\000g\000h\000-\000B\000e\000n\000g\000u\000r\000i\000a\000:\000\040\000S\000L\000\040\173\227\133\120\162\171\137\201\120\074\153\324\120\074\000\040\000\050\0001\0009\0009\0003\000\051}{section.2}% 6
\BOOKMARK [2][-]{subsection.2.5}{\376\377\000H\000u\000a\000n\000g\000:\000\040\137\046\166\204\121\371\133\306\136\246\116\016\123\125\134\360\133\306\136\246\000\040\000\050\0001\0009\0009\0009\000\051}{section.2}% 7
\BOOKMARK [2][-]{subsection.2.6}{\376\377\000K\000i\000s\000s\000:\000\040\123\125\226\061\122\277\000\040\000S\000c\000h\000r\000\366\000d\000i\000n\000g\000e\000r\000\040\173\227\133\120\166\204\153\324\120\074\165\114\000\040\000\050\0002\0000\0000\0006\000\051}{section.2}% 8
\BOOKMARK [2][-]{subsection.2.7}{\376\377\000H\000e\000d\000h\000l\000y\000:\000\040\123\125\226\061\133\306\136\246\166\204\162\171\137\201\120\074\153\324\120\074\000\040\000\050\0002\0000\0002\0001\000\051}{section.2}% 9
\BOOKMARK [2][-]{subsection.2.8}{\376\377\0002\0000\0002\0006\000\040\136\164\166\204\145\260\176\323\147\234\000\040\000\050\144\130\211\201\176\247\000\051}{section.2}% 10
\BOOKMARK [2][-]{subsection.2.9}{\376\377\121\166\116\326\200\314\146\157}{section.2}% 11
\BOOKMARK [1][-]{section.3}{\376\377\116\073\211\201\133\232\164\006\000:\000\040\121\150\136\217\122\027\116\012\170\156\165\114}{}% 12
\BOOKMARK [1][-]{section.4}{\376\377\000K\000e\000l\000l\000e\000r\000\040\133\232\164\006\000:\000\040\000l\000a\000m\000b\000d\000a\0002\000/\000l\000a\000m\000b\000d\000a\0001\000\040\166\204\116\013\170\156\165\114}{}% 13
\BOOKMARK [1][-]{section.5}{\376\377\121\163\225\056\146\364\153\143\000:\000\040\166\370\220\273\153\324\120\074\116\013\170\156\165\114\146\057\137\000\145\076\225\356\230\230}{}% 14
\BOOKMARK [2][-]{subsection.5.1}{\376\377\123\315\117\213\145\317}{section.5}% 15
\BOOKMARK [2][-]{subsection.5.2}{\376\377\160\271\140\001\123\125\214\003\140\047\116\072\120\107}{section.5}% 16
\BOOKMARK [1][-]{section.6}{\376\377\126\372\133\232\000\040\000n\000\040\166\204\163\034\140\363\116\016\200\375\136\046\147\201\226\120\000\040\000\050\137\000\145\076\000\051}{}% 17
\BOOKMARK [1][-]{section.7}{\376\377\145\160\120\074\232\214\213\301\210\150}{}% 18
\BOOKMARK [1][-]{section.8}{\376\377\131\061\215\045\145\271\154\325\166\173\213\260\116\016\176\317\232\214\145\131\213\255}{}% 19
\BOOKMARK [1][-]{section.9}{\376\377\137\000\145\076\225\356\230\230\116\016\124\016\176\355\145\271\124\021}{}% 20
\BOOKMARK [1][-]{section.10}{\376\377\155\211\123\312\122\060\166\204\145\160\133\146\167\345\213\306}{}% 21
\BOOKMARK [2][-]{subsection.10.1}{\376\377\000S\000L\000\040\214\061\164\006\213\272}{section.10}% 22
\BOOKMARK [2][-]{subsection.10.2}{\376\377\147\201\120\074\145\271\154\325}{section.10}% 23
\BOOKMARK [2][-]{subsection.10.3}{\376\377\124\150\147\037\176\323\147\204\116\016\200\375\136\046}{section.10}% 24
