usage: _gapn2_second_variation_probe.py [-h] [--modes MODES]
                                        [--quad-order QUAD_ORDER] [--dps DPS]
                                        [--metric {euclidean,width-weighted}]
                                        [--fd-steps FD_STEPS [FD_STEPS ...]]
                                        [--bump-width BUMP_WIDTH]
                                        [--table TABLE] [--skip-p3]
                                        [--output OUTPUT]
                                        [n] [R] [{sup,inf}]

Finite numerical probes of D_n = lambda_{n+1} - lambda_n.

For the LINEAR density path rho + e*h, with integral rho*u_k**2 = 1,
Q(h) = D_n''(0)/2 = lambda_{n+1}*a_{n+1}**2 - lambda_n*a_n**2
  + lambda_n**2 * sum_{l != n} <h,u_n*u_l>**2/(lambda_l-lambda_n)
  - lambda_{n+1}**2 * sum_{l != n+1} <h,u_{n+1}*u_l>**2/(lambda_l-lambda_{n+1}).
Here a_k = integral h*u_k**2 and all pairings are unweighted.
This implementation truncates the sums. It supplies numerical evidence only.

P1 compares the finite sum with high-precision, finite-step central differences.
P2 samples block directions with b.A=0, A_i=integral over the TRUE block of f,
f=lambda_n*u_n**2-lambda_{n+1}*u_{n+1}**2. Euclidean projection is default;
optional width-weighted projection uses diag(widths). Direct tanh-sinh
integration of f*h checks tangency separately from analytic block integrals.
P2b already used integrals in the historical code. It shares the robust
projection/integration here; it was not the block-average projection defect.
P3 is a finite, FIXED-width bump exploration. For moving edges a_i+e*d_i,
rho'=-sum s_i*d_i*delta_i and rho''=sum s_i*d_i**2*delta'_i. Thus the
interface-path half second derivative also contains
  -(1/2)*sum s_i*d_i**2*f'(a_i).
It is different from the linear-density Hessian. A finite bump comparison,
sign difference or insufficient resolution proves neither divergence nor
failure of a limiting identity. No bump-width limit is evaluated here.

The R-206 (2026-08-13) P1 PASS/P2 definiteness/P3 NEGATIVE labels are historical,
not current validation. P1 did not require tangency for its formula, but its
old tangent label was wrong; P2 block directions must be recomputed. Sampled
signs never certify definiteness, the density-box tangent cone, or optimality.
Neither decimal input edges nor a numerical stationary solve are certificates.

Compatible CLI: python -B _gapn2_second_variation_probe.py [n] [R] [mode]
Optional --help flags expose finite resolution, truncation and FD parameters.

positional arguments:
  n
  R
  {sup,inf}

options:
  -h, --help            show this help message and exit
  --modes MODES         number of retained eigenfunctions (old default: 61)
  --quad-order QUAD_ORDER
                        Gauss nodes per actual interval
  --dps DPS
  --metric {euclidean,width-weighted}
  --fd-steps FD_STEPS [FD_STEPS ...]
  --bump-width BUMP_WIDTH
                        fixed half-width, not a limiting sequence
  --table TABLE
  --skip-p3
  --output OUTPUT       optional structured numerical evidence
