=== n=2 R=4 mode=sup lam_n=22.500442 lam_np1=85.593641 D=63.093199 ===
  P1: Q(formula) vs Q(FD) for random piecewise-constant dr:
    t=0: Q_formula=-2.00831815e-04  Q_fd=-1.98419059e-04  rel=1.22e-02  |tang|=1.65e-17
    t=1: Q_formula=-1.82100709e-03  Q_fd=-1.82254212e-03  rel=8.42e-04  |tang|=0.00e+00
    t=2: Q_formula=-7.43822820e-05  Q_fd=-7.05213665e-05  rel=5.47e-02  |tang|=1.25e-16
  P2: sign of Q on tangent space (piecewise-constant dr, tangent to f):
    t=0: Q=-1.02111078e+01
    t=1: Q=-2.87378845e+01
    t=2: Q=-1.56773413e+01
    t=3: Q=-5.81564504e+01
    t=4: Q=-1.88589146e+02
    t=5: Q=-2.97661105e+01
    t=6: Q=-1.04687704e+02
    t=7: Q=-1.36431444e+02
    sign summary: [-1. -1. -1. -1. -1. -1. -1. -1.]
  P2b: sign of Q on tangent space (smooth trig dr, tangent to f):
    t=0: Q=-4.06551549e+01  tang=-2.84e-14
    t=1: Q=-4.70308068e+01  tang=0.00e+00
    t=2: Q=-6.54142324e+02  tang=0.00e+00
    t=3: Q=-2.76567083e+01  tang=4.44e-15
    t=4: Q=-7.36152072e+01  tang=-1.42e-14
    t=5: Q=-7.25308232e+02  tang=0.00e+00
  P3: bang-bang Q vs Hessian/K sector forms:
    t=0: Q(Hess)=-9.58016220e+02  Q(naive bump formula)=2.27834602e+02  rel=1.24e+00
    t=1: Q(Hess)=-1.97228493e+03  Q(naive bump formula)=3.82851549e+02  rel=1.19e+00
    t=2: Q(Hess)=-8.08692833e+03  Q(naive bump formula)=-5.31458317e+02  rel=9.34e-01
