=== n=2 R=1 mode=sup lam_n=39.478418 lam_np1=88.826440 D=49.348022 ===
  P1: Q(formula) vs Q(FD) for random piecewise-constant dr:
    t=0: Q_formula=-2.15781770e-04  Q_fd=-2.17426077e-04  rel=7.56e-03  |tang|=2.73e-17
    t=1: Q_formula=1.12983594e-03  Q_fd=1.12976295e-03  rel=6.46e-05  |tang|=0.00e+00
    t=2: Q_formula=-2.76734296e-04  Q_fd=-2.79953838e-04  rel=1.15e-02  |tang|=2.50e-16
  P2: sign of Q on tangent space (piecewise-constant dr, tangent to f):
    t=0: Q=4.87995038e+00
    t=1: Q=2.72253588e+01
    t=2: Q=9.71612681e+00
    t=3: Q=2.08952434e+01
    t=4: Q=7.09183455e+01
    t=5: Q=7.89624766e+00
    t=6: Q=1.31323317e+02
    t=7: Q=1.03885800e+02
    sign summary: [1. 1. 1. 1. 1. 1. 1. 1.]
  P2b: sign of Q on tangent space (smooth trig dr, tangent to f):
    t=0: Q=-5.28208516e+01  tang=1.78e-15
    t=1: Q=-3.49211227e+01  tang=-1.78e-15
    t=2: Q=-3.71314626e+02  tang=0.00e+00
    t=3: Q=-2.45737588e+01  tang=-3.55e-15
    t=4: Q=9.08950326e+01  tang=0.00e+00
    t=5: Q=-3.14006602e+02  tang=1.42e-14
  P3: bang-bang Q vs Hessian/K sector forms:
    t=0: Q(Hess)=0.00000000e+00  Q(naive bump formula)=0.00000000e+00  rel=0.00e+00
    t=1: Q(Hess)=0.00000000e+00  Q(naive bump formula)=0.00000000e+00  rel=0.00e+00
    t=2: Q(Hess)=0.00000000e+00  Q(naive bump formula)=0.00000000e+00  rel=0.00e+00
