{
	"manifest": "/mnt/f/tools/math-audit-round11-20260926/formal-reviewer/stateless-a8e81148d09f/evidence/closure-wrong-type-01/run-manifest.json",
	"files_scanned": 1,
	"hits": [
		{
			"file": "/mnt/f/tools/math-audit-round11-20260926/formal-reviewer/stateless-a8e81148d09f/closure-control-project/ClosureControl.lean",
			"line": 2,
			"kind": "axiom"
		}
	],
	"build_exit_code": 0,
	"machine_verification_passed": true,
	"exact_root_passed": false,
	"root_closure": {
		"status": "target_mismatch",
		"exact_root_passed": false,
		"reason": "the expected type or frozen definition/environment identity does not match"
	},
	"semantic": {
		"status": "not_reviewed",
		"reused": false,
		"semantic_sha256": "9136375625ed9b13cca349db9df01162e673bb3907c1988271c27e8317eeadcf"
	}
}
