{
  "candidate_sha256": "53c5ccd85c28f1a5a1e2e37a4eed4e8dc450025eaf313aae15df028eb1f9d31e",
  "cases": [
    {
      "case": "n2R4SUP",
      "max_P1_P2_direct_residual": 7.500462406111531e-15,
      "P1_max_absolute_fd_error": 8.733148975682836e-09,
      "P1_max_relative_fd_error": 1.5360541662516668e-05,
      "P2_sample_signs": "8 negative / 0 positive",
      "stationary_residual": 3.3163891616225046e-14
    },
    {
      "case": "n3R4SUP",
      "max_P1_P2_direct_residual": 5.163111376032985e-15,
      "P1_max_absolute_fd_error": 5.258339228451925e-08,
      "P1_max_relative_fd_error": 1.6255700992507167e-05,
      "P2_sample_signs": "8 negative / 0 positive",
      "stationary_residual": 1.3678614992534635e-15
    },
    {
      "case": "n2R10SUP",
      "max_P1_P2_direct_residual": 4.9201600379405554e-15,
      "P1_max_absolute_fd_error": 6.263833265442165e-09,
      "P1_max_relative_fd_error": 2.7836705176411284e-06,
      "P2_sample_signs": "8 negative / 0 positive",
      "stationary_residual": 5.792519884336466e-16
    },
    {
      "case": "n2R4INF",
      "max_P1_P2_direct_residual": 2.7456208126938723e-16,
      "P1_max_absolute_fd_error": 3.2035700269748846e-09,
      "P1_max_relative_fd_error": 0.005009319858922509,
      "P2_sample_signs": "1 negative / 7 positive",
      "stationary_residual": 2.3299524457324216e-13
    }
  ],
  "artifact_identity_checks": "matched",
  "repository_root_agents_changed_externally": true
}
