=== n=2 R=10 mode=sup; FINITE EVIDENCE, modes=61 order=64 ===
  metric=euclidean; A from 60-digit analytic block integrals; independent direct f*h quadrature
  P1: finite-sum vs finite-step FD errors
    t=0: Q=-5.679073469651e-04  direct integral f*h=-2.33692518432650808659540221247e-18
      h=1.0e-02 Q_FD=-5.679081779207e-04 abs_error=8.310e-10 rel_error=1.4631865322995709e-06
      h=1.0e-03 Q_FD=-5.679081793161e-04 abs_error=8.324e-10 rel_error=1.465643588301395e-06
      h=1.0e-04 Q_FD=-5.679081793300e-04 abs_error=8.324e-10 rel_error=1.4656681589606261e-06
    t=1: Q=-6.185163693252e-03  direct integral f*h=-4.61427583522820944282660344107e-17
      h=1.0e-02 Q_FD=-6.185169842642e-03 abs_error=6.149e-09 rel_error=9.942151662324088e-07
      h=1.0e-03 Q_FD=-6.185169955952e-03 abs_error=6.263e-09 rel_error=1.0125348543608975e-06
      h=1.0e-04 Q_FD=-6.185169957085e-03 abs_error=6.264e-09 rel_error=1.0127180512261718e-06
    t=2: Q=-7.242714916710e-05  direct integral f*h=4.51000229889672706838979134498e-18
      h=1.0e-02 Q_FD=-7.242735077393e-05 abs_error=2.016e-10 rel_error=2.7835730476706155e-06
      h=1.0e-03 Q_FD=-7.242735078092e-05 abs_error=2.016e-10 rel_error=2.7836695526715796e-06
      h=1.0e-04 Q_FD=-7.242735078099e-05 abs_error=2.016e-10 rel_error=2.7836705176411284e-06
  P2: 8 sampled tangent directions (no definiteness claim)
    t=0: Q=-3.844761794248e+01  direct integral f*h=-1.8856304875878254684802258887e-16
    t=1: Q=-1.099089650257e+02  direct integral f*h=2.61689115773593052681289369212e-15
    t=2: Q=-4.372537112870e+01  direct integral f*h=-9.64169097077327183758287914573e-16
    t=3: Q=-1.406400320906e+02  direct integral f*h=-3.33649928819983543238621272643e-16
    t=4: Q=-4.961168999460e+02  direct integral f*h=4.92016003794055527506353193496e-15
    t=5: Q=-7.123786371504e+01  direct integral f*h=2.32912167073510561651563396161e-15
    t=6: Q=-3.754452196596e+02  direct integral f*h=-3.40187337022084135577763315394e-16
    t=7: Q=-3.716266289100e+02  direct integral f*h=3.86305858093158800390973830887e-15
    sampled signs: [-1. -1. -1. -1. -1. -1. -1. -1.] (finite samples only)
  P2b: integral-based trig projection, shared robustness changes only:
    t=0: Q=-4.809025832040e+01 direct integral f*h=4.13976982704754283263018122104e-14
    t=1: Q=-6.424848531058e+01 direct integral f*h=-4.77791477241672064921034998317e-14
    t=2: Q=-9.494770705634e+02 direct integral f*h=3.59458065957485363589919899409e-13
    t=3: Q=-3.465621107563e+01 direct integral f*h=8.09511037100756553084546013242e-14
    t=4: Q=-2.680380229350e+02 direct integral f*h=-8.66422950325193633799557182835e-14
    t=5: Q=-1.166615402275e+03 direct integral f*h=-2.28889446588611138020693514554e-13
  P3: fixed bump half-width 5.000e-04; no limiting or sign theorem:
    t=0 Q_edge=-2.30527692e+03 Q_linear_bump=2.89719713e+02 half_accel=-2.54708885e+03 finite_diff=-4.791e+01
    t=1 Q_edge=-4.26962945e+03 Q_linear_bump=8.21833735e+02 half_accel=-5.00824540e+03 finite_diff=-8.322e+01
    t=2 Q_edge=-2.08571112e+04 Q_linear_bump=-4.29046321e+03 half_accel=-1.62639093e+04 finite_diff=-3.027e+02
