=== n=2 R=1 mode=sup; FINITE EVIDENCE, modes=61 order=64 ===
  metric=euclidean; A from 60-digit analytic block integrals; independent direct f*h quadrature
  P1: finite-sum vs finite-step FD errors
    t=0: Q=-2.212013284878e-04  direct integral f*h=5.85817420809517033254524938066e-18
      h=1.0e-02 Q_FD=-2.212208121575e-04 abs_error=1.948e-08 rel_error=8.80734025942316e-05
      h=1.0e-03 Q_FD=-2.212208131578e-04 abs_error=1.948e-08 rel_error=8.807792396479419e-05
      h=1.0e-04 Q_FD=-2.212208131678e-04 abs_error=1.948e-08 rel_error=8.807796917849716e-05
    t=1: Q=1.072838915936e-03  direct integral f*h=1.02905344475462097615423491794e-17
      h=1.0e-02 Q_FD=1.072828792132e-03 abs_error=1.012e-08 rel_error=9.43655145251302e-06
      h=1.0e-03 Q_FD=1.072828770968e-03 abs_error=1.014e-08 rel_error=9.456278505900524e-06
      h=1.0e-04 Q_FD=1.072828770757e-03 abs_error=1.015e-08 rel_error=9.456475776335247e-06
    t=2: Q=-3.552118277994e-04  direct integral f*h=-5.76995109183648998307149737904e-18
      h=1.0e-02 Q_FD=-3.552283850383e-04 abs_error=1.656e-08 rel_error=4.6610123401339714e-05
      h=1.0e-03 Q_FD=-3.552283859164e-04 abs_error=1.656e-08 rel_error=4.661259536009848e-05
      h=1.0e-04 Q_FD=-3.552283859252e-04 abs_error=1.656e-08 rel_error=4.6612620079649384e-05
  P2: 8 sampled tangent directions (no definiteness claim)
    t=0: Q=-1.354358962005e+00  direct integral f*h=-1.09678767408398570642317398846e-15
    t=1: Q=2.747822248387e+01  direct integral f*h=-2.90126441599028084168784750926e-15
    t=2: Q=9.543807880443e+00  direct integral f*h=2.56766776093701306407989974709e-16
    t=3: Q=1.956087667382e+01  direct integral f*h=-1.52583202207394606843653997605e-15
    t=4: Q=6.703827873895e+01  direct integral f*h=2.3853355164662929890962423168e-15
    t=5: Q=7.853046519596e+00  direct integral f*h=-3.11162380646277568591183401118e-16
    t=6: Q=1.319354992182e+02  direct integral f*h=3.01187851638453152625836989462e-15
    t=7: Q=1.018444294364e+02  direct integral f*h=-3.98703802305177776990201220267e-15
    sampled signs: [-1.  1.  1.  1.  1.  1.  1.  1.] (finite samples only)
  P2b: integral-based trig projection, shared robustness changes only:
    t=0: Q=-5.282085156264e+01 direct integral f*h=9.04191712107700455788833209134e-15
    t=1: Q=-3.492112267276e+01 direct integral f*h=-5.90850899607654061108791409366e-14
    t=2: Q=-3.713146261692e+02 direct integral f*h=7.67198188953322624771310854476e-14
    t=3: Q=-2.457375884202e+01 direct integral f*h=8.89773010452322331675650045231e-16
    t=4: Q=9.089503259509e+01 direct integral f*h=7.18241490935548666651582626139e-14
    t=5: Q=-3.140066016888e+02 direct integral f*h=-5.0217550706653225036779658185e-15
  P3: fixed bump half-width 5.000e-04; no limiting or sign theorem:
    t=0 Q_edge=0.00000000e+00 Q_linear_bump=0.00000000e+00 half_accel=-0.00000000e+00 finite_diff=0.000e+00
    t=1 Q_edge=0.00000000e+00 Q_linear_bump=0.00000000e+00 half_accel=-0.00000000e+00 finite_diff=0.000e+00
    t=2 Q_edge=0.00000000e+00 Q_linear_bump=0.00000000e+00 half_accel=-0.00000000e+00 finite_diff=0.000e+00
