F:\tools\math-audit-round12-20260926\formal-author\project\ExportRound12.lean:36:77: error(lean.invalidField): Invalid field `setNat`: The environment does not contain `Lean.Options.setNat`, so it is not possible to project the field `setNat` from an expression
  (O.setBool `pp.universes true).setBool `pp.explicit true
of type `Options`
F:\tools\math-audit-round12-20260926\formal-author\project\ExportRound12.lean:53:49: error: Application type mismatch: The argument
  Name.lt
has type
  Lean.Name → Bool
but is expected to have type
  autoParam (Lean.Name → Lean.Name → Bool) Array.qsort._auto_1
in the application
  @Array.qsort Lean.Name Axioms Name.lt
F:\tools\math-audit-round12-20260926\formal-author\project\ExportRound12.lean:56:117: error: Application type mismatch: The argument
  Name.toString
has type
  String
but is expected to have type
  Lean.Name → ?m.520 __discr✝¹ __discr✝ x✝ __do_lift✝ Name r✝ Info PrintedType Readable Records Body Axioms
in the application
  Array.map Name.toString
F:\tools\math-audit-round12-20260926\formal-author\project\ExportRound12.lean:61:0: error: elaboration function for `«command#export_round12»` has not been implemented
