test_actual_batch_rechecks_share_one_input_version (test_lean_develop_real.RealDevelopControls) ... ok
test_actual_buffer_freshness_and_unavailable_compiler (test_lean_develop_real.RealDevelopControls) ... ok
test_actual_long_type_is_complete_in_probe_and_strict_extraction (test_lean_develop_real.RealDevelopControls) ... ok
test_actual_nested_candidate_rejects_overlapping_output_save_and_batch (test_lean_develop_real.RealDevelopControls) ... ok
test_actual_save_rechecks_dependency_after_import_query (test_lean_develop_real.RealDevelopControls) ... ok
test_actual_status_rejects_late_tool_and_binding_read_changes (test_lean_develop_real.RealDevelopControls) ... FAIL
test_actual_verify_rejects_every_late_strict_tool_change (test_lean_develop_real.RealDevelopControls) ... ok
test_actual_warm_entrance_and_target_extension (test_lean_develop_real.RealDevelopControls) ... ok
test_candidate_failure_revision_save_new_target_and_old_entry (test_lean_develop_real.RealDevelopControls) ... ok
test_real_workflow_resume_and_duplicate_dispatch (test_lean_develop_real.RealDevelopControls) ... ok
test_wrong_extra_hypotheses_missing_roots_and_transitive_assumptions (test_lean_develop_real.RealDevelopControls) ... ok

======================================================================
FAIL: test_actual_status_rejects_late_tool_and_binding_read_changes (test_lean_develop_real.RealDevelopControls)
----------------------------------------------------------------------
Traceback (most recent call last):
  File "F:\tools\lean-joint-20261008\plugin\source-freeze-v3\plugins\lean-verify\scripts\tests\test_lean_develop_real.py", line 323, in test_actual_status_rejects_late_tool_and_binding_read_changes
    self.run_tool_race_fixture("status")
  File "F:\tools\lean-joint-20261008\plugin\source-freeze-v3\plugins\lean-verify\scripts\tests\test_lean_develop_real.py", line 315, in run_tool_race_fixture
    self.assertEqual(Process.returncode, 0, Log.read_text(encoding="utf-8", errors="replace")[-8000:])
AssertionError: 1 != 0 : Traceback (most recent call last):
  File "F:\tools\lean-joint-20261008\plugin\source-freeze-v3\plugins\lean-verify\scripts\tests\develop_tool_race_fixture.py", line 114, in <module>
    assert Events and not Status["exact_root_passed"] and not Status["verification"]["batch_current"], Status
AssertionError: {'child_identity': '134359547277259090', 'child_pid': 38940, 'command': ['C:\\Users\\HuangZY\\AppData\\Local\\Programs\\Python\\Python310\\python.exe', '-X', 'utf8', 'F:\\tools\\lean-joint-20261008\\plugin\\develop-real-ujv1jh5r\\7\\tool-status\\replica\\plugins\\lean-verify\\scripts\\lean_develop.py', '--project', 'F:\\tools\\lean-joint-20261008\\plugin\\develop-real-ujv1jh5r\\7\\tool-status\\status\\project', '--output', 'F:\\tools\\lean-joint-20261008\\plugin\\develop-real-ujv1jh5r\\7\\tool-status\\status\\output', '--lean', 'C:\\Users\\HuangZY\\.elan\\toolchains\\leanprover--lean4---v4.31.0\\bin\\lean.exe', '--lake', 'C:\\Users\\HuangZY\\.elan\\toolchains\\leanprover--lean4---v4.31.0\\bin\\lake.exe', '--timeout', '90.0', '--direct', 'verify', '--targets', 'F:\\tools\\lean-joint-20261008\\plugin\\develop-real-ujv1jh5r\\7\\tool-status\\status\\project\\targets.json'], 'completed_at': '2026-10-08T17:39:53.412224+00:00', 'created_at': '2026-10-08T17:38:47.547586+00:00', 'cwd': '.', 'descendants_may_still_run': False, 'execution_inputs_after': {'Src/First.lean': {'resolved_path': 'Src/First.lean', 'sha256': 'e753a6bd6eb4b088b7e13840ba0ef55a3be7757225198e5de91599761d4a0557'}, 'Src/Second.lean': {'resolved_path': 'Src/Second.lean', 'sha256': '8437c1fadfc4af71c1cc1540d257c715044d72446448549effe855e99f2284e9'}, 'lean-toolchain': {'resolved_path': 'lean-toolchain', 'sha256': '465c68148dd061230368e3cbe5d1d2973069172b48b684c928ef1a665b627832'}, 'targets.json': {'resolved_path': 'targets.json', 'sha256': '7bbf8b5d3218fb40bb9b4a9fd6dc88b33c0efde01715beb8cd608a7abb34a93e'}}, 'execution_inputs_before': {'Src/First.lean': {'resolved_path': 'Src/First.lean', 'sha256': 'e753a6bd6eb4b088b7e13840ba0ef55a3be7757225198e5de91599761d4a0557'}, 'Src/Second.lean': {'resolved_path': 'Src/Second.lean', 'sha256': '8437c1fadfc4af71c1cc1540d257c715044d72446448549effe855e99f2284e9'}, 'lean-toolchain': {'resolved_path': 'lean-toolchain', 'sha256': '465c68148dd061230368e3cbe5d1d2973069172b48b684c928ef1a665b627832'}, 'targets.json': {'resolved_path': 'targets.json', 'sha256': '7bbf8b5d3218fb40bb9b4a9fd6dc88b33c0efde01715beb8cd608a7abb34a93e'}}, 'exit_code': 0, 'input_mismatch_detected': False, 'inputs': {'Src/First.lean': {'resolved_path': 'Src/First.lean', 'sha256': 'e753a6bd6eb4b088b7e13840ba0ef55a3be7757225198e5de91599761d4a0557'}, 'Src/Second.lean': {'resolved_path': 'Src/Second.lean', 'sha256': '8437c1fadfc4af71c1cc1540d257c715044d72446448549effe855e99f2284e9'}, 'lean-toolchain': {'resolved_path': 'lean-toolchain', 'sha256': '465c68148dd061230368e3cbe5d1d2973069172b48b684c928ef1a665b627832'}, 'targets.json': {'resolved_path': 'targets.json', 'sha256': '7bbf8b5d3218fb40bb9b4a9fd6dc88b33c0efde01715beb8cd608a7abb34a93e'}}, 'job_id': 'tool-status', 'kind': 'local', 'request_sha256': '7aabc526fe3e85edd5f15c718bfbcf99541b6f2fc13e2755daf19577d714eaaf', 'schema': 'research-job/v2', 'started_at': '2026-10-08T17:38:47.712524+00:00', 'state': 'SUCCEEDED', 'stderr': '.research-state/jobs/tool-status.stderr.log', 'stderr_sha256': 'e3b0c44298fc1c149afbf4c8996fb92427ae41e4649b934ca495991b7852b855', 'stdout': '.research-state/jobs/tool-status.stdout.log', 'stdout_sha256': '47eff7a0819e390fc577713ed17baf26b3e0d1bb1e5fea3d0a14301a0dc24523', 'supervisor_identity': '134359547275544762', 'supervisor_pid': 40452, 'timeout_seconds': 360.0, 'updated_at': '2026-10-08T17:39:53.427224+00:00', 'inputs_match': True, 'changed_inputs': [], 'result_evidence_matches': True, 'observed_inputs_match_request': True, 'recorded_inputs_match_current': True, 'result_applies_to_current_inputs': None, 'applicability_scope': 'Recorded hashes and observed boundaries only. Arbitrary commands and external observations do not certify immutable execution inputs or mathematical applicability.', 'mathematical_verdict': 'NOT_INFERRED_FROM_JOB_STATUS', 'supervisor_log': '.research-state/jobs/tool-status.supervisor.log', 'exact_root_passed': False, 'verification': {'summary': 'F:\\tools\\lean-joint-20261008\\plugin\\develop-real-ujv1jh5r\\7\\tool-status\\status\\output\\development-result.json', 'checks': [{'status': 'stale', 'snapshot_current': False, 'exact_root_passed': False, 'declaration': 'first', 'semantic_sha256': '5aa4e54da73cea9800290c20a000aa0b225e7249791545d20201bbc02741df63', 'manifest_sha256': 'c17ac35697592b46436fbefef67cfb2164b681a9d1304abdef7f452f2e238314', 'reasons': ['source:Src\\First.lean'], 'scope': 'saved evidence and current Lean module resolution checked; no new kernel proof replay'}, {'status': 'stale', 'snapshot_current': False, 'exact_root_passed': False, 'declaration': 'second', 'semantic_sha256': 'ae1b79856f0b769ce10d701df4a7a0aaa3413a071494f9e9a2446b473f8b5ba0', 'manifest_sha256': '12fbbaa847a47081a6df2759b9733d00b74152841f90a53fb6d916e99c890fa6', 'reasons': ['source:Src\\First.lean'], 'scope': 'saved evidence and current Lean module resolution checked; no new kernel proof replay'}], 'batch_current': True}}


----------------------------------------------------------------------
Ran 11 tests in 1106.519s

FAILED (failures=1)
