RUN ('950', '1300', '10', '150', 'F:\\LaTeX\\BVE research\\runs\\rigorous-open-math-research\\R-20260807T163000Z-c1center-9C4E2A\\reproducibility\\e11_fine1.json')
 violR=1
  t=96s
R=1020.0: min_hp=+1.561e-03 hpz=0 hz=1 h_a0=-9.012e-03 h_beta=+1.184e-02 violL=0 violR=1
  t=110s
R=1030.0: min_hp=+1.144e-03 hpz=0 hz=1 h_a0=-8.953e-03 h_beta=+1.179e-02 violL=0 violR=1
  t=124s
R=1040.0: min_hp=+7.670e-04 hpz=0 hz=1 h_a0=-8.895e-03 h_beta=+1.173e-02 violL=0 violR=1
  t=136s
R=1050.0: min_hp=+4.231e-04 hpz=0 hz=1 h_a0=-8.839e-03 h_beta=+1.167e-02 violL=0 violR=1
  t=147s
R=1060.0: min_hp=+1.083e-04 hpz=0 hz=1 h_a0=-8.784e-03 h_beta=+1.162e-02 violL=0 violR=1
  t=157s
R=1070.0: min_hp=-1.811e-04 hpz=1 hz=1 h_a0=-8.730e-03 h_beta=+1.157e-02 violL=0 violR=1
  t=166s
R=1080.0: min_hp=-4.482e-04 hpz=3 hz=1 h_a0=-8.678e-03 h_beta=+1.151e-02 violL=0 violR=1
  t=175s
R=1090.0: min_hp=-6.955e-04 hpz=3 hz=1 h_a0=-8.626e-03 h_beta=+1.146e-02 violL=0 violR=1
  t=181s
R=1100.0: min_hp=-9.252e-04 hpz=3 hz=1 h_a0=-8.576e-03 h_beta=+1.141e-02 violL=0 violR=1
  t=187s
R=1110.0: min_hp=-1.139e-03 hpz=3 hz=1 h_a0=-8.527e-03 h_beta=+1.136e-02 violL=0 violR=1
  t=192s
R=1120.0: min_hp=-1.339e-03 hpz=3 hz=1 h_a0=-8.478e-03 h_beta=+1.131e-02 violL=0 violR=1
  t=197s
R=1130.0: min_hp=-1.526e-03 hpz=3 hz=1 h_a0=-8.431e-03 h_beta=+1.126e-02 violL=0 violR=1
  t=202s
R=1140.0: min_hp=-1.701e-03 hpz=3 hz=1 h_a0=-8.384e-03 h_beta=+1.121e-02 violL=0 violR=1
  t=207s
R=1150.0: min_hp=-1.866e-03 hpz=3 hz=1 h_a0=-8.338e-03 h_beta=+1.116e-02 violL=0 violR=1
  t=212s
R=1160.0: min_hp=-2.021e-03 hpz=3 hz=1 h_a0=-8.294e-03 h_beta=+1.111e-02 violL=0 violR=1
  t=217s
R=1170.0: min_hp=-2.167e-03 hpz=3 hz=1 h_a0=-8.249e-03 h_beta=+1.106e-02 violL=0 violR=1
  t=222s
R=1180.0: min_hp=-2.304e-03 hpz=3 hz=1 h_a0=-8.206e-03 h_beta=+1.101e-02 violL=0 violR=1
  t=226s
R=1190.0: min_hp=-2.435e-03 hpz=3 hz=1 h_a0=-8.163e-03 h_beta=+1.097e-02 violL=0 violR=1
  t=230s
R=1200.0: min_hp=-2.558e-03 hpz=3 hz=1 h_a0=-8.121e-03 h_beta=+1.092e-02 violL=0 violR=1
  t=234s
R=1210.0: min_hp=-2.675e-03 hpz=3 hz=1 h_a0=-8.080e-03 h_beta=+1.088e-02 violL=0 violR=1
  t=238s
R=1220.0: min_hp=-2.786e-03 hpz=3 hz=1 h_a0=-8.040e-03 h_beta=+1.083e-02 violL=0 violR=1
  t=242s
R=1230.0: min_hp=-2.891e-03 hpz=3 hz=1 h_a0=-8.000e-03 h_beta=+1.079e-02 violL=0 violR=1
  t=246s
R=1240.0: min_hp=-2.991e-03 hpz=3 hz=1 h_a0=-7.960e-03 h_beta=+1.075e-02 violL=0 violR=1
  t=250s
R=1250.0: min_hp=-3.086e-03 hpz=3 hz=1 h_a0=-7.922e-03 h_beta=+1.070e-02 violL=0 violR=1
  t=254s
R=1260.0: min_hp=-3.177e-03 hpz=3 hz=1 h_a0=-7.884e-03 h_beta=+1.066e-02 violL=0 violR=1
  t=257s
R=1270.0: min_hp=-3.263e-03 hpz=3 hz=1 h_a0=-7.846e-03 h_beta=+1.062e-02 violL=0 violR=1
  t=261s
R=1280.0: min_hp=-3.345e-03 hpz=3 hz=1 h_a0=-7.809e-03 h_beta=+1.058e-02 violL=0 violR=1
  t=265s
R=1290.0: min_hp=-3.424e-03 hpz=3 hz=1 h_a0=-7.773e-03 h_beta=+1.054e-02 violL=0 violR=1
  t=269s
R=1300.0: min_hp=-3.499e-03 hpz=3 hz=1 h_a0=-7.737e-03 h_beta=+1.050e-02 violL=0 violR=1
  t=273s
saved F:\LaTeX\BVE research\runs\rigorous-open-math-research\R-20260807T163000Z-c1center-9C4E2A\reproducibility\e11_fine1.json elapsed 272.5

RUN ('1030', '1120', '5', '150', 'F:\\LaTeX\\BVE research\\runs\\rigorous-open-math-research\\R-20260807T163000Z-c1center-9C4E2A\\reproducibility\\e11_fine2.json')
R=1030.0: min_hp=+1.144e-03 hpz=0 hz=1 h_a0=-8.953e-03 h_beta=+1.179e-02 violL=0 violR=1
  t=3s
R=1035.0: min_hp=+9.512e-04 hpz=0 hz=1 h_a0=-8.924e-03 h_beta=+1.176e-02 violL=0 violR=1
  t=6s
R=1040.0: min_hp=+7.670e-04 hpz=0 hz=1 h_a0=-8.895e-03 h_beta=+1.173e-02 violL=0 violR=1
  t=10s
R=1045.0: min_hp=+5.911e-04 hpz=0 hz=1 h_a0=-8.867e-03 h_beta=+1.170e-02 violL=0 violR=1
  t=13s
R=1050.0: min_hp=+4.231e-04 hpz=0 hz=1 h_a0=-8.839e-03 h_beta=+1.167e-02 violL=0 violR=1
  t=17s
R=1055.0: min_hp=+2.623e-04 hpz=0 hz=1 h_a0=-8.811e-03 h_beta=+1.165e-02 violL=0 violR=1
  t=21s
R=1060.0: min_hp=+1.083e-04 hpz=0 hz=1 h_a0=-8.784e-03 h_beta=+1.162e-02 violL=0 violR=1
  t=25s
R=1065.0: min_hp=-3.939e-05 hpz=1 hz=1 h_a0=-8.757e-03 h_beta=+1.159e-02 violL=0 violR=1
  t=28s
R=1070.0: min_hp=-1.811e-04 hpz=1 hz=1 h_a0=-8.730e-03 h_beta=+1.157e-02 violL=0 violR=1
  t=32s
R=1075.0: min_hp=-3.173e-04 hpz=1 hz=1 h_a0=-8.704e-03 h_beta=+1.154e-02 violL=0 violR=1
  t=36s
R=1080.0: min_hp=-4.482e-04 hpz=3 hz=1 h_a0=-8.678e-03 h_beta=+1.151e-02 violL=0 violR=1
  t=39s
R=1085.0: min_hp=-5.742e-04 hpz=3 hz=1 h_a0=-8.652e-03 h_beta=+1.149e-02 violL=0 violR=1
  t=43s
R=1090.0: min_hp=-6.955e-04 hpz=3 hz=1 h_a0=-8.626e-03 h_beta=+1.146e-02 violL=0 violR=1
  t=47s
R=1095.0: min_hp=-8.125e-04 hpz=3 hz=1 h_a0=-8.601e-03 h_beta=+1.143e-02 violL=0 violR=1
  t=50s
R=1100.0: min_hp=-9.252e-04 hpz=3 hz=1 h_a0=-8.576e-03 h_beta=+1.141e-02 violL=0 violR=1
  t=54s
R=1105.0: min_hp=-1.034e-03 hpz=3 hz=1 h_a0=-8.551e-03 h_beta=+1.138e-02 violL=0 violR=1
  t=58s
R=1110.0: min_hp=-1.139e-03 hpz=3 hz=1 h_a0=-8.527e-03 h_beta=+1.136e-02 violL=0 violR=1
  t=61s
R=1115.0: min_hp=-1.241e-03 hpz=3 hz=1 h_a0=-8.502e-03 h_beta=+1.133e-02 violL=0 violR=1
  t=65s
R=1120.0: min_hp=-1.339e-03 hpz=3 hz=1 h_a0=-8.478e-03 h_beta=+1.131e-02 violL=0 violR=1
  t=69s
saved F:\LaTeX\BVE research\runs\rigorous-open-math-research\R-20260807T163000Z-c1center-9C4E2A\reproducibility\e11_fine2.json elapsed 68.6

