=== n=1 R=1 mode=sup; FINITE EVIDENCE, modes=61 order=64 ===
  metric=euclidean; A from 60-digit analytic block integrals; independent direct f*h quadrature
  P1: finite-sum vs finite-step FD errors
    t=0: Q=7.247924231486e-05  direct integral f*h=1.87758129496999214451631714066e-18
      h=1.0e-02 Q_FD=7.247754481623e-05 abs_error=1.697e-09 rel_error=2.3421028322138524e-05
      h=1.0e-03 Q_FD=7.247754389720e-05 abs_error=1.698e-09 rel_error=2.3433708864648398e-05
      h=1.0e-04 Q_FD=7.247754388801e-05 abs_error=1.698e-09 rel_error=2.343383567013122e-05
    t=1: Q=2.157417964001e-03  direct integral f*h=4.28582605798390205746610187381e-18
      h=1.0e-02 Q_FD=2.157416392726e-03 abs_error=1.571e-09 rel_error=7.283135705173333e-07
      h=1.0e-03 Q_FD=2.157416399535e-03 abs_error=1.564e-09 rel_error=7.251573113324817e-07
      h=1.0e-04 Q_FD=2.157416399603e-03 abs_error=1.564e-09 rel_error=7.251257485718781e-07
    t=2: Q=-7.030983317980e-05  direct integral f*h=2.4172185072033806098029203505e-18
      h=1.0e-02 Q_FD=-7.031143601124e-05 abs_error=1.603e-09 rel_error=2.2796169979545535e-05
      h=1.0e-03 Q_FD=-7.031143606342e-05 abs_error=1.603e-09 rel_error=2.2796912064852733e-05
      h=1.0e-04 Q_FD=-7.031143606394e-05 abs_error=1.603e-09 rel_error=2.2796919485750133e-05
  P2: 8 sampled tangent directions (no definiteness claim)
    t=0: Q=7.810238350598e+00  direct integral f*h=4.83824221248515041668214294893e-16
    t=1: Q=-7.643381261435e-01  direct integral f*h=-5.472757171138351792792010143e-17
    t=2: Q=-2.872002102609e-01  direct integral f*h=-8.90238180856196185123559363034e-17
    t=3: Q=5.847666176287e+00  direct integral f*h=4.1506558786212130941931196149e-16
    t=4: Q=2.618329000318e+01  direct integral f*h=-3.33839602340387129263591518375e-15
    t=5: Q=4.817894604406e+00  direct integral f*h=-8.96475594046166941754720208508e-17
    t=6: Q=1.029209938935e+00  direct integral f*h=-4.75765337471309755841448087445e-16
    t=7: Q=-5.494997889680e-01  direct integral f*h=1.92816551235886913694352400355e-17
    sampled signs: [ 1. -1. -1.  1.  1.  1.  1. -1.] (finite samples only)
  P2b: integral-based trig projection, shared robustness changes only:
    t=0: Q=-1.073054750051e+02 direct integral f*h=5.25630963164816193323144531702e-15
    t=1: Q=-1.999919637143e+01 direct integral f*h=6.39238412152809911900820285538e-16
    t=2: Q=1.908112943637e+02 direct integral f*h=6.91114506947769737071507114249e-15
    t=3: Q=1.563313370346e+01 direct integral f*h=-1.32097818883141223040096157106e-15
    t=4: Q=1.690222170598e+01 direct integral f*h=1.68820018927525208099516625634e-15
    t=5: Q=-1.342945069893e+02 direct integral f*h=1.88043321363635927428540136813e-15
  P3: fixed bump half-width 5.000e-04; no limiting or sign theorem:
    t=0 Q_edge=0.00000000e+00 Q_linear_bump=0.00000000e+00 half_accel=-0.00000000e+00 finite_diff=0.000e+00
    t=1 Q_edge=0.00000000e+00 Q_linear_bump=0.00000000e+00 half_accel=-0.00000000e+00 finite_diff=0.000e+00
    t=2 Q_edge=0.00000000e+00 Q_linear_bump=0.00000000e+00 half_accel=-0.00000000e+00 finite_diff=0.000e+00
