test_actual_e1_comps2_selected_certificate_margins (__main__.ExactChecks.test_actual_e1_comps2_selected_certificate_margins) ... ok
test_actual_e1_derivative_cells_gamma_and_tau (__main__.ExactChecks.test_actual_e1_derivative_cells_gamma_and_tau) ... ok
test_actual_e1_primitive_points_and_tau (__main__.ExactChecks.test_actual_e1_primitive_points_and_tau) ... ok
test_atan_crossing_one_zero_and_negative_one (__main__.ExactChecks.test_atan_crossing_one_zero_and_negative_one) ... ok
test_atan_reduction_boundaries_and_accuracy (__main__.ExactChecks.test_atan_reduction_boundaries_and_accuracy) ... ok
test_atan_series_explicit_domain_and_length_guards (__main__.ExactChecks.test_atan_series_explicit_domain_and_length_guards) ... ok
test_cosine_exact_false_positive_witness_is_rejected (__main__.ExactChecks.test_cosine_exact_false_positive_witness_is_rejected) ... ok
test_derivative_sign_helpers_do_not_accept_known_counterexample (__main__.ExactChecks.test_derivative_sign_helpers_do_not_accept_known_counterexample) ... ok
test_division_by_zero_interval_still_rejected (__main__.ExactChecks.test_division_by_zero_interval_still_rejected) ... ok
test_dual_atan_across_zero_has_positive_denominator (__main__.ExactChecks.test_dual_atan_across_zero_has_positive_denominator) ... ok
test_dual_sine_cosine_critical_values_and_chain_rule (__main__.ExactChecks.test_dual_sine_cosine_critical_values_and_chain_rule) ... ok
test_internal_critical_points (__main__.ExactChecks.test_internal_critical_points) ... ok
test_nonfinite_scalar_inputs_rejected (__main__.ExactChecks.test_nonfinite_scalar_inputs_rejected) ... ok
test_offset_domain_and_zero (__main__.ExactChecks.test_offset_domain_and_zero) ... ok
test_pi_enclosure (__main__.ExactChecks.test_pi_enclosure) ... ok
test_point_lagrange_envelopes_beyond_alternating_term_domain (__main__.ExactChecks.test_point_lagrange_envelopes_beyond_alternating_term_domain) ... ok
test_power_rejections_survive_optimization (__main__.ExactChecks.test_power_rejections_survive_optimization) ... ok
test_sine_oddness_cosine_evenness (__main__.ExactChecks.test_sine_oddness_cosine_evenness) ... ok
test_sqrt_domains_and_exact_rational_inequalities (__main__.ExactChecks.test_sqrt_domains_and_exact_rational_inequalities) ... ok
test_structured_interval_envelopes_and_fraction_endpoints (__main__.ExactChecks.test_structured_interval_envelopes_and_fraction_endpoints) ... ok
test_valid_power_endpoints_and_dual_derivatives (__main__.ExactChecks.test_valid_power_endpoints_and_dual_derivatives) ... ok
test_wide_sine_exact_false_positive_witness_is_rejected (__main__.ExactChecks.test_wide_sine_exact_false_positive_witness_is_rejected) ... ok

----------------------------------------------------------------------
Ran 22 tests in 26.759s

OK
