{
  "status": "AUTHOR_TESTS_PASSED",
  "optimized": false,
  "count": 469,
  "checks": [
    {
      "name": "mass-state-0-n",
      "details": {
        "max_error": 1.0658141036401503e-14,
        "limit": 3e-10
      }
    },
    {
      "name": "value-identity-0-n",
      "details": {
        "max_error": 0.0,
        "limit": 2e-14
      }
    },
    {
      "name": "quadrature-unit-mass-0-n",
      "details": {
        "max_error": 4.440892098500626e-16,
        "limit": 3e-12
      }
    },
    {
      "name": "mass-state-0-np1",
      "details": {
        "max_error": 2.220446049250313e-14,
        "limit": 3e-10
      }
    },
    {
      "name": "value-identity-0-np1",
      "details": {
        "max_error": 0.0,
        "limit": 2e-14
      }
    },
    {
      "name": "quadrature-unit-mass-0-np1",
      "details": {
        "max_error": 3.3306690738754696e-16,
        "limit": 3e-12
      }
    },
    {
      "name": "mass-state-1-n",
      "details": {
        "max_error": 4.440892098500626e-16,
        "limit": 3e-10
      }
    },
    {
      "name": "value-identity-1-n",
      "details": {
        "max_error": 0.0,
        "limit": 2e-14
      }
    },
    {
      "name": "quadrature-unit-mass-1-n",
      "details": {
        "max_error": 2.220446049250313e-16,
        "limit": 3e-12
      }
    },
    {
      "name": "mass-state-1-np1",
      "details": {
        "max_error": 7.327471962526033e-15,
        "limit": 3e-10
      }
    },
    {
      "name": "value-identity-1-np1",
      "details": {
        "max_error": 0.0,
        "limit": 2e-14
      }
    },
    {
      "name": "quadrature-unit-mass-1-np1",
      "details": {
        "max_error": 1.5543122344752192e-15,
        "limit": 3e-12
      }
    },
    {
      "name": "mass-state-2-n",
      "details": {
        "max_error": 3.552713678800501e-15,
        "limit": 3e-10
      }
    },
    {
      "name": "value-identity-2-n",
      "details": {
        "max_error": 0.0,
        "limit": 2e-14
      }
    },
    {
      "name": "quadrature-unit-mass-2-n",
      "details": {
        "max_error": 6.661338147750939e-16,
        "limit": 3e-12
      }
    },
    {
      "name": "mass-state-2-np1",
      "details": {
        "max_error": 1.6431300764452317e-14,
        "limit": 3e-10
      }
    },
    {
      "name": "value-identity-2-np1",
      "details": {
        "max_error": 0.0,
        "limit": 2e-14
      }
    },
    {
      "name": "quadrature-unit-mass-2-np1",
      "details": {
        "max_error": 2.220446049250313e-16,
        "limit": 3e-12
      }
    },
    {
      "name": "mass-state-3-n",
      "details": {
        "max_error": 1.3433698597964394e-14,
        "limit": 3e-10
      }
    },
    {
      "name": "value-identity-3-n",
      "details": {
        "max_error": 0.0,
        "limit": 2e-14
      }
    },
    {
      "name": "quadrature-unit-mass-3-n",
      "details": {
        "max_error": 1.1102230246251565e-16,
        "limit": 3e-12
      }
    },
    {
      "name": "mass-state-3-np1",
      "details": {
        "max_error": 8.881784197001252e-15,
        "limit": 3e-10
      }
    },
    {
      "name": "value-identity-3-np1",
      "details": {
        "max_error": 0.0,
        "limit": 2e-14
      }
    },
    {
      "name": "quadrature-unit-mass-3-np1",
      "details": {
        "max_error": 8.881784197001252e-16,
        "limit": 3e-12
      }
    },
    {
      "name": "mass-state-4-n",
      "details": {
        "max_error": 6.661338147750939e-16,
        "limit": 3e-10
      }
    },
    {
      "name": "value-identity-4-n",
      "details": {
        "max_error": 0.0,
        "limit": 2e-14
      }
    },
    {
      "name": "quadrature-unit-mass-4-n",
      "details": {
        "max_error": 8.881784197001252e-16,
        "limit": 3e-12
      }
    },
    {
      "name": "mass-state-4-np1",
      "details": {
        "max_error": 1.4210854715202004e-14,
        "limit": 3e-10
      }
    },
    {
      "name": "value-identity-4-np1",
      "details": {
        "max_error": 0.0,
        "limit": 2e-14
      }
    },
    {
      "name": "quadrature-unit-mass-4-np1",
      "details": {
        "max_error": 1.1102230246251565e-16,
        "limit": 3e-12
      }
    },
    {
      "name": "mass-state-5-n",
      "details": {
        "max_error": 8.881784197001252e-16,
        "limit": 3e-10
      }
    },
    {
      "name": "value-identity-5-n",
      "details": {
        "max_error": 0.0,
        "limit": 2e-14
      }
    },
    {
      "name": "quadrature-unit-mass-5-n",
      "details": {
        "max_error": 6.661338147750939e-16,
        "limit": 3e-12
      }
    },
    {
      "name": "mass-state-5-np1",
      "details": {
        "max_error": 7.771561172376096e-15,
        "limit": 3e-10
      }
    },
    {
      "name": "value-identity-5-np1",
      "details": {
        "max_error": 0.0,
        "limit": 2e-14
      }
    },
    {
      "name": "quadrature-unit-mass-5-np1",
      "details": {
        "max_error": 4.440892098500626e-16,
        "limit": 3e-12
      }
    },
    {
      "name": "mass-state-6-n",
      "details": {
        "max_error": 1.7763568394002505e-15,
        "limit": 3e-10
      }
    },
    {
      "name": "value-identity-6-n",
      "details": {
        "max_error": 0.0,
        "limit": 2e-14
      }
    },
    {
      "name": "quadrature-unit-mass-6-n",
      "details": {
        "max_error": 4.440892098500626e-16,
        "limit": 3e-12
      }
    },
    {
      "name": "mass-state-6-np1",
      "details": {
        "max_error": 2.858824288409778e-15,
        "limit": 3e-10
      }
    },
    {
      "name": "value-identity-6-np1",
      "details": {
        "max_error": 0.0,
        "limit": 2e-14
      }
    },
    {
      "name": "quadrature-unit-mass-6-np1",
      "details": {
        "max_error": 8.881784197001252e-16,
        "limit": 3e-12
      }
    },
    {
      "name": "mass-state-7-n",
      "details": {
        "max_error": 4.440892098500626e-15,
        "limit": 3e-10
      }
    },
    {
      "name": "value-identity-7-n",
      "details": {
        "max_error": 0.0,
        "limit": 2e-14
      }
    },
    {
      "name": "quadrature-unit-mass-7-n",
      "details": {
        "max_error": 6.661338147750939e-16,
        "limit": 3e-12
      }
    },
    {
      "name": "mass-state-7-np1",
      "details": {
        "max_error": 1.865174681370263e-14,
        "limit": 3e-10
      }
    },
    {
      "name": "value-identity-7-np1",
      "details": {
        "max_error": 0.0,
        "limit": 2e-14
      }
    },
    {
      "name": "quadrature-unit-mass-7-np1",
      "details": {
        "max_error": 6.661338147750939e-16,
        "limit": 3e-12
      }
    },
    {
      "name": "mass-state-8-n",
      "details": {
        "max_error": 2.886579864025407e-15,
        "limit": 3e-10
      }
    },
    {
      "name": "value-identity-8-n",
      "details": {
        "max_error": 0.0,
        "limit": 2e-14
      }
    },
    {
      "name": "quadrature-unit-mass-8-n",
      "details": {
        "max_error": 0.0,
        "limit": 3e-12
      }
    },
    {
      "name": "mass-state-8-np1",
      "details": {
        "max_error": 9.992007221626409e-16,
        "limit": 3e-10
      }
    },
    {
      "name": "value-identity-8-np1",
      "details": {
        "max_error": 0.0,
        "limit": 2e-14
      }
    },
    {
      "name": "quadrature-unit-mass-8-np1",
      "details": {
        "max_error": 4.440892098500626e-16,
        "limit": 3e-12
      }
    },
    {
      "name": "R1-closed-values-n",
      "details": {
        "max_error": 1.2310222104352645e-15,
        "limit": 2e-13
      }
    },
    {
      "name": "R1-closed-derivatives-n",
      "details": {
        "max_error": 7.993605777301127e-15,
        "limit": 2e-12
      }
    },
    {
      "name": "R1-closed-values-np1",
      "details": {
        "max_error": 1.2212453270876722e-15,
        "limit": 2e-13
      }
    },
    {
      "name": "R1-closed-derivatives-np1",
      "details": {
        "max_error": 2.220446049250313e-14,
        "limit": 2e-12
      }
    },
    {
      "name": "small-wave-mass-0.0",
      "details": {
        "max_error": 2.220446049250313e-16,
        "limit": 3e-13
      }
    },
    {
      "name": "small-wave-mass-1e-12",
      "details": {
        "max_error": 2.220446049250313e-16,
        "limit": 3e-13
      }
    },
    {
      "name": "small-wave-mass-1e-05",
      "details": {
        "max_error": 2.220446049250313e-16,
        "limit": 3e-13
      }
    },
    {
      "name": "normalized-endpoint-roundoff",
      "details": {
        "max_error": 0.0,
        "limit": 0
      }
    },
    {
      "name": "Green-keeps-strict-endpoint",
      "details": {
        "error": "ValueError",
        "message": "evaluation point lies outside the interval"
      }
    },
    {
      "name": "eigen-point--1e-09",
      "details": {
        "error": "ValueError",
        "message": "evaluation point lies outside the interval"
      }
    },
    {
      "name": "eigen-point-1.00001",
      "details": {
        "error": "ValueError",
        "message": "evaluation point lies outside the interval"
      }
    },
    {
      "name": "eigen-point-nan",
      "details": {
        "error": "ValueError",
        "message": "evaluation points must be a finite one-dimensional array"
      }
    },
    {
      "name": "eigen-point-inf",
      "details": {
        "error": "ValueError",
        "message": "evaluation points must be a finite one-dimensional array"
      }
    },
    {
      "name": "green-independent-0--100.0-D",
      "details": {
        "max_error": 1.3877787807814457e-17,
        "limit": 2e-12
      }
    },
    {
      "name": "green-permutation-0--100.0-D",
      "details": {
        "max_error": 0.0,
        "limit": 0
      }
    },
    {
      "name": "green-symmetry-0--100.0-D",
      "details": {
        "max_error": 0.0,
        "limit": 0
      }
    },
    {
      "name": "green-duplicate-0--100.0-D",
      "details": {
        "max_error": 0.0,
        "limit": 0
      }
    },
    {
      "name": "green-left-end-0--100.0-D",
      "details": {
        "max_error": 0.0,
        "limit": 0
      }
    },
    {
      "name": "green-right-end-0--100.0",
      "details": {
        "max_error": 0.0,
        "limit": 1e-14
      }
    },
    {
      "name": "full-green-route-0--100.0",
      "details": {
        "max_error": 0.0,
        "limit": 0
      }
    },
    {
      "name": "half-green-route-0--100.0-D",
      "details": {
        "max_error": 0.0,
        "limit": 0
      }
    },
    {
      "name": "green-positive-0--100.0-D",
      "details": null
    },
    {
      "name": "green-independent-0--100.0-N",
      "details": {
        "max_error": 2.7755575615628914e-17,
        "limit": 2e-12
      }
    },
    {
      "name": "green-permutation-0--100.0-N",
      "details": {
        "max_error": 0.0,
        "limit": 0
      }
    },
    {
      "name": "green-symmetry-0--100.0-N",
      "details": {
        "max_error": 0.0,
        "limit": 0
      }
    },
    {
      "name": "green-duplicate-0--100.0-N",
      "details": {
        "max_error": 0.0,
        "limit": 0
      }
    },
    {
      "name": "green-left-end-0--100.0-N",
      "details": {
        "max_error": 0.0,
        "limit": 0
      }
    },
    {
      "name": "half-green-route-0--100.0-N",
      "details": {
        "max_error": 0.0,
        "limit": 0
      }
    },
    {
      "name": "green-positive-0--100.0-N",
      "details": null
    },
    {
      "name": "green-independent-0--1.0-D",
      "details": {
        "max_error": 2.7755575615628914e-17,
        "limit": 2e-12
      }
    },
    {
      "name": "green-permutation-0--1.0-D",
      "details": {
        "max_error": 0.0,
        "limit": 0
      }
    },
    {
      "name": "green-symmetry-0--1.0-D",
      "details": {
        "max_error": 0.0,
        "limit": 0
      }
    },
    {
      "name": "green-duplicate-0--1.0-D",
      "details": {
        "max_error": 0.0,
        "limit": 0
      }
    },
    {
      "name": "green-left-end-0--1.0-D",
      "details": {
        "max_error": 0.0,
        "limit": 0
      }
    },
    {
      "name": "green-right-end-0--1.0",
      "details": {
        "max_error": 0.0,
        "limit": 1e-14
      }
    },
    {
      "name": "full-green-route-0--1.0",
      "details": {
        "max_error": 0.0,
        "limit": 0
      }
    },
    {
      "name": "half-green-route-0--1.0-D",
      "details": {
        "max_error": 0.0,
        "limit": 0
      }
    },
    {
      "name": "green-positive-0--1.0-D",
      "details": null
    },
    {
      "name": "green-independent-0--1.0-N",
      "details": {
        "max_error": 1.3877787807814457e-17,
        "limit": 2e-12
      }
    },
    {
      "name": "green-permutation-0--1.0-N",
      "details": {
        "max_error": 0.0,
        "limit": 0
      }
    },
    {
      "name": "green-symmetry-0--1.0-N",
      "details": {
        "max_error": 0.0,
        "limit": 0
      }
    },
    {
      "name": "green-duplicate-0--1.0-N",
      "details": {
        "max_error": 0.0,
        "limit": 0
      }
    },
    {
      "name": "green-left-end-0--1.0-N",
      "details": {
        "max_error": 0.0,
        "limit": 0
      }
    },
    {
      "name": "half-green-route-0--1.0-N",
      "details": {
        "max_error": 0.0,
        "limit": 0
      }
    },
    {
      "name": "green-positive-0--1.0-N",
      "details": null
    },
    {
      "name": "green-independent-0--1e-16-D",
      "details": {
        "max_error": 5.551115123125783e-17,
        "limit": 2e-12
      }
    },
    {
      "name": "green-permutation-0--1e-16-D",
      "details": {
        "max_error": 0.0,
        "limit": 0
      }
    },
    {
      "name": "green-symmetry-0--1e-16-D",
      "details": {
        "max_error": 0.0,
        "limit": 0
      }
    },
    {
      "name": "green-duplicate-0--1e-16-D",
      "details": {
        "max_error": 0.0,
        "limit": 0
      }
    },
    {
      "name": "green-left-end-0--1e-16-D",
      "details": {
        "max_error": 0.0,
        "limit": 0
      }
    },
    {
      "name": "green-right-end-0--1e-16",
      "details": {
        "max_error": 0.0,
        "limit": 1e-14
      }
    },
    {
      "name": "full-green-route-0--1e-16",
      "details": {
        "max_error": 0.0,
        "limit": 0
      }
    },
    {
      "name": "half-green-route-0--1e-16-D",
      "details": {
        "max_error": 0.0,
        "limit": 0
      }
    },
    {
      "name": "green-positive-0--1e-16-D",
      "details": null
    },
    {
      "name": "green-independent-0--1e-16-N",
      "details": {
        "max_error": 2.220446049250313e-16,
        "limit": 2e-12
      }
    },
    {
      "name": "green-permutation-0--1e-16-N",
      "details": {
        "max_error": 0.0,
        "limit": 0
      }
    },
    {
      "name": "green-symmetry-0--1e-16-N",
      "details": {
        "max_error": 0.0,
        "limit": 0
      }
    },
    {
      "name": "green-duplicate-0--1e-16-N",
      "details": {
        "max_error": 0.0,
        "limit": 0
      }
    },
    {
      "name": "green-left-end-0--1e-16-N",
      "details": {
        "max_error": 0.0,
        "limit": 0
      }
    },
    {
      "name": "half-green-route-0--1e-16-N",
      "details": {
        "max_error": 0.0,
        "limit": 0
      }
    },
    {
      "name": "green-positive-0--1e-16-N",
      "details": null
    },
    {
      "name": "green-independent-0-0.0-D",
      "details": {
        "max_error": 1.3877787807814457e-17,
        "limit": 2e-12
      }
    },
    {
      "name": "green-permutation-0-0.0-D",
      "details": {
        "max_error": 0.0,
        "limit": 0
      }
    },
    {
      "name": "green-symmetry-0-0.0-D",
      "details": {
        "max_error": 0.0,
        "limit": 0
      }
    },
    {
      "name": "green-duplicate-0-0.0-D",
      "details": {
        "max_error": 0.0,
        "limit": 0
      }
    },
    {
      "name": "green-left-end-0-0.0-D",
      "details": {
        "max_error": 0.0,
        "limit": 0
      }
    },
    {
      "name": "green-right-end-0-0.0",
      "details": {
        "max_error": 0.0,
        "limit": 1e-14
      }
    },
    {
      "name": "full-green-route-0-0.0",
      "details": {
        "max_error": 0.0,
        "limit": 0
      }
    },
    {
      "name": "half-green-route-0-0.0-D",
      "details": {
        "max_error": 0.0,
        "limit": 0
      }
    },
    {
      "name": "green-positive-0-0.0-D",
      "details": null
    },
    {
      "name": "green-independent-0-0.0-N",
      "details": {
        "max_error": 0.0,
        "limit": 2e-12
      }
    },
    {
      "name": "green-permutation-0-0.0-N",
      "details": {
        "max_error": 0.0,
        "limit": 0
      }
    },
    {
      "name": "green-symmetry-0-0.0-N",
      "details": {
        "max_error": 0.0,
        "limit": 0
      }
    },
    {
      "name": "green-duplicate-0-0.0-N",
      "details": {
        "max_error": 0.0,
        "limit": 0
      }
    },
    {
      "name": "green-left-end-0-0.0-N",
      "details": {
        "max_error": 0.0,
        "limit": 0
      }
    },
    {
      "name": "half-green-route-0-0.0-N",
      "details": {
        "max_error": 0.0,
        "limit": 0
      }
    },
    {
      "name": "green-positive-0-0.0-N",
      "details": null
    },
    {
      "name": "green-independent-0-1e-16-D",
      "details": {
        "max_error": 1.3877787807814457e-17,
        "limit": 2e-12
      }
    },
    {
      "name": "green-permutation-0-1e-16-D",
      "details": {
        "max_error": 0.0,
        "limit": 0
      }
    },
    {
      "name": "green-symmetry-0-1e-16-D",
      "details": {
        "max_error": 0.0,
        "limit": 0
      }
    },
    {
      "name": "green-duplicate-0-1e-16-D",
      "details": {
        "max_error": 0.0,
        "limit": 0
      }
    },
    {
      "name": "green-left-end-0-1e-16-D",
      "details": {
        "max_error": 0.0,
        "limit": 0
      }
    },
    {
      "name": "green-right-end-0-1e-16",
      "details": {
        "max_error": 0.0,
        "limit": 1e-14
      }
    },
    {
      "name": "full-green-route-0-1e-16",
      "details": {
        "max_error": 0.0,
        "limit": 0
      }
    },
    {
      "name": "half-green-route-0-1e-16-D",
      "details": {
        "max_error": 0.0,
        "limit": 0
      }
    },
    {
      "name": "green-independent-0-1e-16-N",
      "details": {
        "max_error": 0.0,
        "limit": 2e-12
      }
    },
    {
      "name": "green-permutation-0-1e-16-N",
      "details": {
        "max_error": 0.0,
        "limit": 0
      }
    },
    {
      "name": "green-symmetry-0-1e-16-N",
      "details": {
        "max_error": 0.0,
        "limit": 0
      }
    },
    {
      "name": "green-duplicate-0-1e-16-N",
      "details": {
        "max_error": 0.0,
        "limit": 0
      }
    },
    {
      "name": "green-left-end-0-1e-16-N",
      "details": {
        "max_error": 0.0,
        "limit": 0
      }
    },
    {
      "name": "half-green-route-0-1e-16-N",
      "details": {
        "max_error": 0.0,
        "limit": 0
      }
    },
    {
      "name": "green-independent-0-0.7-D",
      "details": {
        "max_error": 1.1102230246251565e-16,
        "limit": 2e-12
      }
    },
    {
      "name": "green-permutation-0-0.7-D",
      "details": {
        "max_error": 0.0,
        "limit": 0
      }
    },
    {
      "name": "green-symmetry-0-0.7-D",
      "details": {
        "max_error": 0.0,
        "limit": 0
      }
    },
    {
      "name": "green-duplicate-0-0.7-D",
      "details": {
        "max_error": 0.0,
        "limit": 0
      }
    },
    {
      "name": "green-left-end-0-0.7-D",
      "details": {
        "max_error": 0.0,
        "limit": 0
      }
    },
    {
      "name": "green-right-end-0-0.7",
      "details": {
        "max_error": 0.0,
        "limit": 1e-14
      }
    },
    {
      "name": "full-green-route-0-0.7",
      "details": {
        "max_error": 0.0,
        "limit": 0
      }
    },
    {
      "name": "half-green-route-0-0.7-D",
      "details": {
        "max_error": 0.0,
        "limit": 0
      }
    },
    {
      "name": "green-independent-0-0.7-N",
      "details": {
        "max_error": 2.220446049250313e-16,
        "limit": 2e-12
      }
    },
    {
      "name": "green-permutation-0-0.7-N",
      "details": {
        "max_error": 0.0,
        "limit": 0
      }
    },
    {
      "name": "green-symmetry-0-0.7-N",
      "details": {
        "max_error": 0.0,
        "limit": 0
      }
    },
    {
      "name": "green-duplicate-0-0.7-N",
      "details": {
        "max_error": 0.0,
        "limit": 0
      }
    },
    {
      "name": "green-left-end-0-0.7-N",
      "details": {
        "max_error": 0.0,
        "limit": 0
      }
    },
    {
      "name": "half-green-route-0-0.7-N",
      "details": {
        "max_error": 0.0,
        "limit": 0
      }
    },
    {
      "name": "physical-state-0--1.0-None",
      "details": {
        "max_error": 0.0,
        "limit": 2e-11
      }
    },
    {
      "name": "physical-state-0--1.0-D",
      "details": {
        "max_error": 1.1102230246251565e-16,
        "limit": 2e-11
      }
    },
    {
      "name": "physical-state-0--1.0-N",
      "details": {
        "max_error": 1.1102230246251565e-16,
        "limit": 2e-11
      }
    },
    {
      "name": "physical-state-0-0.0-None",
      "details": {
        "max_error": 0.0,
        "limit": 2e-11
      }
    },
    {
      "name": "physical-state-0-0.0-D",
      "details": {
        "max_error": 0.0,
        "limit": 2e-11
      }
    },
    {
      "name": "physical-state-0-0.0-N",
      "details": {
        "max_error": 0.0,
        "limit": 2e-11
      }
    },
    {
      "name": "physical-state-0-0.7-None",
      "details": {
        "max_error": 1.1102230246251565e-16,
        "limit": 2e-11
      }
    },
    {
      "name": "physical-state-0-0.7-D",
      "details": {
        "max_error": 2.220446049250313e-16,
        "limit": 2e-11
      }
    },
    {
      "name": "physical-state-0-0.7-N",
      "details": {
        "max_error": 1.1102230246251565e-16,
        "limit": 2e-11
      }
    },
    {
      "name": "green-independent-1--100.0-D",
      "details": {
        "max_error": 1.734723475976807e-17,
        "limit": 2e-12
      }
    },
    {
      "name": "green-permutation-1--100.0-D",
      "details": {
        "max_error": 0.0,
        "limit": 0
      }
    },
    {
      "name": "green-symmetry-1--100.0-D",
      "details": {
        "max_error": 0.0,
        "limit": 0
      }
    },
    {
      "name": "green-duplicate-1--100.0-D",
      "details": {
        "max_error": 0.0,
        "limit": 0
      }
    },
    {
      "name": "green-left-end-1--100.0-D",
      "details": {
        "max_error": 0.0,
        "limit": 0
      }
    },
    {
      "name": "green-right-end-1--100.0",
      "details": {
        "max_error": 0.0,
        "limit": 1e-14
      }
    },
    {
      "name": "full-green-route-1--100.0",
      "details": {
        "max_error": 0.0,
        "limit": 0
      }
    },
    {
      "name": "half-green-route-1--100.0-D",
      "details": {
        "max_error": 0.0,
        "limit": 0
      }
    },
    {
      "name": "green-positive-1--100.0-D",
      "details": null
    },
    {
      "name": "green-independent-1--100.0-N",
      "details": {
        "max_error": 1.734723475976807e-17,
        "limit": 2e-12
      }
    },
    {
      "name": "green-permutation-1--100.0-N",
      "details": {
        "max_error": 0.0,
        "limit": 0
      }
    },
    {
      "name": "green-symmetry-1--100.0-N",
      "details": {
        "max_error": 0.0,
        "limit": 0
      }
    },
    {
      "name": "green-duplicate-1--100.0-N",
      "details": {
        "max_error": 0.0,
        "limit": 0
      }
    },
    {
      "name": "green-left-end-1--100.0-N",
      "details": {
        "max_error": 0.0,
        "limit": 0
      }
    },
    {
      "name": "half-green-route-1--100.0-N",
      "details": {
        "max_error": 0.0,
        "limit": 0
      }
    },
    {
      "name": "green-positive-1--100.0-N",
      "details": null
    },
    {
      "name": "green-independent-1--1.0-D",
      "details": {
        "max_error": 2.7755575615628914e-17,
        "limit": 2e-12
      }
    },
    {
      "name": "green-permutation-1--1.0-D",
      "details": {
        "max_error": 0.0,
        "limit": 0
      }
    },
    {
      "name": "green-symmetry-1--1.0-D",
      "details": {
        "max_error": 0.0,
        "limit": 0
      }
    },
    {
      "name": "green-duplicate-1--1.0-D",
      "details": {
        "max_error": 0.0,
        "limit": 0
      }
    },
    {
      "name": "green-left-end-1--1.0-D",
      "details": {
        "max_error": 0.0,
        "limit": 0
      }
    },
    {
      "name": "green-right-end-1--1.0",
      "details": {
        "max_error": 0.0,
        "limit": 1e-14
      }
    },
    {
      "name": "full-green-route-1--1.0",
      "details": {
        "max_error": 0.0,
        "limit": 0
      }
    },
    {
      "name": "half-green-route-1--1.0-D",
      "details": {
        "max_error": 0.0,
        "limit": 0
      }
    },
    {
      "name": "green-positive-1--1.0-D",
      "details": null
    },
    {
      "name": "green-independent-1--1.0-N",
      "details": {
        "max_error": 1.1102230246251565e-16,
        "limit": 2e-12
      }
    },
    {
      "name": "green-permutation-1--1.0-N",
      "details": {
        "max_error": 0.0,
        "limit": 0
      }
    },
    {
      "name": "green-symmetry-1--1.0-N",
      "details": {
        "max_error": 0.0,
        "limit": 0
      }
    },
    {
      "name": "green-duplicate-1--1.0-N",
      "details": {
        "max_error": 0.0,
        "limit": 0
      }
    },
    {
      "name": "green-left-end-1--1.0-N",
      "details": {
        "max_error": 0.0,
        "limit": 0
      }
    },
    {
      "name": "half-green-route-1--1.0-N",
      "details": {
        "max_error": 0.0,
        "limit": 0
      }
    },
    {
      "name": "green-positive-1--1.0-N",
      "details": null
    },
    {
      "name": "green-independent-1--1e-16-D",
      "details": {
        "max_error": 2.7755575615628914e-17,
        "limit": 2e-12
      }
    },
    {
      "name": "green-permutation-1--1e-16-D",
      "details": {
        "max_error": 0.0,
        "limit": 0
      }
    },
    {
      "name": "green-symmetry-1--1e-16-D",
      "details": {
        "max_error": 0.0,
        "limit": 0
      }
    },
    {
      "name": "green-duplicate-1--1e-16-D",
      "details": {
        "max_error": 0.0,
        "limit": 0
      }
    },
    {
      "name": "green-left-end-1--1e-16-D",
      "details": {
        "max_error": 0.0,
        "limit": 0
      }
    },
    {
      "name": "green-right-end-1--1e-16",
      "details": {
        "max_error": 0.0,
        "limit": 1e-14
      }
    },
    {
      "name": "full-green-route-1--1e-16",
      "details": {
        "max_error": 0.0,
        "limit": 0
      }
    },
    {
      "name": "half-green-route-1--1e-16-D",
      "details": {
        "max_error": 0.0,
        "limit": 0
      }
    },
    {
      "name": "green-positive-1--1e-16-D",
      "details": null
    },
    {
      "name": "green-independent-1--1e-16-N",
      "details": {
        "max_error": 1.1102230246251565e-16,
        "limit": 2e-12
      }
    },
    {
      "name": "green-permutation-1--1e-16-N",
      "details": {
        "max_error": 0.0,
        "limit": 0
      }
    },
    {
      "name": "green-symmetry-1--1e-16-N",
      "details": {
        "max_error": 0.0,
        "limit": 0
      }
    },
    {
      "name": "green-duplicate-1--1e-16-N",
      "details": {
        "max_error": 0.0,
        "limit": 0
      }
    },
    {
      "name": "green-left-end-1--1e-16-N",
      "details": {
        "max_error": 0.0,
        "limit": 0
      }
    },
    {
      "name": "half-green-route-1--1e-16-N",
      "details": {
        "max_error": 0.0,
        "limit": 0
      }
    },
    {
      "name": "green-positive-1--1e-16-N",
      "details": null
    },
    {
      "name": "green-independent-1-0.0-D",
      "details": {
        "max_error": 2.7755575615628914e-17,
        "limit": 2e-12
      }
    },
    {
      "name": "green-permutation-1-0.0-D",
      "details": {
        "max_error": 0.0,
        "limit": 0
      }
    },
    {
      "name": "green-symmetry-1-0.0-D",
      "details": {
        "max_error": 0.0,
        "limit": 0
      }
    },
    {
      "name": "green-duplicate-1-0.0-D",
      "details": {
        "max_error": 0.0,
        "limit": 0
      }
    },
    {
      "name": "green-left-end-1-0.0-D",
      "details": {
        "max_error": 0.0,
        "limit": 0
      }
    },
    {
      "name": "green-right-end-1-0.0",
      "details": {
        "max_error": 0.0,
        "limit": 1e-14
      }
    },
    {
      "name": "full-green-route-1-0.0",
      "details": {
        "max_error": 0.0,
        "limit": 0
      }
    },
    {
      "name": "half-green-route-1-0.0-D",
      "details": {
        "max_error": 0.0,
        "limit": 0
      }
    },
    {
      "name": "green-positive-1-0.0-D",
      "details": null
    },
    {
      "name": "green-independent-1-0.0-N",
      "details": {
        "max_error": 0.0,
        "limit": 2e-12
      }
    },
    {
      "name": "green-permutation-1-0.0-N",
      "details": {
        "max_error": 0.0,
        "limit": 0
      }
    },
    {
      "name": "green-symmetry-1-0.0-N",
      "details": {
        "max_error": 0.0,
        "limit": 0
      }
    },
    {
      "name": "green-duplicate-1-0.0-N",
      "details": {
        "max_error": 0.0,
        "limit": 0
      }
    },
    {
      "name": "green-left-end-1-0.0-N",
      "details": {
        "max_error": 0.0,
        "limit": 0
      }
    },
    {
      "name": "half-green-route-1-0.0-N",
      "details": {
        "max_error": 0.0,
        "limit": 0
      }
    },
    {
      "name": "green-positive-1-0.0-N",
      "details": null
    },
    {
      "name": "green-independent-1-1e-16-D",
      "details": {
        "max_error": 2.7755575615628914e-17,
        "limit": 2e-12
      }
    },
    {
      "name": "green-permutation-1-1e-16-D",
      "details": {
        "max_error": 0.0,
        "limit": 0
      }
    },
    {
      "name": "green-symmetry-1-1e-16-D",
      "details": {
        "max_error": 0.0,
        "limit": 0
      }
    },
    {
      "name": "green-duplicate-1-1e-16-D",
      "details": {
        "max_error": 0.0,
        "limit": 0
      }
    },
    {
      "name": "green-left-end-1-1e-16-D",
      "details": {
        "max_error": 0.0,
        "limit": 0
      }
    },
    {
      "name": "green-right-end-1-1e-16",
      "details": {
        "max_error": 0.0,
        "limit": 1e-14
      }
    },
    {
      "name": "full-green-route-1-1e-16",
      "details": {
        "max_error": 0.0,
        "limit": 0
      }
    },
    {
      "name": "half-green-route-1-1e-16-D",
      "details": {
        "max_error": 0.0,
        "limit": 0
      }
    },
    {
      "name": "green-independent-1-1e-16-N",
      "details": {
        "max_error": 1.1102230246251565e-16,
        "limit": 2e-12
      }
    },
    {
      "name": "green-permutation-1-1e-16-N",
      "details": {
        "max_error": 0.0,
        "limit": 0
      }
    },
    {
      "name": "green-symmetry-1-1e-16-N",
      "details": {
        "max_error": 0.0,
        "limit": 0
      }
    },
    {
      "name": "green-duplicate-1-1e-16-N",
      "details": {
        "max_error": 0.0,
        "limit": 0
      }
    },
    {
      "name": "green-left-end-1-1e-16-N",
      "details": {
        "max_error": 0.0,
        "limit": 0
      }
    },
    {
      "name": "half-green-route-1-1e-16-N",
      "details": {
        "max_error": 0.0,
        "limit": 0
      }
    },
    {
      "name": "green-independent-1-0.7-D",
      "details": {
        "max_error": 5.551115123125783e-17,
        "limit": 2e-12
      }
    },
    {
      "name": "green-permutation-1-0.7-D",
      "details": {
        "max_error": 0.0,
        "limit": 0
      }
    },
    {
      "name": "green-symmetry-1-0.7-D",
      "details": {
        "max_error": 0.0,
        "limit": 0
      }
    },
    {
      "name": "green-duplicate-1-0.7-D",
      "details": {
        "max_error": 0.0,
        "limit": 0
      }
    },
    {
      "name": "green-left-end-1-0.7-D",
      "details": {
        "max_error": 0.0,
        "limit": 0
      }
    },
    {
      "name": "green-right-end-1-0.7",
      "details": {
        "max_error": 0.0,
        "limit": 1e-14
      }
    },
    {
      "name": "full-green-route-1-0.7",
      "details": {
        "max_error": 0.0,
        "limit": 0
      }
    },
    {
      "name": "half-green-route-1-0.7-D",
      "details": {
        "max_error": 0.0,
        "limit": 0
      }
    },
    {
      "name": "green-independent-1-0.7-N",
      "details": {
        "max_error": 7.105427357601002e-15,
        "limit": 2e-12
      }
    },
    {
      "name": "green-permutation-1-0.7-N",
      "details": {
        "max_error": 0.0,
        "limit": 0
      }
    },
    {
      "name": "green-symmetry-1-0.7-N",
      "details": {
        "max_error": 0.0,
        "limit": 0
      }
    },
    {
      "name": "green-duplicate-1-0.7-N",
      "details": {
        "max_error": 0.0,
        "limit": 0
      }
    },
    {
      "name": "green-left-end-1-0.7-N",
      "details": {
        "max_error": 0.0,
        "limit": 0
      }
    },
    {
      "name": "half-green-route-1-0.7-N",
      "details": {
        "max_error": 0.0,
        "limit": 0
      }
    },
    {
      "name": "physical-state-1--1.0-None",
      "details": {
        "max_error": 4.440892098500626e-16,
        "limit": 2e-11
      }
    },
    {
      "name": "physical-state-1--1.0-D",
      "details": {
        "max_error": 4.440892098500626e-16,
        "limit": 2e-11
      }
    },
    {
      "name": "physical-state-1--1.0-N",
      "details": {
        "max_error": 8.881784197001252e-16,
        "limit": 2e-11
      }
    },
    {
      "name": "physical-state-1-0.0-None",
      "details": {
        "max_error": 0.0,
        "limit": 2e-11
      }
    },
    {
      "name": "physical-state-1-0.0-D",
      "details": {
        "max_error": 1.1102230246251565e-16,
        "limit": 2e-11
      }
    },
    {
      "name": "physical-state-1-0.0-N",
      "details": {
        "max_error": 0.0,
        "limit": 2e-11
      }
    },
    {
      "name": "physical-state-1-0.7-None",
      "details": {
        "max_error": 2.220446049250313e-16,
        "limit": 2e-11
      }
    },
    {
      "name": "physical-state-1-0.7-D",
      "details": {
        "max_error": 1.1102230246251565e-16,
        "limit": 2e-11
      }
    },
    {
      "name": "physical-state-1-0.7-N",
      "details": {
        "max_error": 2.220446049250313e-16,
        "limit": 2e-11
      }
    },
    {
      "name": "green-independent-2--100.0-D",
      "details": {
        "max_error": 2.77555756156289e-17,
        "limit": 2e-12
      }
    },
    {
      "name": "green-permutation-2--100.0-D",
      "details": {
        "max_error": 0.0,
        "limit": 0
      }
    },
    {
      "name": "green-symmetry-2--100.0-D",
      "details": {
        "max_error": 0.0,
        "limit": 0
      }
    },
    {
      "name": "green-duplicate-2--100.0-D",
      "details": {
        "max_error": 0.0,
        "limit": 0
      }
    },
    {
      "name": "green-left-end-2--100.0-D",
      "details": {
        "max_error": 0.0,
        "limit": 0
      }
    },
    {
      "name": "green-right-end-2--100.0",
      "details": {
        "max_error": 0.0,
        "limit": 1e-14
      }
    },
    {
      "name": "full-green-route-2--100.0",
      "details": {
        "max_error": 0.0,
        "limit": 0
      }
    },
    {
      "name": "half-green-route-2--100.0-D",
      "details": {
        "max_error": 0.0,
        "limit": 0
      }
    },
    {
      "name": "green-positive-2--100.0-D",
      "details": null
    },
    {
      "name": "green-independent-2--100.0-N",
      "details": {
        "max_error": 6.938893903907228e-18,
        "limit": 2e-12
      }
    },
    {
      "name": "green-permutation-2--100.0-N",
      "details": {
        "max_error": 0.0,
        "limit": 0
      }
    },
    {
      "name": "green-symmetry-2--100.0-N",
      "details": {
        "max_error": 0.0,
        "limit": 0
      }
    },
    {
      "name": "green-duplicate-2--100.0-N",
      "details": {
        "max_error": 0.0,
        "limit": 0
      }
    },
    {
      "name": "green-left-end-2--100.0-N",
      "details": {
        "max_error": 0.0,
        "limit": 0
      }
    },
    {
      "name": "half-green-route-2--100.0-N",
      "details": {
        "max_error": 0.0,
        "limit": 0
      }
    },
    {
      "name": "green-positive-2--100.0-N",
      "details": null
    },
    {
      "name": "green-independent-2--1.0-D",
      "details": {
        "max_error": 2.7755575615628914e-17,
        "limit": 2e-12
      }
    },
    {
      "name": "green-permutation-2--1.0-D",
      "details": {
        "max_error": 0.0,
        "limit": 0
      }
    },
    {
      "name": "green-symmetry-2--1.0-D",
      "details": {
        "max_error": 0.0,
        "limit": 0
      }
    },
    {
      "name": "green-duplicate-2--1.0-D",
      "details": {
        "max_error": 0.0,
        "limit": 0
      }
    },
    {
      "name": "green-left-end-2--1.0-D",
      "details": {
        "max_error": 0.0,
        "limit": 0
      }
    },
    {
      "name": "green-right-end-2--1.0",
      "details": {
        "max_error": 0.0,
        "limit": 1e-14
      }
    },
    {
      "name": "full-green-route-2--1.0",
      "details": {
        "max_error": 0.0,
        "limit": 0
      }
    },
    {
      "name": "half-green-route-2--1.0-D",
      "details": {
        "max_error": 0.0,
        "limit": 0
      }
    },
    {
      "name": "green-positive-2--1.0-D",
      "details": null
    },
    {
      "name": "green-independent-2--1.0-N",
      "details": {
        "max_error": 2.7755575615628914e-17,
        "limit": 2e-12
      }
    },
    {
      "name": "green-permutation-2--1.0-N",
      "details": {
        "max_error": 0.0,
        "limit": 0
      }
    },
    {
      "name": "green-symmetry-2--1.0-N",
      "details": {
        "max_error": 0.0,
        "limit": 0
      }
    },
    {
      "name": "green-duplicate-2--1.0-N",
      "details": {
        "max_error": 0.0,
        "limit": 0
      }
    },
    {
      "name": "green-left-end-2--1.0-N",
      "details": {
        "max_error": 0.0,
        "limit": 0
      }
    },
    {
      "name": "half-green-route-2--1.0-N",
      "details": {
        "max_error": 0.0,
        "limit": 0
      }
    },
    {
      "name": "green-positive-2--1.0-N",
      "details": null
    },
    {
      "name": "green-independent-2--1e-16-D",
      "details": {
        "max_error": 2.775557561562891e-17,
        "limit": 2e-12
      }
    },
    {
      "name": "green-permutation-2--1e-16-D",
      "details": {
        "max_error": 0.0,
        "limit": 0
      }
    },
    {
      "name": "green-symmetry-2--1e-16-D",
      "details": {
        "max_error": 0.0,
        "limit": 0
      }
    },
    {
      "name": "green-duplicate-2--1e-16-D",
      "details": {
        "max_error": 0.0,
        "limit": 0
      }
    },
    {
      "name": "green-left-end-2--1e-16-D",
      "details": {
        "max_error": 0.0,
        "limit": 0
      }
    },
    {
      "name": "green-right-end-2--1e-16",
      "details": {
        "max_error": 0.0,
        "limit": 1e-14
      }
    },
    {
      "name": "full-green-route-2--1e-16",
      "details": {
        "max_error": 0.0,
        "limit": 0
      }
    },
    {
      "name": "half-green-route-2--1e-16-D",
      "details": {
        "max_error": 0.0,
        "limit": 0
      }
    },
    {
      "name": "green-positive-2--1e-16-D",
      "details": null
    },
    {
      "name": "green-independent-2--1e-16-N",
      "details": {
        "max_error": 5.551115123125783e-17,
        "limit": 2e-12
      }
    },
    {
      "name": "green-permutation-2--1e-16-N",
      "details": {
        "max_error": 0.0,
        "limit": 0
      }
    },
    {
      "name": "green-symmetry-2--1e-16-N",
      "details": {
        "max_error": 0.0,
        "limit": 0
      }
    },
    {
      "name": "green-duplicate-2--1e-16-N",
      "details": {
        "max_error": 0.0,
        "limit": 0
      }
    },
    {
      "name": "green-left-end-2--1e-16-N",
      "details": {
        "max_error": 0.0,
        "limit": 0
      }
    },
    {
      "name": "half-green-route-2--1e-16-N",
      "details": {
        "max_error": 0.0,
        "limit": 0
      }
    },
    {
      "name": "green-positive-2--1e-16-N",
      "details": null
    },
    {
      "name": "green-independent-2-0.0-D",
      "details": {
        "max_error": 2.7755575615628914e-17,
        "limit": 2e-12
      }
    },
    {
      "name": "green-permutation-2-0.0-D",
      "details": {
        "max_error": 0.0,
        "limit": 0
      }
    },
    {
      "name": "green-symmetry-2-0.0-D",
      "details": {
        "max_error": 0.0,
        "limit": 0
      }
    },
    {
      "name": "green-duplicate-2-0.0-D",
      "details": {
        "max_error": 0.0,
        "limit": 0
      }
    },
    {
      "name": "green-left-end-2-0.0-D",
      "details": {
        "max_error": 0.0,
        "limit": 0
      }
    },
    {
      "name": "green-right-end-2-0.0",
      "details": {
        "max_error": 0.0,
        "limit": 1e-14
      }
    },
    {
      "name": "full-green-route-2-0.0",
      "details": {
        "max_error": 0.0,
        "limit": 0
      }
    },
    {
      "name": "half-green-route-2-0.0-D",
      "details": {
        "max_error": 0.0,
        "limit": 0
      }
    },
    {
      "name": "green-positive-2-0.0-D",
      "details": null
    },
    {
      "name": "green-independent-2-0.0-N",
      "details": {
        "max_error": 0.0,
        "limit": 2e-12
      }
    },
    {
      "name": "green-permutation-2-0.0-N",
      "details": {
        "max_error": 0.0,
        "limit": 0
      }
    },
    {
      "name": "green-symmetry-2-0.0-N",
      "details": {
        "max_error": 0.0,
        "limit": 0
      }
    },
    {
      "name": "green-duplicate-2-0.0-N",
      "details": {
        "max_error": 0.0,
        "limit": 0
      }
    },
    {
      "name": "green-left-end-2-0.0-N",
      "details": {
        "max_error": 0.0,
        "limit": 0
      }
    },
    {
      "name": "half-green-route-2-0.0-N",
      "details": {
        "max_error": 0.0,
        "limit": 0
      }
    },
    {
      "name": "green-positive-2-0.0-N",
      "details": null
    },
    {
      "name": "green-independent-2-1e-16-D",
      "details": {
        "max_error": 2.7755575615628914e-17,
        "limit": 2e-12
      }
    },
    {
      "name": "green-permutation-2-1e-16-D",
      "details": {
        "max_error": 0.0,
        "limit": 0
      }
    },
    {
      "name": "green-symmetry-2-1e-16-D",
      "details": {
        "max_error": 0.0,
        "limit": 0
      }
    },
    {
      "name": "green-duplicate-2-1e-16-D",
      "details": {
        "max_error": 0.0,
        "limit": 0
      }
    },
    {
      "name": "green-left-end-2-1e-16-D",
      "details": {
        "max_error": 0.0,
        "limit": 0
      }
    },
    {
      "name": "green-right-end-2-1e-16",
      "details": {
        "max_error": 0.0,
        "limit": 1e-14
      }
    },
    {
      "name": "full-green-route-2-1e-16",
      "details": {
        "max_error": 0.0,
        "limit": 0
      }
    },
    {
      "name": "half-green-route-2-1e-16-D",
      "details": {
        "max_error": 0.0,
        "limit": 0
      }
    },
    {
      "name": "green-independent-2-1e-16-N",
      "details": {
        "max_error": 5.551115123125783e-17,
        "limit": 2e-12
      }
    },
    {
      "name": "green-permutation-2-1e-16-N",
      "details": {
        "max_error": 0.0,
        "limit": 0
      }
    },
    {
      "name": "green-symmetry-2-1e-16-N",
      "details": {
        "max_error": 0.0,
        "limit": 0
      }
    },
    {
      "name": "green-duplicate-2-1e-16-N",
      "details": {
        "max_error": 0.0,
        "limit": 0
      }
    },
    {
      "name": "green-left-end-2-1e-16-N",
      "details": {
        "max_error": 0.0,
        "limit": 0
      }
    },
    {
      "name": "half-green-route-2-1e-16-N",
      "details": {
        "max_error": 0.0,
        "limit": 0
      }
    },
    {
      "name": "green-independent-2-0.7-D",
      "details": {
        "max_error": 2.7755575615628914e-17,
        "limit": 2e-12
      }
    },
    {
      "name": "green-permutation-2-0.7-D",
      "details": {
        "max_error": 0.0,
        "limit": 0
      }
    },
    {
      "name": "green-symmetry-2-0.7-D",
      "details": {
        "max_error": 0.0,
        "limit": 0
      }
    },
    {
      "name": "green-duplicate-2-0.7-D",
      "details": {
        "max_error": 0.0,
        "limit": 0
      }
    },
    {
      "name": "green-left-end-2-0.7-D",
      "details": {
        "max_error": 0.0,
        "limit": 0
      }
    },
    {
      "name": "green-right-end-2-0.7",
      "details": {
        "max_error": 0.0,
        "limit": 1e-14
      }
    },
    {
      "name": "full-green-route-2-0.7",
      "details": {
        "max_error": 0.0,
        "limit": 0
      }
    },
    {
      "name": "half-green-route-2-0.7-D",
      "details": {
        "max_error": 0.0,
        "limit": 0
      }
    },
    {
      "name": "green-independent-2-0.7-N",
      "details": {
        "max_error": 2.220446049250313e-16,
        "limit": 2e-12
      }
    },
    {
      "name": "green-permutation-2-0.7-N",
      "details": {
        "max_error": 0.0,
        "limit": 0
      }
    },
    {
      "name": "green-symmetry-2-0.7-N",
      "details": {
        "max_error": 0.0,
        "limit": 0
      }
    },
    {
      "name": "green-duplicate-2-0.7-N",
      "details": {
        "max_error": 0.0,
        "limit": 0
      }
    },
    {
      "name": "green-left-end-2-0.7-N",
      "details": {
        "max_error": 0.0,
        "limit": 0
      }
    },
    {
      "name": "half-green-route-2-0.7-N",
      "details": {
        "max_error": 0.0,
        "limit": 0
      }
    },
    {
      "name": "physical-state-2--1.0-None",
      "details": {
        "max_error": 4.440892098500626e-16,
        "limit": 2e-11
      }
    },
    {
      "name": "physical-state-2--1.0-D",
      "details": {
        "max_error": 4.440892098500626e-16,
        "limit": 2e-11
      }
    },
    {
      "name": "physical-state-2--1.0-N",
      "details": {
        "max_error": 8.881784197001252e-16,
        "limit": 2e-11
      }
    },
    {
      "name": "physical-state-2-0.0-None",
      "details": {
        "max_error": 0.0,
        "limit": 2e-11
      }
    },
    {
      "name": "physical-state-2-0.0-D",
      "details": {
        "max_error": 2.7755575615628914e-17,
        "limit": 2e-11
      }
    },
    {
      "name": "physical-state-2-0.0-N",
      "details": {
        "max_error": 0.0,
        "limit": 2e-11
      }
    },
    {
      "name": "physical-state-2-0.7-None",
      "details": {
        "max_error": 5.551115123125783e-17,
        "limit": 2e-11
      }
    },
    {
      "name": "physical-state-2-0.7-D",
      "details": {
        "max_error": 5.551115123125783e-17,
        "limit": 2e-11
      }
    },
    {
      "name": "physical-state-2-0.7-N",
      "details": {
        "max_error": 4.440892098500626e-16,
        "limit": 2e-11
      }
    },
    {
      "name": "zero-DD",
      "details": {
        "max_error": 0.0,
        "limit": 2e-16
      }
    },
    {
      "name": "zero-DN",
      "details": {
        "max_error": 0.0,
        "limit": 2e-16
      }
    },
    {
      "name": "linear-prop-matrix",
      "details": {
        "max_error": 0.0,
        "limit": 0
      }
    },
    {
      "name": "uv-endpoints",
      "details": {
        "max_error": 0.0,
        "limit": 0
      }
    },
    {
      "name": "empty-green-shape",
      "details": null
    },
    {
      "name": "full-mu-nan",
      "details": {
        "error": "ValueError",
        "message": "mu must be a finite real scalar"
      }
    },
    {
      "name": "half-mu-nan",
      "details": {
        "error": "ValueError",
        "message": "mu must be a finite real scalar"
      }
    },
    {
      "name": "full-mu-inf",
      "details": {
        "error": "ValueError",
        "message": "mu must be a finite real scalar"
      }
    },
    {
      "name": "half-mu-inf",
      "details": {
        "error": "ValueError",
        "message": "mu must be a finite real scalar"
      }
    },
    {
      "name": "full-mu-1j",
      "details": {
        "error": "ValueError",
        "message": "mu must be a finite real scalar"
      }
    },
    {
      "name": "half-mu-1j",
      "details": {
        "error": "ValueError",
        "message": "mu must be a finite real scalar"
      }
    },
    {
      "name": "full-mu-1",
      "details": {
        "error": "ValueError",
        "message": "mu must be a finite real scalar"
      }
    },
    {
      "name": "half-mu-1",
      "details": {
        "error": "ValueError",
        "message": "mu must be a finite real scalar"
      }
    },
    {
      "name": "full-mu-False",
      "details": {
        "error": "ValueError",
        "message": "mu must be a finite real scalar"
      }
    },
    {
      "name": "half-mu-False",
      "details": {
        "error": "ValueError",
        "message": "mu must be a finite real scalar"
      }
    },
    {
      "name": "full-point--2.220446049250313e-16",
      "details": {
        "error": "ValueError",
        "message": "evaluation point lies outside the interval"
      }
    },
    {
      "name": "half-point--2.220446049250313e-16",
      "details": {
        "error": "ValueError",
        "message": "evaluation point lies outside the interval"
      }
    },
    {
      "name": "full-point-1.0000000000000002",
      "details": {
        "error": "ValueError",
        "message": "evaluation point lies outside the interval"
      }
    },
    {
      "name": "half-point-1.0000000000000002",
      "details": {
        "error": "ValueError",
        "message": "evaluation point lies outside the interval"
      }
    },
    {
      "name": "full-point-inf",
      "details": {
        "error": "ValueError",
        "message": "evaluation points must be a finite one-dimensional array"
      }
    },
    {
      "name": "half-point-inf",
      "details": {
        "error": "ValueError",
        "message": "evaluation points must be a finite one-dimensional array"
      }
    },
    {
      "name": "full-point-nan",
      "details": {
        "error": "ValueError",
        "message": "evaluation points must be a finite one-dimensional array"
      }
    },
    {
      "name": "half-point-nan",
      "details": {
        "error": "ValueError",
        "message": "evaluation points must be a finite one-dimensional array"
      }
    },
    {
      "name": "full-point-1j",
      "details": {
        "error": "ValueError",
        "message": "evaluation points must be real"
      }
    },
    {
      "name": "half-point-1j",
      "details": {
        "error": "ValueError",
        "message": "evaluation points must be real"
      }
    },
    {
      "name": "half-BC-X",
      "details": {
        "error": "ValueError",
        "message": "right boundary must be D or N"
      }
    },
    {
      "name": "half-BC-None",
      "details": {
        "error": "ValueError",
        "message": "right boundary must be D or N"
      }
    },
    {
      "name": "half-BC-False",
      "details": {
        "error": "ValueError",
        "message": "right boundary must be D or N"
      }
    },
    {
      "name": "green-geometry-[]",
      "details": {
        "error": "ValueError",
        "message": "blocks must have shape (m, 2)"
      }
    },
    {
      "name": "green-geometry-[(0, 1)]",
      "details": {
        "error": "ValueError",
        "message": "block lengths and densities must be finite and positive"
      }
    },
    {
      "name": "green-geometry-[(1, 0)]",
      "details": {
        "error": "ValueError",
        "message": "block lengths and densities must be finite and positive"
      }
    },
    {
      "name": "green-geometry-[(1, -1)]",
      "details": {
        "error": "ValueError",
        "message": "block lengths and densities must be finite and positive"
      }
    },
    {
      "name": "green-geometry-[(inf, 1)]",
      "details": {
        "error": "ValueError",
        "message": "block lengths and densities must be finite and positive"
      }
    },
    {
      "name": "green-geometry-[(1, 1), (1e-20, 1)]",
      "details": {
        "error": "ValueError",
        "message": "block endpoints are not resolvable in double precision"
      }
    },
    {
      "name": "closed-pole-D",
      "details": {
        "error": "ArithmeticError",
        "message": "Green target is at or numerically near a pole"
      }
    },
    {
      "name": "closed-pole-N",
      "details": {
        "error": "ArithmeticError",
        "message": "Green target is at or numerically near a pole"
      }
    },
    {
      "name": "reduced-positive-domain-D-0.0",
      "details": {
        "error": "ValueError",
        "message": "reduced Green requires a positive eigenvalue; use green_regular at mu<=0"
      }
    },
    {
      "name": "reduced-positive-domain-D--1.0",
      "details": {
        "error": "ValueError",
        "message": "reduced Green requires a positive eigenvalue; use green_regular at mu<=0"
      }
    },
    {
      "name": "reduced-positive-domain-D-nan",
      "details": {
        "error": "ValueError",
        "message": "eigenvalue must be a finite real scalar"
      }
    },
    {
      "name": "reduced-positive-domain-D-inf",
      "details": {
        "error": "ValueError",
        "message": "eigenvalue must be a finite real scalar"
      }
    },
    {
      "name": "hyperbolic-overflow-D",
      "details": {
        "error": "FloatingPointError",
        "message": "overflow encountered in cosh"
      }
    },
    {
      "name": "reduced-positive-domain-N-0.0",
      "details": {
        "error": "ValueError",
        "message": "reduced Green requires a positive eigenvalue; use green_regular at mu<=0"
      }
    },
    {
      "name": "reduced-positive-domain-N--1.0",
      "details": {
        "error": "ValueError",
        "message": "reduced Green requires a positive eigenvalue; use green_regular at mu<=0"
      }
    },
    {
      "name": "reduced-positive-domain-N-nan",
      "details": {
        "error": "ValueError",
        "message": "eigenvalue must be a finite real scalar"
      }
    },
    {
      "name": "reduced-positive-domain-N-inf",
      "details": {
        "error": "ValueError",
        "message": "eigenvalue must be a finite real scalar"
      }
    },
    {
      "name": "hyperbolic-overflow-N",
      "details": {
        "error": "FloatingPointError",
        "message": "overflow encountered in cosh"
      }
    },
    {
      "name": "Green-derivative-jump",
      "details": {
        "max_error": 1.304844120753046e-06,
        "limit": 1e-05
      }
    },
    {
      "name": "Green-interface-derivative",
      "details": {
        "max_error": 4.145295218194178e-07,
        "limit": 1e-05
      }
    },
    {
      "name": "nonpositive-spectral-D-0.0",
      "details": [
        5.5239514427929404e-08,
        8.641900944850178e-10
      ]
    },
    {
      "name": "nonpositive-spectral-D--1.0",
      "details": [
        5.523940532076166e-08,
        8.641899834627154e-10
      ]
    },
    {
      "name": "nonpositive-spectral-N-0.0",
      "details": [
        5.5964666637042804e-08,
        8.755211278188568e-10
      ]
    },
    {
      "name": "nonpositive-spectral-N--1.0",
      "details": [
        5.5964556100462914e-08,
        8.755210167965544e-10
      ]
    },
    {
      "name": "nonstationary-high-precision-0",
      "details": {
        "N": [
          160,
          640,
          2560
        ],
        "errors": [
          0.035981854601316865,
          0.009079604788056361,
          0.0022752182662642007
        ],
        "reference": [
          [
            -2.3433111655945886,
            1.4015595152116058
          ],
          [
            -1.4015595152116058,
            2.3433111655945886
          ]
        ]
      }
    },
    {
      "name": "physical-FD-high-precision-0",
      "details": {
        "max_error": 1.5208101444841304e-10,
        "limit": 4e-06
      }
    },
    {
      "name": "physical-FD-geometry-0",
      "details": null
    },
    {
      "name": "direct-entry-0",
      "details": {
        "max_error": 0.0,
        "limit": 0
      }
    },
    {
      "name": "direct-breakdown-0",
      "details": {
        "max_error": 0.0,
        "limit": 0
      }
    },
    {
      "name": "correction-algebra-0",
      "details": {
        "max_error": 6.661338147750939e-16,
        "limit": 5e-13
      }
    },
    {
      "name": "symmetric-nonstationary-cross-det",
      "details": {
        "max_error": 4.440892098500626e-16,
        "limit": 2e-13
      }
    },
    {
      "name": "nonstationary-high-precision-1",
      "details": {
        "N": [
          240,
          960
        ],
        "errors": [
          0.037633628698366284,
          0.009470804272182054
        ],
        "reference": [
          [
            1.6045282946500432,
            -0.9723117170948377
          ],
          [
            1.389249154349925,
            -1.6259602404277471
          ]
        ]
      }
    },
    {
      "name": "physical-FD-high-precision-1",
      "details": {
        "max_error": 3.00892422089305e-10,
        "limit": 4e-06
      }
    },
    {
      "name": "physical-FD-geometry-1",
      "details": null
    },
    {
      "name": "direct-entry-1",
      "details": {
        "max_error": 0.0,
        "limit": 0
      }
    },
    {
      "name": "direct-breakdown-1",
      "details": {
        "max_error": 0.0,
        "limit": 0
      }
    },
    {
      "name": "correction-algebra-1",
      "details": {
        "max_error": 4.440892098500626e-16,
        "limit": 5e-13
      }
    },
    {
      "name": "nonstationary-high-precision-2",
      "details": {
        "N": [
          240,
          960
        ],
        "errors": [
          0.044169298623410735,
          0.011056160690964878
        ],
        "reference": [
          [
            0.3270393845054338,
            2.244062213416606
          ],
          [
            -1.3304113331426866,
            -3.4285907297906544
          ]
        ]
      }
    },
    {
      "name": "physical-FD-high-precision-2",
      "details": {
        "max_error": 1.4308882967384307e-09,
        "limit": 4e-06
      }
    },
    {
      "name": "physical-FD-geometry-2",
      "details": null
    },
    {
      "name": "direct-entry-2",
      "details": {
        "max_error": 0.0,
        "limit": 0
      }
    },
    {
      "name": "direct-breakdown-2",
      "details": {
        "max_error": 0.0,
        "limit": 0
      }
    },
    {
      "name": "correction-algebra-2",
      "details": {
        "max_error": 8.881784197001252e-16,
        "limit": 5e-13
      }
    },
    {
      "name": "nonstationary-high-precision-3",
      "details": {
        "N": [
          240,
          960
        ],
        "errors": [
          0.10290504011993229,
          0.02598583752618433
        ],
        "reference": [
          [
            0.9894507132055049,
            -2.239546463618362,
            -3.8760059801906466,
            2.630934030840704
          ],
          [
            1.9792737954720065,
            -4.8045689424191576,
            -1.5993366997779441,
            1.3119670145110287
          ],
          [
            -3.516434270264398,
            0.869835272204364,
            11.235984050964968,
            -4.048746123453643
          ],
          [
            -2.273168240772677,
            0.4895284377987667,
            3.915289963828804,
            1.096000167117626
          ]
        ]
      }
    },
    {
      "name": "physical-FD-high-precision-3",
      "details": {
        "max_error": 2.707093216258727e-09,
        "limit": 4e-06
      }
    },
    {
      "name": "physical-FD-geometry-3",
      "details": null
    },
    {
      "name": "direct-entry-3",
      "details": {
        "max_error": 0.0,
        "limit": 0
      }
    },
    {
      "name": "direct-breakdown-3",
      "details": {
        "max_error": 0.0,
        "limit": 0
      }
    },
    {
      "name": "correction-algebra-3",
      "details": {
        "max_error": 1.3322676295501878e-15,
        "limit": 5e-13
      }
    },
    {
      "name": "nonstationary-high-precision-4",
      "details": {
        "N": [
          240,
          960
        ],
        "errors": [
          5.298723904259925e-14,
          5.298723904259925e-14
        ],
        "reference": [
          [
            -12.615291362242122,
            3.2762010766006697e-81,
            -5.965414908222337e-82,
            -6.688791326999998e-81
          ],
          [
            -8.960868251745943e-81,
            4.7238836393467775e-14,
            -5.2710989716151996e-82,
            -1.6340406812007315e-80
          ],
          [
            -7.574540964745133e-82,
            4.0057675066937976e-81,
            23.238694614656538,
            -4.542196217557457e-81
          ],
          [
            -1.9934754368120136e-80,
            3.663288927564947e-80,
            -2.0160596770306138e-80,
            -14.36230312603685
          ]
        ]
      }
    },
    {
      "name": "physical-FD-high-precision-4",
      "details": {
        "max_error": 4.8059192181426624e-09,
        "limit": 4e-06
      }
    },
    {
      "name": "physical-FD-geometry-4",
      "details": null
    },
    {
      "name": "direct-entry-4",
      "details": {
        "max_error": 0.0,
        "limit": 0
      }
    },
    {
      "name": "direct-breakdown-4",
      "details": {
        "max_error": 0.0,
        "limit": 0
      }
    },
    {
      "name": "correction-algebra-4",
      "details": {
        "max_error": 0.0,
        "limit": 5e-13
      }
    },
    {
      "name": "stationary-found-1-sup",
      "details": null
    },
    {
      "name": "stationary-correction-1-sup",
      "details": {
        "max_error": 2.2019096775906644e-14,
        "limit": 3e-09
      }
    },
    {
      "name": "stationary-Wronskian-1-sup",
      "details": {
        "max_error": 7.787548383930698e-12,
        "limit": 1e-06
      }
    },
    {
      "name": "stationary-cross-det-1-sup",
      "details": {
        "max_error": 4.263256414560601e-14,
        "limit": 1e-07
      }
    },
    {
      "name": "stationary-found-1-inf",
      "details": null
    },
    {
      "name": "stationary-correction-1-inf",
      "details": {
        "max_error": 2.8190474560769625e-13,
        "limit": 3e-09
      }
    },
    {
      "name": "stationary-Wronskian-1-inf",
      "details": {
        "max_error": 1.2029488516418496e-11,
        "limit": 1e-06
      }
    },
    {
      "name": "stationary-cross-det-1-inf",
      "details": {
        "max_error": 1.7763568394002505e-15,
        "limit": 1e-07
      }
    },
    {
      "name": "stationary-found-2-sup",
      "details": null
    },
    {
      "name": "stationary-correction-2-sup",
      "details": {
        "max_error": 6.309025689194254e-14,
        "limit": 3e-09
      }
    },
    {
      "name": "stationary-Wronskian-2-sup",
      "details": {
        "max_error": 3.8198777474462986e-11,
        "limit": 1e-06
      }
    },
    {
      "name": "stationary-cross-det-2-sup",
      "details": {
        "max_error": 3.637978807091713e-11,
        "limit": 1e-07
      }
    },
    {
      "name": "stationary-found-2-inf",
      "details": null
    },
    {
      "name": "stationary-correction-2-inf",
      "details": {
        "max_error": 1.1469711321479683e-12,
        "limit": 3e-09
      }
    },
    {
      "name": "stationary-Wronskian-2-inf",
      "details": {
        "max_error": 4.3087311496492475e-11,
        "limit": 1e-06
      }
    },
    {
      "name": "stationary-cross-det-2-inf",
      "details": {
        "max_error": 6.821210263296962e-13,
        "limit": 1e-07
      }
    }
  ],
  "limits": "Finite floating/high-precision evidence. No independent approval, certified tail bound or global theorem."
}
