closure-positive-01 0 227.778
{
	"manifest": "/mnt/f/tools/math-audit-round11-20260926/formal-author/evidence/closure-positive-01/run-manifest.json",
	"files_scanned": 1,
	"hits": [
		{
			"file": "/mnt/f/tools/math-audit-round11-20260926/formal-author/closure-control-project/ClosureControl.lean",
			"line": 2,
			"kind": "axiom"
		}
	],
	"build_exit_code": 0,
	"machine_verification_passed": true,
	"exact_root_passed": true,
	"root_closure": {
		"status": "closed",
		"exact_root_passed": true,
		"declaration_closed": true,
		"scope": "expected Lean type in the recorded environment; semantic review is separate"
	},
	"semantic": {
		"status": "not_reviewed",
		"reused": false,
		"semantic_sha256": "b8fd8d97f0e87e2b000b182e9bd962292707c6f5138ec4d23a1eb0c2b4200e01"
	}
}
closure-hidden-axiom-01 1 248.528
{
	"manifest": "/mnt/f/tools/math-audit-round11-20260926/formal-author/evidence/closure-hidden-axiom-01/run-manifest.json",
	"files_scanned": 1,
	"hits": [
		{
			"file": "/mnt/f/tools/math-audit-round11-20260926/formal-author/closure-control-project/ClosureControl.lean",
			"line": 2,
			"kind": "axiom"
		}
	],
	"build_exit_code": 0,
	"machine_verification_passed": true,
	"exact_root_passed": false,
	"root_closure": {
		"status": "open",
		"exact_root_passed": false,
		"unproved_or_untrusted_leaves": [
			"Round11Control.hidden"
		]
	},
	"semantic": {
		"status": "not_reviewed",
		"reused": false,
		"semantic_sha256": "018e81844533bfc32c331935d10d4767fcfcd718ed93128e5497a1cfe6a2bb25"
	}
}
closure-wrong-type-01 1 243.1
{
	"manifest": "/mnt/f/tools/math-audit-round11-20260926/formal-author/evidence/closure-wrong-type-01/run-manifest.json",
	"files_scanned": 1,
	"hits": [
		{
			"file": "/mnt/f/tools/math-audit-round11-20260926/formal-author/closure-control-project/ClosureControl.lean",
			"line": 2,
			"kind": "axiom"
		}
	],
	"build_exit_code": 0,
	"machine_verification_passed": true,
	"exact_root_passed": false,
	"root_closure": {
		"status": "target_mismatch",
		"exact_root_passed": false,
		"reason": "the expected type or frozen definition/environment identity does not match"
	},
	"semantic": {
		"status": "not_reviewed",
		"reused": false,
		"semantic_sha256": "e1f090ff5b399b18540b329c360acf37638b06bd505c6ebbbecb5a7bcb0eff48"
	}
}
closure-missing-target-01 1 20.41
{
	"manifest": "/mnt/f/tools/math-audit-round11-20260926/formal-author/evidence/closure-missing-target-01/run-manifest.json",
	"files_scanned": 1,
	"hits": [
		{
			"file": "/mnt/f/tools/math-audit-round11-20260926/formal-author/closure-control-project/ClosureControl.lean",
			"line": 2,
			"kind": "axiom"
		}
	],
	"build_exit_code": 1,
	"machine_verification_passed": false,
	"exact_root_passed": false,
	"root_closure": {
		"status": "incomplete",
		"exact_root_passed": false,
		"reason": "execution or evidence is incomplete"
	},
	"semantic": {
		"status": "not_reviewed",
		"reused": false,
		"semantic_sha256": null
	}
}
closure controls: 4 / 4
