exact-root-01 0 458.499
{
	"manifest": "/mnt/f/tools/math-audit-round11-20260926/formal-author/evidence/exact-root-01/run-manifest.json",
	"files_scanned": 9,
	"hits": [],
	"build_exit_code": 0,
	"machine_verification_passed": true,
	"exact_root_passed": true,
	"root_closure": {
		"status": "closed",
		"exact_root_passed": true,
		"declaration_closed": true,
		"scope": "expected Lean type in the recorded environment; semantic review is separate"
	},
	"semantic": {
		"status": "not_reviewed",
		"reused": false,
		"semantic_sha256": "c4916aa4f5a6460b94de79f31f1db9f999b849cfd66cce6ecc078d461fda9171"
	}
}
