F:\tools\math-audit-round10-20260925\formal-author\evidence\exact-root-01\lean-verification-runs\b29525305d2d46d1a1e9be63bb6bff7e\InspectRoot.lean:42:5: warning: Variable name `hx` is not explicitly referenced.

The binding can be removed (if unused) or named `_` (if used implicitly).

Note: This linter can be disabled with `set_option linter.unusedVariables false`
F:\tools\math-audit-round10-20260925\formal-author\evidence\exact-root-01\lean-verification-runs\b29525305d2d46d1a1e9be63bb6bff7e\InspectRoot.lean:46:5: warning: Variable name `hx` is not explicitly referenced.

The binding can be removed (if unused) or named `_` (if used implicitly).

Note: This linter can be disabled with `set_option linter.unusedVariables false`
F:\tools\math-audit-round10-20260925\formal-author\evidence\exact-root-01\lean-verification-runs\b29525305d2d46d1a1e9be63bb6bff7e\InspectRoot.lean:49:5: warning: Variable name `hm` is not explicitly referenced.

The binding can be removed (if unused) or named `_` (if used implicitly).

Note: This linter can be disabled with `set_option linter.unusedVariables false`
F:\tools\math-audit-round10-20260925\formal-author\evidence\exact-root-01\lean-verification-runs\b29525305d2d46d1a1e9be63bb6bff7e\InspectRoot.lean:50:5: warning: Variable name `hx` is not explicitly referenced.

The binding can be removed (if unused) or named `_` (if used implicitly).

Note: This linter can be disabled with `set_option linter.unusedVariables false`
F:\tools\math-audit-round10-20260925\formal-author\evidence\exact-root-01\lean-verification-runs\b29525305d2d46d1a1e9be63bb6bff7e\InspectRoot.lean:50:44: warning: Variable name `hy` is not explicitly referenced.

The binding can be removed (if unused) or named `_` (if used implicitly).

Note: This linter can be disabled with `set_option linter.unusedVariables false`
F:\tools\math-audit-round10-20260925\formal-author\evidence\exact-root-01\lean-verification-runs\b29525305d2d46d1a1e9be63bb6bff7e\InspectRoot.lean:53:5: warning: Variable name `hc` is not explicitly referenced.

The binding can be removed (if unused) or named `_` (if used implicitly).

Note: This linter can be disabled with `set_option linter.unusedVariables false`
F:\tools\math-audit-round10-20260925\formal-author\evidence\exact-root-01\lean-verification-runs\b29525305d2d46d1a1e9be63bb6bff7e\InspectRoot.lean:54:5: warning: Variable name `hm` is not explicitly referenced.

The binding can be removed (if unused) or named `_` (if used implicitly).

Note: This linter can be disabled with `set_option linter.unusedVariables false`
F:\tools\math-audit-round10-20260925\formal-author\evidence\exact-root-01\lean-verification-runs\b29525305d2d46d1a1e9be63bb6bff7e\InspectRoot.lean:55:23: warning: Variable name `ha` is not explicitly referenced.

The binding can be removed (if unused) or named `_` (if used implicitly).

Note: This linter can be disabled with `set_option linter.unusedVariables false`
F:\tools\math-audit-round10-20260925\formal-author\evidence\exact-root-01\lean-verification-runs\b29525305d2d46d1a1e9be63bb6bff7e\InspectRoot.lean:55:36: warning: Variable name `hab` is not explicitly referenced.

The binding can be removed (if unused) or named `_` (if used implicitly).

Note: This linter can be disabled with `set_option linter.unusedVariables false`
F:\tools\math-audit-round10-20260925\formal-author\evidence\exact-root-01\lean-verification-runs\b29525305d2d46d1a1e9be63bb6bff7e\InspectRoot.lean:56:5: warning: Variable name `hl` is not explicitly referenced.

The binding can be removed (if unused) or named `_` (if used implicitly).

Note: This linter can be disabled with `set_option linter.unusedVariables false`
F:\tools\math-audit-round10-20260925\formal-author\evidence\exact-root-01\lean-verification-runs\b29525305d2d46d1a1e9be63bb6bff7e\InspectRoot.lean:56:38: warning: Variable name `hr` is not explicitly referenced.

The binding can be removed (if unused) or named `_` (if used implicitly).

Note: This linter can be disabled with `set_option linter.unusedVariables false`
F:\tools\math-audit-round10-20260925\formal-author\evidence\exact-root-01\lean-verification-runs\b29525305d2d46d1a1e9be63bb6bff7e\InspectRoot.lean:59:5: warning: Variable name `hm` is not explicitly referenced.

The binding can be removed (if unused) or named `_` (if used implicitly).

Note: This linter can be disabled with `set_option linter.unusedVariables false`
F:\tools\math-audit-round10-20260925\formal-author\evidence\exact-root-01\lean-verification-runs\b29525305d2d46d1a1e9be63bb6bff7e\InspectRoot.lean:60:5: warning: Variable name `hx` is not explicitly referenced.

The binding can be removed (if unused) or named `_` (if used implicitly).

Note: This linter can be disabled with `set_option linter.unusedVariables false`
F:\tools\math-audit-round10-20260925\formal-author\evidence\exact-root-01\lean-verification-runs\b29525305d2d46d1a1e9be63bb6bff7e\InspectRoot.lean:60:44: warning: Variable name `hy` is not explicitly referenced.

The binding can be removed (if unused) or named `_` (if used implicitly).

Note: This linter can be disabled with `set_option linter.unusedVariables false`
F:\tools\math-audit-round10-20260925\formal-author\evidence\exact-root-01\lean-verification-runs\b29525305d2d46d1a1e9be63bb6bff7e\InspectRoot.lean:63:5: warning: Variable name `hm` is not explicitly referenced.

The binding can be removed (if unused) or named `_` (if used implicitly).

Note: This linter can be disabled with `set_option linter.unusedVariables false`
F:\tools\math-audit-round10-20260925\formal-author\evidence\exact-root-01\lean-verification-runs\b29525305d2d46d1a1e9be63bb6bff7e\InspectRoot.lean:64:5: warning: Variable name `hi` is not explicitly referenced.

The binding can be removed (if unused) or named `_` (if used implicitly).

Note: This linter can be disabled with `set_option linter.unusedVariables false`
F:\tools\math-audit-round10-20260925\formal-author\evidence\exact-root-01\lean-verification-runs\b29525305d2d46d1a1e9be63bb6bff7e\InspectRoot.lean:64:29: warning: Variable name `hr` is not explicitly referenced.

The binding can be removed (if unused) or named `_` (if used implicitly).

Note: This linter can be disabled with `set_option linter.unusedVariables false`
F:\tools\math-audit-round10-20260925\formal-author\evidence\exact-root-01\lean-verification-runs\b29525305d2d46d1a1e9be63bb6bff7e\InspectRoot.lean:67:5: warning: Variable name `hc` is not explicitly referenced.

The binding can be removed (if unused) or named `_` (if used implicitly).

Note: This linter can be disabled with `set_option linter.unusedVariables false`
F:\tools\math-audit-round10-20260925\formal-author\evidence\exact-root-01\lean-verification-runs\b29525305d2d46d1a1e9be63bb6bff7e\InspectRoot.lean:68:5: warning: Variable name `hm` is not explicitly referenced.

The binding can be removed (if unused) or named `_` (if used implicitly).

Note: This linter can be disabled with `set_option linter.unusedVariables false`
F:\tools\math-audit-round10-20260925\formal-author\evidence\exact-root-01\lean-verification-runs\b29525305d2d46d1a1e9be63bb6bff7e\InspectRoot.lean:69:21: warning: Variable name `hi` is not explicitly referenced.

The binding can be removed (if unused) or named `_` (if used implicitly).

Note: This linter can be disabled with `set_option linter.unusedVariables false`
F:\tools\math-audit-round10-20260925\formal-author\evidence\exact-root-01\lean-verification-runs\b29525305d2d46d1a1e9be63bb6bff7e\InspectRoot.lean:70:5: warning: Variable name `hleft` is not explicitly referenced.

The binding can be removed (if unused) or named `_` (if used implicitly).

Note: This linter can be disabled with `set_option linter.unusedVariables false`
F:\tools\math-audit-round10-20260925\formal-author\evidence\exact-root-01\lean-verification-runs\b29525305d2d46d1a1e9be63bb6bff7e\InspectRoot.lean:70:31: warning: Variable name `horder` is not explicitly referenced.

The binding can be removed (if unused) or named `_` (if used implicitly).

Note: This linter can be disabled with `set_option linter.unusedVariables false`
F:\tools\math-audit-round10-20260925\formal-author\evidence\exact-root-01\lean-verification-runs\b29525305d2d46d1a1e9be63bb6bff7e\InspectRoot.lean:71:5: warning: Variable name `hl` is not explicitly referenced.

The binding can be removed (if unused) or named `_` (if used implicitly).

Note: This linter can be disabled with `set_option linter.unusedVariables false`
F:\tools\math-audit-round10-20260925\formal-author\evidence\exact-root-01\lean-verification-runs\b29525305d2d46d1a1e9be63bb6bff7e\InspectRoot.lean:72:5: warning: Variable name `hr` is not explicitly referenced.

The binding can be removed (if unused) or named `_` (if used implicitly).

Note: This linter can be disabled with `set_option linter.unusedVariables false`
