\BOOKMARK [1][-]{section.1}{\376\377\225\356\230\230\213\276\177\156\116\016\116\073\133\232\164\006}{}% 1
\BOOKMARK [2][-]{subsection.1.1}{\376\377\213\276\133\232}{section.1}% 2
\BOOKMARK [2][-]{subsection.1.2}{\376\377\116\073\133\232\164\006\000\040\000\050\166\356\150\007\226\110\217\360\000\051}{section.1}% 3
\BOOKMARK [1][-]{section.2}{\376\377\137\122\176\246\133\232\164\006\000\040\000\050\000O\0001\000\051}{}% 4
\BOOKMARK [1][-]{section.3}{\376\377\116\044\127\127\165\114\000\040\000\050\000O\0003\000b\000\050\0001\000\051\000\051}{}% 5
\BOOKMARK [1][-]{section.4}{\376\377\133\371\171\360\127\222\145\317\166\204\123\125\153\041\172\177\226\366\000\040\000\050\000O\0002\000\051}{}% 6
\BOOKMARK [2][-]{subsection.4.1}{\376\377\123\112\225\356\230\230\137\122\176\246\116\016\000\040\000s\000e\000c\000u\000l\000a\000r\000\040\145\271\172\013}{section.4}% 7
\BOOKMARK [2][-]{subsection.4.2}{\376\377\000D\000\050\000c\000\051\000,\000\040\000F\000\050\000c\000\051\000\040\116\016\172\357\160\271}{section.4}% 8
\BOOKMARK [2][-]{subsection.4.3}{\376\377\000K\000E\000Y\000\040\000L\000E\000M\000M\000A\000\040\166\204\226\110\217\360}{section.4}% 9
\BOOKMARK [2][-]{subsection.4.4}{\376\377\000K\000E\000Y\000\040\000L\000E\000M\000M\000A\000\040\166\204\213\301\146\016}{section.4}% 10
\BOOKMARK [3][-]{subsubsection.4.4.1}{\376\377\137\122\176\246\122\060\126\333\137\025\164\006}{subsection.4.4}% 11
\BOOKMARK [3][-]{subsubsection.4.4.2}{\376\377\000\050\000q\000,\000u\000\051\000\040\143\142\121\103\116\016\173\046\123\367\140\122\173\111\137\017}{subsection.4.4}% 12
\BOOKMARK [3][-]{subsubsection.4.4.3}{\376\377\000M\0002\000:\000\040\000d\000I\000N\000/\000d\000u\000\040\000<\000\040\0000}{subsection.4.4}% 13
\BOOKMARK [3][-]{subsubsection.4.4.4}{\376\377\000C\000O\000R\000N\000E\000R\000\040\116\016\000\040\000C\0004}{subsection.4.4}% 14
\BOOKMARK [3][-]{subsubsection.4.4.5}{\376\377\000R\0001\000\040\116\016\000\040\000R\0002}{subsection.4.4}% 15
\BOOKMARK [3][-]{subsubsection.4.4.6}{\376\377\000K\000E\000Y\000\040\000L\000E\000M\000M\000A\000\040\213\301\146\016\133\214\142\020}{subsection.4.4}% 16
\BOOKMARK [2][-]{subsection.4.5}{\376\377\000O\0002\000\040\176\323\213\272}{section.4}% 17
\BOOKMARK [1][-]{section.5}{\376\377\133\371\171\360\116\064\165\114\160\271\125\057\116\000\140\047\000\040\000\050\000O\0003\000a\000\051\000\040\116\016\116\073\133\232\164\006\124\010\142\020}{}% 18
\BOOKMARK [2][-]{subsection.5.1}{\376\377\213\260\123\367}{section.5}% 19
\BOOKMARK [2][-]{subsection.5.2}{\376\377\135\362\213\301\176\323\147\204\137\025\164\006\000\040\000P\0001\040\023\000P\0004}{section.5}% 20
\BOOKMARK [2][-]{subsection.5.3}{\376\377\123\315\134\004\176\323\147\204\000\040\000R\0001\040\023\000R\0006\000\040\000\050\000r\000u\000n\000\040\000R\000-\0002\0000\0002\0006\0000\0008\0000\0006\000T\0001\0004\0000\0000\0000\0000\000Z\000-\000o\0003\000a\000c\0001\000-\0004\0002\000F\0009\0003\0001\000\051}{section.5}% 21
\BOOKMARK [2][-]{subsection.5.4}{\376\377\000C\0001\000\040\166\204\211\343\121\263\162\266\140\001\000\040\000\050\000O\0003\000a\000\040\135\362\225\355\124\010\000\051}{section.5}% 22
\BOOKMARK [1][-]{section.6}{\376\377\116\073\133\232\164\006\166\204\124\010\142\020\213\301\146\016}{}% 23
\BOOKMARK [1][-]{section.7}{\376\377\000I\000N\000F\000\040\147\201\226\120\000:\000\040\000R\000\040\000t\000o\000\040\000i\000n\000f\000i\000n\000i\000t\000y\000\040\145\366\000\040\000m\000-\000R\000\040\166\204\156\020\217\321\000\040\000\050\117\032\213\335\000\040\0003\0000\000\051}{}% 24
\BOOKMARK [1][-]{section.8}{\376\377\145\160\120\074\232\214\213\301\154\107\140\073}{}% 25
\BOOKMARK [1][-]{section.9}{\376\377\155\211\123\312\122\060\166\204\145\160\133\146\167\345\213\306}{}% 26
\BOOKMARK [1][-]{section.10}{\376\377\145\207\163\056}{}% 27
