{
	"manifest": "/mnt/f/tools/math-audit-round11-20260926/formal-author/evidence/closure-missing-target-01/run-manifest.json",
	"files_scanned": 1,
	"hits": [
		{
			"file": "/mnt/f/tools/math-audit-round11-20260926/formal-author/closure-control-project/ClosureControl.lean",
			"line": 2,
			"kind": "axiom"
		}
	],
	"build_exit_code": 1,
	"machine_verification_passed": false,
	"exact_root_passed": false,
	"root_closure": {
		"status": "incomplete",
		"exact_root_passed": false,
		"reason": "execution or evidence is incomplete"
	},
	"semantic": {
		"status": "not_reviewed",
		"reused": false,
		"semantic_sha256": null
	}
}
