01-runtime-version exit 0 seconds 0.19
02-maintained-positive exit 0 seconds 597.7
03-compiling-positive-control exit 0 seconds 17.46
04-public-inspection exit 0 seconds 23.32
05-root-resolution exit 0 seconds 0.1
06-maintained-wrong-expected-type exit 1 seconds 567.98
{
  "status": "passed",
  "role": "author_execution_not_independent_review",
  "source_sha256": "f765205b55ee454261a1a365e157ffa4f4f0202662c450b8a9c92328820a7c3e",
  "declaration": "SL.AuditRound6.local_algebra_root",
  "exact_root_passed": true,
  "root_axioms": [
    "propext",
    "Classical.choice",
    "Quot.sound"
  ],
  "public_declarations": 36,
  "public_theorems": 21,
  "wrong_expected_type_rejected": true,
  "positive_control_exit_code": 0,
  "inputs_unchanged": true,
  "positive_manifest": "/mnt/f/tools/math-audit-round6-20260921/lean-author/replay-author-02/positive/run-manifest.json",
  "independent_review": "not_performed"
}
