CONFIRMED: R8 revised whole-sliver constants
CONFIRMED: R8 revised large-w difference margins
CONFIRMED: R8 continuous B(t)<8 proof constants
CONFIRMED: Current T3 root endpoints have opposite signs
CONFIRMED: Current T3 public intervals re-enclosed
CONFIRMED: Current T3 strict comparison margins
CONFIRMED: Independent checker rejects false arithmetic candidates
CONFIRMED: Pole-free phase sampling of the new global bound
CONFIRMED: New large-w difference estimates sampled
CONFIRMED: Correct reflection identity for normalized matrices
CONFIRMED: Unnormalized F reflection theorem is false
CONFIRMED: Balanced candidate monotonicity and limiting value sampled
CONFIRMED: Block-average orthogonality is not density tangency
CONFIRMED: Source n2 R4 table also exposes false tangency
CONFIRMED: Normalized eigenfunction derivative needs the kernel component
CONFIRMED: Reduced Green diagonal at the midpoint is finite
CONFIRMED: Normalized narrow bumps have finite lambda1 second-variation limit
CONFIRMED: Narrow-bump finite sums corroborate the finite limit
CONFIRMED: The adjacent-gap narrow-bump form also has a finite limit
CONFIRMED: Moving-interface acceleration gives a finite delta-prime term
TOTAL 20
SOURCE CASE ACTUAL FIRST VARIATION: -1.2468476907831298074897551717
BUMP CHECKS: [{'eta': 0.05, 'truncated_second_variation': np.float64(64.013065251224), 'absolute_tail_upper': 0.0007895644042848663}, {'eta': 0.02, 'truncated_second_variation': np.float64(61.54982481038833), 'absolute_tail_upper': 0.0007895644042848663}, {'eta': 0.005, 'truncated_second_variation': np.float64(59.85069142267032), 'absolute_tail_upper': 0.0007895644042848663}, {'eta': 0.001, 'truncated_second_variation': np.float64(59.3468550354889), 'absolute_tail_upper': 0.0007895644042848663}]
