test_asserted_regressions_exit_nonzero (__main__.BehaviorChecks.test_asserted_regressions_exit_nonzero) ... ok
test_bounded_perturbation_counterexample (__main__.BehaviorChecks.test_bounded_perturbation_counterexample) ... ok
test_exact_logs_beyond_float_range (__main__.BehaviorChecks.test_exact_logs_beyond_float_range) ... ok
test_exact_polynomial_coefficients (__main__.BehaviorChecks.test_exact_polynomial_coefficients) ... ok
test_exact_zero_rejected_and_tiny_positive_recomputed (__main__.BehaviorChecks.test_exact_zero_rejected_and_tiny_positive_recomputed) ... ok
test_finite_diagonal_sums_against_rationals (__main__.BehaviorChecks.test_finite_diagonal_sums_against_rationals) ... ok
test_gamma_normalization_against_exact_product (__main__.BehaviorChecks.test_gamma_normalization_against_exact_product) ... ok
test_general_solution_is_not_product (__main__.BehaviorChecks.test_general_solution_is_not_product) ... ok
test_imports_are_quiet_and_preserve_precision (__main__.BehaviorChecks.test_imports_are_quiet_and_preserve_precision) ... ok
test_initial_values_and_empty_prefix (__main__.BehaviorChecks.test_initial_values_and_empty_prefix) ... ok
test_log_solver_against_exact_recurrence (__main__.BehaviorChecks.test_log_solver_against_exact_recurrence) ... ok
test_log_solver_c0_and_large_ratios (__main__.BehaviorChecks.test_log_solver_c0_and_large_ratios) ... ok
test_log_solver_cancellation_and_nonpositive_steps (__main__.BehaviorChecks.test_log_solver_cancellation_and_nonpositive_steps) ... ok
test_main_uses_exact_log_k (__main__.BehaviorChecks.test_main_uses_exact_log_k) ... ok
test_multistep_positive_and_nonpositive_ratios (__main__.BehaviorChecks.test_multistep_positive_and_nonpositive_ratios) ... ok
test_multistep_zero_and_negative_review_regressions (__main__.BehaviorChecks.test_multistep_zero_and_negative_review_regressions) ... ok
test_sparse_indices_and_plateaus (__main__.BehaviorChecks.test_sparse_indices_and_plateaus) ... ok

----------------------------------------------------------------------
Ran 17 tests in 5.900s

OK
